[    0.000000] Initializing cgroup subsys cpuset
[    0.000000] Initializing cgroup subsys cpu
[    0.000000] Initializing cgroup subsys cpuacct
[    0.000000] Linux version 3.10.0-862.11.6.el7.x86_64 (builder@kbuilder.dev.centos.org) (gcc version 4.8.5 20150623 (Red Hat 4.8.5-28) (GCC) ) #1 SMP Tue Aug 14 21:49:04 UTC 2018
[    0.000000] Command line: BOOT_IMAGE=/boot/vmlinuz-3.10.0-862.11.6.el7.x86_64 root=UUID=fcb26450-df3b-4470-a0d7-f370f2b664fc ro crashkernel=auto rhgb quiet LANG=en_US.UTF-8
[    0.000000] Disabled fast string operations
[    0.000000] e820: BIOS-provided physical RAM map:
[    0.000000] BIOS-e820: [mem 0x0000000000000000-0x000000000009f7ff] usable
[    0.000000] BIOS-e820: [mem 0x000000000009f800-0x000000000009ffff] reserved
[    0.000000] BIOS-e820: [mem 0x00000000000dc000-0x00000000000fffff] reserved
[    0.000000] BIOS-e820: [mem 0x0000000000100000-0x00000000bfeeffff] usable
[    0.000000] BIOS-e820: [mem 0x00000000bfef0000-0x00000000bfefefff] ACPI data
[    0.000000] BIOS-e820: [mem 0x00000000bfeff000-0x00000000bfefffff] ACPI NVS
[    0.000000] BIOS-e820: [mem 0x00000000bff00000-0x00000000bfffffff] usable
[    0.000000] BIOS-e820: [mem 0x00000000f0000000-0x00000000f7ffffff] reserved
[    0.000000] BIOS-e820: [mem 0x00000000fec00000-0x00000000fec0ffff] reserved
[    0.000000] BIOS-e820: [mem 0x00000000fee00000-0x00000000fee00fff] reserved
[    0.000000] BIOS-e820: [mem 0x00000000fffe0000-0x00000000ffffffff] reserved
[    0.000000] BIOS-e820: [mem 0x0000000100000000-0x000000013fffffff] usable
[    0.000000] NX (Execute Disable) protection: active
[    0.000000] SMBIOS 2.4 present.
[    0.000000] DMI: VMware, Inc. VMware Virtual Platform/440BX Desktop Reference Platform, BIOS 6.00 04/05/2016
[    0.000000] Hypervisor detected: VMware
[    0.000000] Host bus clock speed read from hypervisor : 66000000 Hz
[    0.000000] e820: update [mem 0x00000000-0x00000fff] usable ==> reserved
[    0.000000] e820: remove [mem 0x000a0000-0x000fffff] usable
[    0.000000] e820: last_pfn = 0x140000 max_arch_pfn = 0x400000000
[    0.000000] MTRR default type: uncachable
[    0.000000] MTRR fixed ranges enabled:
[    0.000000]   00000-9FFFF write-back
[    0.000000]   A0000-BFFFF uncachable
[    0.000000]   C0000-CBFFF write-protect
[    0.000000]   CC000-EFFFF uncachable
[    0.000000]   F0000-FFFFF write-protect
[    0.000000] MTRR variable ranges enabled:
[    0.000000]   0 base 000C0000000 mask 7FFC0000000 uncachable
[    0.000000]   1 base 00000000000 mask 7FE00000000 write-back
[    0.000000]   2 disabled
[    0.000000]   3 disabled
[    0.000000]   4 disabled
[    0.000000]   5 disabled
[    0.000000]   6 disabled
[    0.000000]   7 disabled
[    0.000000] PAT configuration [0-7]: WB  WC  UC- UC  WB  WP  UC- UC  
[    0.000000] original variable MTRRs
[    0.000000] reg 0, base: 3GB, range: 1GB, type UC
[    0.000000] reg 1, base: 0GB, range: 8GB, type WB
[    0.000000] total RAM covered: 7168M
[    0.000000] Found optimal setting for mtrr clean up
[    0.000000]  gran_size: 64K 	chunk_size: 8G 	num_reg: 2  	lose cover RAM: 0G
[    0.000000] New variable MTRRs
[    0.000000] reg 0, base: 0GB, range: 8GB, type WB
[    0.000000] reg 1, base: 3GB, range: 1GB, type UC
[    0.000000] e820: update [mem 0xc0000000-0xffffffff] usable ==> reserved
[    0.000000] e820: last_pfn = 0xc0000 max_arch_pfn = 0x400000000
[    0.000000] found SMP MP-table at [mem 0x000f6a80-0x000f6a8f] mapped at [ffffffffff200a80]
[    0.000000] Base memory trampoline at [ffff908300099000] 99000 size 24576
[    0.000000] BRK [0x54e30000, 0x54e30fff] PGTABLE
[    0.000000] BRK [0x54e31000, 0x54e31fff] PGTABLE
[    0.000000] BRK [0x54e32000, 0x54e32fff] PGTABLE
[    0.000000] BRK [0x54e33000, 0x54e33fff] PGTABLE
[    0.000000] BRK [0x54e34000, 0x54e34fff] PGTABLE
[    0.000000] RAMDISK: [mem 0x35c09000-0x36dfcfff]
[    0.000000] Early table checksum verification disabled
[    0.000000] ACPI: RSDP 00000000000f6a10 00024 (v02 PTLTD )
[    0.000000] ACPI: XSDT 00000000bfef01d3 0005C (v01 INTEL  440BX    06040000 VMW  01324272)
[    0.000000] ACPI: FACP 00000000bfefee73 000F4 (v04 INTEL  440BX    06040000 PTL  000F4240)
[    0.000000] ACPI: DSDT 00000000bfef0459 0EA1A (v01 PTLTD  Custom   06040000 MSFT 03000001)
[    0.000000] ACPI: FACS 00000000bfefffc0 00040
[    0.000000] ACPI: BOOT 00000000bfef0431 00028 (v01 PTLTD  $SBFTBL$ 06040000  LTP 00000001)
[    0.000000] ACPI: APIC 00000000bfef03d3 0005E (v01 PTLTD  ? APIC   06040000  LTP 00000000)
[    0.000000] ACPI: MCFG 00000000bfef0397 0003C (v01 PTLTD  $PCITBL$ 06040000  LTP 00000001)
[    0.000000] ACPI: SRAT 00000000bfef02cf 000C8 (v02 VMWARE MEMPLUG  06040000 VMW  00000001)
[    0.000000] ACPI: HPET 00000000bfef0297 00038 (v01 VMWARE VMW HPET 06040000 VMW  00000001)
[    0.000000] ACPI: WAET 00000000bfef026f 00028 (v01 VMWARE VMW WAET 06040000 VMW  00000001)
[    0.000000] ACPI: Local APIC address 0xfee00000
[    0.000000] SRAT: PXM 0 -> APIC 0x00 -> Node 0
[    0.000000] SRAT: PXM 0 -> APIC 0x01 -> Node 0
[    0.000000] SRAT: Node 0 PXM 0 [mem 0x00000000-0x0009ffff]
[    0.000000] SRAT: Node 0 PXM 0 [mem 0x00100000-0xbfffffff]
[    0.000000] SRAT: Node 0 PXM 0 [mem 0x100000000-0x13fffffff]
[    0.000000] NUMA: Node 0 [mem 0x00000000-0x0009ffff] + [mem 0x00100000-0xbfffffff] -> [mem 0x00000000-0xbfffffff]
[    0.000000] NUMA: Node 0 [mem 0x00000000-0xbfffffff] + [mem 0x100000000-0x13fffffff] -> [mem 0x00000000-0x13fffffff]
[    0.000000] NODE_DATA(0) allocated [mem 0x13ffd6000-0x13fffcfff]
[    0.000000] Reserving 161MB of memory at 688MB for crashkernel (System RAM: 4095MB)
[    0.000000] Zone ranges:
[    0.000000]   DMA      [mem 0x00001000-0x00ffffff]
[    0.000000]   DMA32    [mem 0x01000000-0xffffffff]
[    0.000000]   Normal   [mem 0x100000000-0x13fffffff]
[    0.000000] Movable zone start for each node
[    0.000000] Early memory node ranges
[    0.000000]   node   0: [mem 0x00001000-0x0009efff]
[    0.000000]   node   0: [mem 0x00100000-0xbfeeffff]
[    0.000000]   node   0: [mem 0xbff00000-0xbfffffff]
[    0.000000]   node   0: [mem 0x100000000-0x13fffffff]
[    0.000000] Initmem setup node 0 [mem 0x00001000-0x13fffffff]
[    0.000000] On node 0 totalpages: 1048462
[    0.000000]   DMA zone: 64 pages used for memmap
[    0.000000]   DMA zone: 21 pages reserved
[    0.000000]   DMA zone: 3998 pages, LIFO batch:0
[    0.000000]   DMA32 zone: 12224 pages used for memmap
[    0.000000]   DMA32 zone: 782320 pages, LIFO batch:31
[    0.000000]   Normal zone: 4096 pages used for memmap
[    0.000000]   Normal zone: 262144 pages, LIFO batch:31
[    0.000000] ACPI: PM-Timer IO Port: 0x1008
[    0.000000] ACPI: Local APIC address 0xfee00000
[    0.000000] ACPI: LAPIC (acpi_id[0x00] lapic_id[0x00] enabled)
[    0.000000] ACPI: LAPIC (acpi_id[0x01] lapic_id[0x01] enabled)
[    0.000000] ACPI: LAPIC_NMI (acpi_id[0x00] high edge lint[0x1])
[    0.000000] ACPI: LAPIC_NMI (acpi_id[0x01] high edge lint[0x1])
[    0.000000] ACPI: IOAPIC (id[0x02] address[0xfec00000] gsi_base[0])
[    0.000000] IOAPIC[0]: apic_id 2, version 17, address 0xfec00000, GSI 0-23
[    0.000000] ACPI: INT_SRC_OVR (bus 0 bus_irq 0 global_irq 2 high edge)
[    0.000000] ACPI: IRQ0 used by override.
[    0.000000] ACPI: IRQ9 used by override.
[    0.000000] Using ACPI (MADT) for SMP configuration information
[    0.000000] ACPI: HPET id: 0x8086af01 base: 0xfed00000
[    0.000000] smpboot: Allowing 2 CPUs, 0 hotplug CPUs
[    0.000000] PM: Registered nosave memory: [mem 0x0009f000-0x0009ffff]
[    0.000000] PM: Registered nosave memory: [mem 0x000a0000-0x000dbfff]
[    0.000000] PM: Registered nosave memory: [mem 0x000dc000-0x000fffff]
[    0.000000] PM: Registered nosave memory: [mem 0xbfef0000-0xbfefefff]
[    0.000000] PM: Registered nosave memory: [mem 0xbfeff000-0xbfefffff]
[    0.000000] PM: Registered nosave memory: [mem 0xc0000000-0xefffffff]
[    0.000000] PM: Registered nosave memory: [mem 0xf0000000-0xf7ffffff]
[    0.000000] PM: Registered nosave memory: [mem 0xf8000000-0xfebfffff]
[    0.000000] PM: Registered nosave memory: [mem 0xfec00000-0xfec0ffff]
[    0.000000] PM: Registered nosave memory: [mem 0xfec10000-0xfedfffff]
[    0.000000] PM: Registered nosave memory: [mem 0xfee00000-0xfee00fff]
[    0.000000] PM: Registered nosave memory: [mem 0xfee01000-0xfffdffff]
[    0.000000] PM: Registered nosave memory: [mem 0xfffe0000-0xffffffff]
[    0.000000] e820: [mem 0xc0000000-0xefffffff] available for PCI devices
[    0.000000] Booting paravirtualized kernel on bare hardware
[    0.000000] setup_percpu: NR_CPUS:5120 nr_cpumask_bits:2 nr_cpu_ids:2 nr_node_ids:1
[    0.000000] PERCPU: Embedded 35 pages/cpu @ffff90843fc00000 s104920 r8192 d30248 u1048576
[    0.000000] pcpu-alloc: s104920 r8192 d30248 u1048576 alloc=1*2097152
[    0.000000] pcpu-alloc: [0] 0 1 
[    0.000000] Built 1 zonelists in Node order, mobility grouping on.  Total pages: 1032057
[    0.000000] Policy zone: Normal
[    0.000000] Kernel command line: BOOT_IMAGE=/boot/vmlinuz-3.10.0-862.11.6.el7.x86_64 root=UUID=fcb26450-df3b-4470-a0d7-f370f2b664fc ro crashkernel=auto rhgb quiet LANG=en_US.UTF-8
[    0.000000] PID hash table entries: 4096 (order: 3, 32768 bytes)
[    0.000000] x86/fpu: xstate_offset[2]: 0240, xstate_sizes[2]: 0100
[    0.000000] xsave: enabled xstate_bv 0x7, cntxt size 0x340 using standard form
[    0.000000] Memory: 3859552k/5242880k available (7348k kernel code, 1049032k absent, 334296k reserved, 6281k data, 1836k init)
[    0.000000] SLUB: HWalign=64, Order=0-3, MinObjects=0, CPUs=2, Nodes=1
[    0.000000] x86/pti: Unmapping kernel while in userspace
[    0.000000] Hierarchical RCU implementation.
[    0.000000] 	RCU restricting CPUs from NR_CPUS=5120 to nr_cpu_ids=2.
[    0.000000] NR_IRQS:327936 nr_irqs:440 0
[    0.000000] Console: colour VGA+ 80x25
[    0.000000] console [tty0] enabled
[    0.000000] allocated 16777216 bytes of page_cgroup
[    0.000000] please try 'cgroup_disable=memory' option if you don't want memory cgroups
[    0.000000] hpet clockevent registered
[    0.000000] TSC freq read from hypervisor : 2194.843 MHz
[    0.000000] TSC freq read from hypervisor : 2194.843 MHz
[    0.000000] tsc: Detected 2194.843 MHz processor
[    0.000102] Calibrating delay loop (skipped) preset value.. 4389.68 BogoMIPS (lpj=2194843)
[    0.000105] pid_max: default: 32768 minimum: 301
[    0.000128] Security Framework initialized
[    0.000136] SELinux:  Initializing.
[    0.000142] SELinux:  Starting in permissive mode
[    0.000143] Yama: becoming mindful.
[    0.000456] Dentry cache hash table entries: 524288 (order: 10, 4194304 bytes)
[    0.001464] Inode-cache hash table entries: 262144 (order: 9, 2097152 bytes)
[    0.001849] Mount-cache hash table entries: 8192 (order: 4, 65536 bytes)
[    0.001854] Mountpoint-cache hash table entries: 8192 (order: 4, 65536 bytes)
[    0.002079] Initializing cgroup subsys memory
[    0.002088] Initializing cgroup subsys devices
[    0.002090] Initializing cgroup subsys freezer
[    0.002091] Initializing cgroup subsys net_cls
[    0.002092] Initializing cgroup subsys blkio
[    0.002093] Initializing cgroup subsys perf_event
[    0.002094] Initializing cgroup subsys hugetlb
[    0.002096] Initializing cgroup subsys pids
[    0.002097] Initializing cgroup subsys net_prio
[    0.002148] Disabled fast string operations
[    0.003402] mce: CPU supports 8 MCE banks
[    0.003447] Last level iTLB entries: 4KB 0, 2MB 0, 4MB 0
[    0.003448] Last level dTLB entries: 4KB 64, 2MB 0, 4MB 0
[    0.003449] tlb_flushall_shift: 2
[    0.003451] Speculative Store Bypass: Vulnerable
[    0.003452] FEATURE SPEC_CTRL Not Present
[    0.003453] FEATURE IBPB_SUPPORT Not Present
[    0.003681] Spectre V2 : Vulnerable: Retpoline without IBPB
[    0.004028] Freeing SMP alternatives: 24k freed
[    0.008578] ACPI: Core revision 20130517
[    0.015623] ACPI: All ACPI Tables successfully acquired
[    0.017523] ftrace: allocating 28097 entries in 110 pages
[    0.053301] Enabling x2apic
[    0.053399] Enabled x2apic
[    0.053738] Switched APIC routing to physical x2apic.
[    0.055381] ..TIMER: vector=0x30 apic1=0 pin1=2 apic2=-1 pin2=-1
[    0.055383] smpboot: CPU0: Intel(R) Xeon(R) Silver 4114 CPU @ 2.20GHz (fam: 06, model: 3a, stepping: 00)
[    0.055404] TSC deadline timer enabled
[    0.055455] Performance Events: 16-deep LBR, IvyBridge events, core PMU driver.
[    0.055470] core: CPUID marked event: 'cpu cycles' unavailable
[    0.055471] core: CPUID marked event: 'instructions' unavailable
[    0.055472] core: CPUID marked event: 'bus cycles' unavailable
[    0.055473] core: CPUID marked event: 'cache references' unavailable
[    0.055474] core: CPUID marked event: 'cache misses' unavailable
[    0.055475] core: CPUID marked event: 'branch instructions' unavailable
[    0.055476] core: CPUID marked event: 'branch misses' unavailable
[    0.055479] ... version:                1
[    0.055480] ... bit width:              48
[    0.055481] ... generic registers:      4
[    0.055482] ... value mask:             0000ffffffffffff
[    0.055483] ... max period:             000000007fffffff
[    0.055484] ... fixed-purpose events:   0
[    0.055486] ... event mask:             000000000000000f
[    0.057287] NMI watchdog: disabled (cpu0): hardware events not enabled
[    0.057288] NMI watchdog: Shutting down hard lockup detector on all cpus
[    0.057359] smpboot: Booting Node   0, Processors  #1 OK
[    0.057937] Disabled fast string operations
[    0.059362] Skipped synchronization checks as TSC is reliable.
[    0.059388] Brought up 2 CPUs
[    0.059389] smpboot: Max logical packages: 1
[    0.059391] smpboot: Total of 2 processors activated (8779.37 BogoMIPS)
[    0.059806] devtmpfs: initialized
[    0.062071] EVM: security.selinux
[    0.062072] EVM: security.ima
[    0.062073] EVM: security.capability
[    0.062138] PM: Registering ACPI NVS region [mem 0xbfeff000-0xbfefffff] (4096 bytes)
[    0.063190] atomic64 test passed for x86-64 platform with CX8 and with SSE
[    0.063192] pinctrl core: initialized pinctrl subsystem
[    0.063306] RTC time: 17:54:20, date: 08/31/18
[    0.063385] NET: Registered protocol family 16
[    0.063562] ACPI: bus type PCI registered
[    0.063564] acpiphp: ACPI Hot Plug PCI Controller Driver version: 0.5
[    0.063723] PCI: MMCONFIG for domain 0000 [bus 00-7f] at [mem 0xf0000000-0xf7ffffff] (base 0xf0000000)
[    0.063726] PCI: MMCONFIG at [mem 0xf0000000-0xf7ffffff] reserved in E820
[    0.063732] pmd_set_huge: Cannot satisfy [mem 0xf0000000-0xf0200000] with a huge-page mapping due to MTRR override.
[    0.063944] PCI: Using configuration type 1 for base access
[    0.063996] core: PMU erratum BJ122, BV98, HSD29 workaround disabled, HT off
[    0.068912] ACPI: Added _OSI(Module Device)
[    0.068914] ACPI: Added _OSI(Processor Device)
[    0.068916] ACPI: Added _OSI(3.0 _SCP Extensions)
[    0.068917] ACPI: Added _OSI(Processor Aggregator Device)
[    0.068919] ACPI: Added _OSI(Linux-Dell-Video)
[    0.071519] ACPI: EC: Look up EC in DSDT
[    0.076893] ACPI: [Firmware Bug]: BIOS _OSI(Linux) query ignored
[    0.083977] ACPI: Interpreter enabled
[    0.083989] ACPI: (supports S0 S1 S4 S5)
[    0.083990] ACPI: Using IOAPIC for interrupt routing
[    0.084012] PCI: Using host bridge windows from ACPI; if necessary, use "pci=nocrs" and report a bug
[    0.084167] ACPI: Enabled 4 GPEs in block 00 to 0F
[    0.132685] ACPI: PCI Root Bridge [PCI0] (domain 0000 [bus 00-7f])
[    0.132692] acpi PNP0A03:00: _OSC: OS supports [ExtendedConfig ASPM ClockPM Segments MSI]
[    0.132847] acpi PNP0A03:00: _OSC: platform does not support [AER]
[    0.133000] acpi PNP0A03:00: _OSC: OS now controls [PCIeHotplug PME PCIeCapability]
[    0.134444] PCI host bridge to bus 0000:00
[    0.134447] pci_bus 0000:00: root bus resource [bus 00-7f]
[    0.134450] pci_bus 0000:00: root bus resource [mem 0x000a0000-0x000bffff window]
[    0.134452] pci_bus 0000:00: root bus resource [mem 0x000cc000-0x000cffff window]
[    0.134454] pci_bus 0000:00: root bus resource [mem 0x000d0000-0x000d3fff window]
[    0.134455] pci_bus 0000:00: root bus resource [mem 0x000d4000-0x000d7fff window]
[    0.134457] pci_bus 0000:00: root bus resource [mem 0x000d8000-0x000dbfff window]
[    0.134459] pci_bus 0000:00: root bus resource [mem 0xc0000000-0xfebfffff window]
[    0.134461] pci_bus 0000:00: root bus resource [io  0x0000-0x0cf7 window]
[    0.134465] pci_bus 0000:00: root bus resource [io  0x0d00-0xfeff window]
[    0.134509] pci 0000:00:00.0: [8086:7190] type 00 class 0x060000
[    0.135043] pci 0000:00:01.0: [8086:7191] type 01 class 0x060400
[    0.135463] pci 0000:00:07.0: [8086:7110] type 00 class 0x060100
[    0.136032] pci 0000:00:07.1: [8086:7111] type 00 class 0x01018a
[    0.137277] pci 0000:00:07.1: reg 0x20: [io  0x1060-0x106f]
[    0.137785] pci 0000:00:07.1: legacy IDE quirk: reg 0x10: [io  0x01f0-0x01f7]
[    0.137787] pci 0000:00:07.1: legacy IDE quirk: reg 0x14: [io  0x03f6]
[    0.137789] pci 0000:00:07.1: legacy IDE quirk: reg 0x18: [io  0x0170-0x0177]
[    0.137791] pci 0000:00:07.1: legacy IDE quirk: reg 0x1c: [io  0x0376]
[    0.137975] pci 0000:00:07.3: [8086:7113] type 00 class 0x068000
[    0.139445] pci 0000:00:07.3: quirk: [io  0x1000-0x103f] claimed by PIIX4 ACPI
[    0.139456] pci 0000:00:07.3: quirk: [io  0x1040-0x104f] claimed by PIIX4 SMB
[    0.139715] pci 0000:00:07.7: [15ad:0740] type 00 class 0x088000
[    0.140402] pci 0000:00:07.7: reg 0x10: [io  0x1080-0x10bf]
[    0.141028] pci 0000:00:07.7: reg 0x14: [mem 0xfebfe000-0xfebfffff 64bit]
[    0.143791] pci 0000:00:0f.0: [15ad:0405] type 00 class 0x030000
[    0.145408] pci 0000:00:0f.0: reg 0x10: [io  0x1070-0x107f]
[    0.146939] pci 0000:00:0f.0: reg 0x14: [mem 0xe8000000-0xefffffff pref]
[    0.148470] pci 0000:00:0f.0: reg 0x18: [mem 0xfe000000-0xfe7fffff]
[    0.155069] pci 0000:00:0f.0: reg 0x30: [mem 0x00000000-0x00007fff pref]
[    0.155551] pci 0000:00:10.0: [1000:0030] type 00 class 0x010000
[    0.156855] pci 0000:00:10.0: reg 0x10: [io  0x1400-0x14ff]
[    0.157922] pci 0000:00:10.0: reg 0x14: [mem 0xfeba0000-0xfebbffff 64bit]
[    0.158943] pci 0000:00:10.0: reg 0x1c: [mem 0xfebc0000-0xfebdffff 64bit]
[    0.161126] pci 0000:00:10.0: reg 0x30: [mem 0x00000000-0x00003fff pref]
[    0.161549] pci 0000:00:11.0: [15ad:0790] type 01 class 0x060401
[    0.162136] pci 0000:00:11.0: System wakeup disabled by ACPI
[    0.162312] pci 0000:00:15.0: [15ad:07a0] type 01 class 0x060400
[    0.163010] pci 0000:00:15.0: PME# supported from D0 D3hot D3cold
[    0.163208] pci 0000:00:15.0: System wakeup disabled by ACPI
[    0.163356] pci 0000:00:15.1: [15ad:07a0] type 01 class 0x060400
[    0.164055] pci 0000:00:15.1: PME# supported from D0 D3hot D3cold
[    0.164260] pci 0000:00:15.1: System wakeup disabled by ACPI
[    0.164412] pci 0000:00:15.2: [15ad:07a0] type 01 class 0x060400
[    0.165099] pci 0000:00:15.2: PME# supported from D0 D3hot D3cold
[    0.165295] pci 0000:00:15.2: System wakeup disabled by ACPI
[    0.165423] pci 0000:00:15.3: [15ad:07a0] type 01 class 0x060400
[    0.166048] pci 0000:00:15.3: PME# supported from D0 D3hot D3cold
[    0.166227] pci 0000:00:15.3: System wakeup disabled by ACPI
[    0.166361] pci 0000:00:15.4: [15ad:07a0] type 01 class 0x060400
[    0.167011] pci 0000:00:15.4: PME# supported from D0 D3hot D3cold
[    0.167194] pci 0000:00:15.4: System wakeup disabled by ACPI
[    0.167344] pci 0000:00:15.5: [15ad:07a0] type 01 class 0x060400
[    0.168017] pci 0000:00:15.5: PME# supported from D0 D3hot D3cold
[    0.168212] pci 0000:00:15.5: System wakeup disabled by ACPI
[    0.168361] pci 0000:00:15.6: [15ad:07a0] type 01 class 0x060400
[    0.169042] pci 0000:00:15.6: PME# supported from D0 D3hot D3cold
[    0.169236] pci 0000:00:15.6: System wakeup disabled by ACPI
[    0.169382] pci 0000:00:15.7: [15ad:07a0] type 01 class 0x060400
[    0.169943] pci 0000:00:15.7: PME# supported from D0 D3hot D3cold
[    0.170096] pci 0000:00:15.7: System wakeup disabled by ACPI
[    0.170209] pci 0000:00:16.0: [15ad:07a0] type 01 class 0x060400
[    0.170804] pci 0000:00:16.0: PME# supported from D0 D3hot D3cold
[    0.170998] pci 0000:00:16.0: System wakeup disabled by ACPI
[    0.171148] pci 0000:00:16.1: [15ad:07a0] type 01 class 0x060400
[    0.171842] pci 0000:00:16.1: PME# supported from D0 D3hot D3cold
[    0.172043] pci 0000:00:16.1: System wakeup disabled by ACPI
[    0.172189] pci 0000:00:16.2: [15ad:07a0] type 01 class 0x060400
[    0.172890] pci 0000:00:16.2: PME# supported from D0 D3hot D3cold
[    0.173089] pci 0000:00:16.2: System wakeup disabled by ACPI
[    0.173235] pci 0000:00:16.3: [15ad:07a0] type 01 class 0x060400
[    0.173926] pci 0000:00:16.3: PME# supported from D0 D3hot D3cold
[    0.174127] pci 0000:00:16.3: System wakeup disabled by ACPI
[    0.174276] pci 0000:00:16.4: [15ad:07a0] type 01 class 0x060400
[    0.174974] pci 0000:00:16.4: PME# supported from D0 D3hot D3cold
[    0.175177] pci 0000:00:16.4: System wakeup disabled by ACPI
[    0.175326] pci 0000:00:16.5: [15ad:07a0] type 01 class 0x060400
[    0.176024] pci 0000:00:16.5: PME# supported from D0 D3hot D3cold
[    0.176226] pci 0000:00:16.5: System wakeup disabled by ACPI
[    0.176374] pci 0000:00:16.6: [15ad:07a0] type 01 class 0x060400
[    0.177008] pci 0000:00:16.6: PME# supported from D0 D3hot D3cold
[    0.177181] pci 0000:00:16.6: System wakeup disabled by ACPI
[    0.177304] pci 0000:00:16.7: [15ad:07a0] type 01 class 0x060400
[    0.177962] pci 0000:00:16.7: PME# supported from D0 D3hot D3cold
[    0.178153] pci 0000:00:16.7: System wakeup disabled by ACPI
[    0.178298] pci 0000:00:17.0: [15ad:07a0] type 01 class 0x060400
[    0.178966] pci 0000:00:17.0: PME# supported from D0 D3hot D3cold
[    0.179158] pci 0000:00:17.0: System wakeup disabled by ACPI
[    0.179309] pci 0000:00:17.1: [15ad:07a0] type 01 class 0x060400
[    0.179984] pci 0000:00:17.1: PME# supported from D0 D3hot D3cold
[    0.180173] pci 0000:00:17.1: System wakeup disabled by ACPI
[    0.180323] pci 0000:00:17.2: [15ad:07a0] type 01 class 0x060400
[    0.181011] pci 0000:00:17.2: PME# supported from D0 D3hot D3cold
[    0.181184] pci 0000:00:17.2: System wakeup disabled by ACPI
[    0.181299] pci 0000:00:17.3: [15ad:07a0] type 01 class 0x060400
[    0.181852] pci 0000:00:17.3: PME# supported from D0 D3hot D3cold
[    0.181996] pci 0000:00:17.3: System wakeup disabled by ACPI
[    0.182118] pci 0000:00:17.4: [15ad:07a0] type 01 class 0x060400
[    0.182754] pci 0000:00:17.4: PME# supported from D0 D3hot D3cold
[    0.182963] pci 0000:00:17.4: System wakeup disabled by ACPI
[    0.183112] pci 0000:00:17.5: [15ad:07a0] type 01 class 0x060400
[    0.183807] pci 0000:00:17.5: PME# supported from D0 D3hot D3cold
[    0.184017] pci 0000:00:17.5: System wakeup disabled by ACPI
[    0.184167] pci 0000:00:17.6: [15ad:07a0] type 01 class 0x060400
[    0.184872] pci 0000:00:17.6: PME# supported from D0 D3hot D3cold
[    0.185073] pci 0000:00:17.6: System wakeup disabled by ACPI
[    0.185223] pci 0000:00:17.7: [15ad:07a0] type 01 class 0x060400
[    0.185918] pci 0000:00:17.7: PME# supported from D0 D3hot D3cold
[    0.186120] pci 0000:00:17.7: System wakeup disabled by ACPI
[    0.186270] pci 0000:00:18.0: [15ad:07a0] type 01 class 0x060400
[    0.186969] pci 0000:00:18.0: PME# supported from D0 D3hot D3cold
[    0.187176] pci 0000:00:18.0: System wakeup disabled by ACPI
[    0.187326] pci 0000:00:18.1: [15ad:07a0] type 01 class 0x060400
[    0.188023] pci 0000:00:18.1: PME# supported from D0 D3hot D3cold
[    0.188229] pci 0000:00:18.1: System wakeup disabled by ACPI
[    0.188369] pci 0000:00:18.2: [15ad:07a0] type 01 class 0x060400
[    0.189011] pci 0000:00:18.2: PME# supported from D0 D3hot D3cold
[    0.189189] pci 0000:00:18.2: System wakeup disabled by ACPI
[    0.189328] pci 0000:00:18.3: [15ad:07a0] type 01 class 0x060400
[    0.189940] pci 0000:00:18.3: PME# supported from D0 D3hot D3cold
[    0.190122] pci 0000:00:18.3: System wakeup disabled by ACPI
[    0.190243] pci 0000:00:18.4: [15ad:07a0] type 01 class 0x060400
[    0.190845] pci 0000:00:18.4: PME# supported from D0 D3hot D3cold
[    0.191020] pci 0000:00:18.4: System wakeup disabled by ACPI
[    0.191149] pci 0000:00:18.5: [15ad:07a0] type 01 class 0x060400
[    0.191820] pci 0000:00:18.5: PME# supported from D0 D3hot D3cold
[    0.191983] pci 0000:00:18.5: System wakeup disabled by ACPI
[    0.192133] pci 0000:00:18.6: [15ad:07a0] type 01 class 0x060400
[    0.192968] pci 0000:00:18.6: PME# supported from D0 D3hot D3cold
[    0.193186] pci 0000:00:18.6: System wakeup disabled by ACPI
[    0.193345] pci 0000:00:18.7: [15ad:07a0] type 01 class 0x060400
[    0.193948] pci 0000:00:18.7: PME# supported from D0 D3hot D3cold
[    0.194107] pci 0000:00:18.7: System wakeup disabled by ACPI
[    0.194508] pci 0000:00:01.0: PCI bridge to [bus 01]
[    0.194851] acpiphp: Slot [32] registered
[    0.194871] acpiphp: Slot [33] registered
[    0.194889] acpiphp: Slot [34] registered
[    0.194907] acpiphp: Slot [35] registered
[    0.194924] acpiphp: Slot [36] registered
[    0.194940] acpiphp: Slot [37] registered
[    0.194963] acpiphp: Slot [38] registered
[    0.194980] acpiphp: Slot [39] registered
[    0.194998] acpiphp: Slot [40] registered
[    0.195022] acpiphp: Slot [41] registered
[    0.195040] acpiphp: Slot [42] registered
[    0.195056] acpiphp: Slot [43] registered
[    0.195073] acpiphp: Slot [44] registered
[    0.195089] acpiphp: Slot [45] registered
[    0.195107] acpiphp: Slot [46] registered
[    0.195123] acpiphp: Slot [47] registered
[    0.195140] acpiphp: Slot [48] registered
[    0.195156] acpiphp: Slot [49] registered
[    0.195172] acpiphp: Slot [50] registered
[    0.195188] acpiphp: Slot [51] registered
[    0.195205] acpiphp: Slot [52] registered
[    0.195222] acpiphp: Slot [53] registered
[    0.195239] acpiphp: Slot [54] registered
[    0.195255] acpiphp: Slot [55] registered
[    0.195271] acpiphp: Slot [56] registered
[    0.195287] acpiphp: Slot [57] registered
[    0.195304] acpiphp: Slot [58] registered
[    0.195320] acpiphp: Slot [59] registered
[    0.195338] acpiphp: Slot [60] registered
[    0.195354] acpiphp: Slot [61] registered
[    0.195370] acpiphp: Slot [62] registered
[    0.195386] acpiphp: Slot [63] registered
[    0.195445] pci 0000:02:00.0: [15ad:0774] type 00 class 0x0c0300
[    0.196603] pci 0000:02:00.0: reg 0x20: [io  0x2040-0x205f]
[    0.197333] pci 0000:02:00.0: System wakeup disabled by ACPI
[    0.197425] pci 0000:02:01.0: [8086:100f] type 00 class 0x020000
[    0.198558] pci 0000:02:01.0: reg 0x10: [mem 0xfd5c0000-0xfd5dffff 64bit]
[    0.199658] pci 0000:02:01.0: reg 0x18: [mem 0xfdff0000-0xfdffffff 64bit]
[    0.200742] pci 0000:02:01.0: reg 0x20: [io  0x2000-0x203f]
[    0.202861] pci 0000:02:01.0: reg 0x30: [mem 0x00000000-0x0000ffff pref]
[    0.203111] pci 0000:02:01.0: PME# supported from D0 D3hot D3cold
[    0.203238] pci 0000:02:01.0: System wakeup disabled by ACPI
[    0.203326] pci 0000:02:02.0: [15ad:0770] type 00 class 0x0c0320
[    0.203810] pci 0000:02:02.0: reg 0x10: [mem 0xfd5ef000-0xfd5effff]
[    0.206967] pci 0000:02:02.0: System wakeup disabled by ACPI
[    0.207229] pci 0000:00:11.0: PCI bridge to [bus 02] (subtractive decode)
[    0.207247] pci 0000:00:11.0:   bridge window [io  0x2000-0x3fff]
[    0.207264] pci 0000:00:11.0:   bridge window [mem 0xfd500000-0xfdffffff]
[    0.207296] pci 0000:00:11.0:   bridge window [mem 0xe7b00000-0xe7ffffff 64bit pref]
[    0.207299] pci 0000:00:11.0:   bridge window [mem 0x000a0000-0x000bffff window] (subtractive decode)
[    0.207301] pci 0000:00:11.0:   bridge window [mem 0x000cc000-0x000cffff window] (subtractive decode)
[    0.207302] pci 0000:00:11.0:   bridge window [mem 0x000d0000-0x000d3fff window] (subtractive decode)
[    0.207304] pci 0000:00:11.0:   bridge window [mem 0x000d4000-0x000d7fff window] (subtractive decode)
[    0.207306] pci 0000:00:11.0:   bridge window [mem 0x000d8000-0x000dbfff window] (subtractive decode)
[    0.207308] pci 0000:00:11.0:   bridge window [mem 0xc0000000-0xfebfffff window] (subtractive decode)
[    0.207309] pci 0000:00:11.0:   bridge window [io  0x0000-0x0cf7 window] (subtractive decode)
[    0.207311] pci 0000:00:11.0:   bridge window [io  0x0d00-0xfeff window] (subtractive decode)
[    0.207585] pci 0000:00:15.0: PCI bridge to [bus 03]
[    0.207602] pci 0000:00:15.0:   bridge window [io  0x4000-0x4fff]
[    0.207619] pci 0000:00:15.0:   bridge window [mem 0xfd400000-0xfd4fffff]
[    0.207651] pci 0000:00:15.0:   bridge window [mem 0xe7a00000-0xe7afffff 64bit pref]
[    0.207903] pci 0000:00:15.1: PCI bridge to [bus 04]
[    0.207919] pci 0000:00:15.1:   bridge window [io  0x8000-0x8fff]
[    0.207936] pci 0000:00:15.1:   bridge window [mem 0xfd000000-0xfd0fffff]
[    0.207968] pci 0000:00:15.1:   bridge window [mem 0xe7600000-0xe76fffff 64bit pref]
[    0.208209] pci 0000:00:15.2: PCI bridge to [bus 05]
[    0.208226] pci 0000:00:15.2:   bridge window [io  0xc000-0xcfff]
[    0.208243] pci 0000:00:15.2:   bridge window [mem 0xfcc00000-0xfccfffff]
[    0.208274] pci 0000:00:15.2:   bridge window [mem 0xe7200000-0xe72fffff 64bit pref]
[    0.208514] pci 0000:00:15.3: PCI bridge to [bus 06]
[    0.208545] pci 0000:00:15.3:   bridge window [mem 0xfc800000-0xfc8fffff]
[    0.208577] pci 0000:00:15.3:   bridge window [mem 0xe6e00000-0xe6efffff 64bit pref]
[    0.208824] pci 0000:00:15.4: PCI bridge to [bus 07]
[    0.208856] pci 0000:00:15.4:   bridge window [mem 0xfc400000-0xfc4fffff]
[    0.208889] pci 0000:00:15.4:   bridge window [mem 0xe6a00000-0xe6afffff 64bit pref]
[    0.209141] pci 0000:00:15.5: PCI bridge to [bus 08]
[    0.209178] pci 0000:00:15.5:   bridge window [mem 0xfc000000-0xfc0fffff]
[    0.209212] pci 0000:00:15.5:   bridge window [mem 0xe6600000-0xe66fffff 64bit pref]
[    0.209459] pci 0000:00:15.6: PCI bridge to [bus 09]
[    0.209491] pci 0000:00:15.6:   bridge window [mem 0xfbc00000-0xfbcfffff]
[    0.209522] pci 0000:00:15.6:   bridge window [mem 0xe6200000-0xe62fffff 64bit pref]
[    0.209767] pci 0000:00:15.7: PCI bridge to [bus 0a]
[    0.209800] pci 0000:00:15.7:   bridge window [mem 0xfb800000-0xfb8fffff]
[    0.209832] pci 0000:00:15.7:   bridge window [mem 0xe5e00000-0xe5efffff 64bit pref]
[    0.210073] pci 0000:00:16.0: PCI bridge to [bus 0b]
[    0.210090] pci 0000:00:16.0:   bridge window [io  0x5000-0x5fff]
[    0.210107] pci 0000:00:16.0:   bridge window [mem 0xfd300000-0xfd3fffff]
[    0.210139] pci 0000:00:16.0:   bridge window [mem 0xe7900000-0xe79fffff 64bit pref]
[    0.210380] pci 0000:00:16.1: PCI bridge to [bus 0c]
[    0.210397] pci 0000:00:16.1:   bridge window [io  0x9000-0x9fff]
[    0.210414] pci 0000:00:16.1:   bridge window [mem 0xfcf00000-0xfcffffff]
[    0.210446] pci 0000:00:16.1:   bridge window [mem 0xe7500000-0xe75fffff 64bit pref]
[    0.210686] pci 0000:00:16.2: PCI bridge to [bus 0d]
[    0.210708] pci 0000:00:16.2:   bridge window [io  0xd000-0xdfff]
[    0.210725] pci 0000:00:16.2:   bridge window [mem 0xfcb00000-0xfcbfffff]
[    0.210757] pci 0000:00:16.2:   bridge window [mem 0xe7100000-0xe71fffff 64bit pref]
[    0.211001] pci 0000:00:16.3: PCI bridge to [bus 0e]
[    0.211032] pci 0000:00:16.3:   bridge window [mem 0xfc700000-0xfc7fffff]
[    0.211064] pci 0000:00:16.3:   bridge window [mem 0xe6d00000-0xe6dfffff 64bit pref]
[    0.211304] pci 0000:00:16.4: PCI bridge to [bus 0f]
[    0.211336] pci 0000:00:16.4:   bridge window [mem 0xfc300000-0xfc3fffff]
[    0.211367] pci 0000:00:16.4:   bridge window [mem 0xe6900000-0xe69fffff 64bit pref]
[    0.211607] pci 0000:00:16.5: PCI bridge to [bus 10]
[    0.211638] pci 0000:00:16.5:   bridge window [mem 0xfbf00000-0xfbffffff]
[    0.211670] pci 0000:00:16.5:   bridge window [mem 0xe6500000-0xe65fffff 64bit pref]
[    0.211918] pci 0000:00:16.6: PCI bridge to [bus 11]
[    0.211949] pci 0000:00:16.6:   bridge window [mem 0xfbb00000-0xfbbfffff]
[    0.211981] pci 0000:00:16.6:   bridge window [mem 0xe6100000-0xe61fffff 64bit pref]
[    0.212220] pci 0000:00:16.7: PCI bridge to [bus 12]
[    0.212251] pci 0000:00:16.7:   bridge window [mem 0xfb700000-0xfb7fffff]
[    0.212283] pci 0000:00:16.7:   bridge window [mem 0xe5d00000-0xe5dfffff 64bit pref]
[    0.212520] pci 0000:00:17.0: PCI bridge to [bus 13]
[    0.212537] pci 0000:00:17.0:   bridge window [io  0x6000-0x6fff]
[    0.212553] pci 0000:00:17.0:   bridge window [mem 0xfd200000-0xfd2fffff]
[    0.212585] pci 0000:00:17.0:   bridge window [mem 0xe7800000-0xe78fffff 64bit pref]
[    0.212829] pci 0000:00:17.1: PCI bridge to [bus 14]
[    0.212846] pci 0000:00:17.1:   bridge window [io  0xa000-0xafff]
[    0.212863] pci 0000:00:17.1:   bridge window [mem 0xfce00000-0xfcefffff]
[    0.212895] pci 0000:00:17.1:   bridge window [mem 0xe7400000-0xe74fffff 64bit pref]
[    0.213133] pci 0000:00:17.2: PCI bridge to [bus 15]
[    0.213149] pci 0000:00:17.2:   bridge window [io  0xe000-0xefff]
[    0.213166] pci 0000:00:17.2:   bridge window [mem 0xfca00000-0xfcafffff]
[    0.213198] pci 0000:00:17.2:   bridge window [mem 0xe7000000-0xe70fffff 64bit pref]
[    0.213437] pci 0000:00:17.3: PCI bridge to [bus 16]
[    0.213468] pci 0000:00:17.3:   bridge window [mem 0xfc600000-0xfc6fffff]
[    0.213500] pci 0000:00:17.3:   bridge window [mem 0xe6c00000-0xe6cfffff 64bit pref]
[    0.213747] pci 0000:00:17.4: PCI bridge to [bus 17]
[    0.213779] pci 0000:00:17.4:   bridge window [mem 0xfc200000-0xfc2fffff]
[    0.213812] pci 0000:00:17.4:   bridge window [mem 0xe6800000-0xe68fffff 64bit pref]
[    0.214056] pci 0000:00:17.5: PCI bridge to [bus 18]
[    0.214087] pci 0000:00:17.5:   bridge window [mem 0xfbe00000-0xfbefffff]
[    0.214118] pci 0000:00:17.5:   bridge window [mem 0xe6400000-0xe64fffff 64bit pref]
[    0.214359] pci 0000:00:17.6: PCI bridge to [bus 19]
[    0.214390] pci 0000:00:17.6:   bridge window [mem 0xfba00000-0xfbafffff]
[    0.214422] pci 0000:00:17.6:   bridge window [mem 0xe6000000-0xe60fffff 64bit pref]
[    0.214662] pci 0000:00:17.7: PCI bridge to [bus 1a]
[    0.214693] pci 0000:00:17.7:   bridge window [mem 0xfb600000-0xfb6fffff]
[    0.214729] pci 0000:00:17.7:   bridge window [mem 0xe5c00000-0xe5cfffff 64bit pref]
[    0.214979] pci 0000:00:18.0: PCI bridge to [bus 1b]
[    0.214995] pci 0000:00:18.0:   bridge window [io  0x7000-0x7fff]
[    0.215012] pci 0000:00:18.0:   bridge window [mem 0xfd100000-0xfd1fffff]
[    0.215044] pci 0000:00:18.0:   bridge window [mem 0xe7700000-0xe77fffff 64bit pref]
[    0.215283] pci 0000:00:18.1: PCI bridge to [bus 1c]
[    0.215299] pci 0000:00:18.1:   bridge window [io  0xb000-0xbfff]
[    0.215316] pci 0000:00:18.1:   bridge window [mem 0xfcd00000-0xfcdfffff]
[    0.215348] pci 0000:00:18.1:   bridge window [mem 0xe7300000-0xe73fffff 64bit pref]
[    0.215586] pci 0000:00:18.2: PCI bridge to [bus 1d]
[    0.215617] pci 0000:00:18.2:   bridge window [mem 0xfc900000-0xfc9fffff]
[    0.215649] pci 0000:00:18.2:   bridge window [mem 0xe6f00000-0xe6ffffff 64bit pref]
[    0.215896] pci 0000:00:18.3: PCI bridge to [bus 1e]
[    0.215927] pci 0000:00:18.3:   bridge window [mem 0xfc500000-0xfc5fffff]
[    0.215959] pci 0000:00:18.3:   bridge window [mem 0xe6b00000-0xe6bfffff 64bit pref]
[    0.216197] pci 0000:00:18.4: PCI bridge to [bus 1f]
[    0.216229] pci 0000:00:18.4:   bridge window [mem 0xfc100000-0xfc1fffff]
[    0.216260] pci 0000:00:18.4:   bridge window [mem 0xe6700000-0xe67fffff 64bit pref]
[    0.216501] pci 0000:00:18.5: PCI bridge to [bus 20]
[    0.216532] pci 0000:00:18.5:   bridge window [mem 0xfbd00000-0xfbdfffff]
[    0.216564] pci 0000:00:18.5:   bridge window [mem 0xe6300000-0xe63fffff 64bit pref]
[    0.216809] pci 0000:00:18.6: PCI bridge to [bus 21]
[    0.216840] pci 0000:00:18.6:   bridge window [mem 0xfb900000-0xfb9fffff]
[    0.216872] pci 0000:00:18.6:   bridge window [mem 0xe5f00000-0xe5ffffff 64bit pref]
[    0.217111] pci 0000:00:18.7: PCI bridge to [bus 22]
[    0.217143] pci 0000:00:18.7:   bridge window [mem 0xfb500000-0xfb5fffff]
[    0.217175] pci 0000:00:18.7:   bridge window [mem 0xe5b00000-0xe5bfffff 64bit pref]
[    0.219034] ACPI: PCI Interrupt Link [LNKA] (IRQs 3 4 5 6 7 *9 10 11 14 15)
[    0.219098] ACPI: PCI Interrupt Link [LNKB] (IRQs 3 4 5 6 7 9 10 *11 14 15)
[    0.219159] ACPI: PCI Interrupt Link [LNKC] (IRQs 3 4 5 6 7 9 *10 11 14 15)
[    0.219217] ACPI: PCI Interrupt Link [LNKD] (IRQs 3 4 5 6 *7 9 10 11 14 15)
[    0.230115] vgaarb: device added: PCI:0000:00:0f.0,decodes=io+mem,owns=io+mem,locks=none
[    0.230131] vgaarb: loaded
[    0.230132] vgaarb: bridge control possible 0000:00:0f.0
[    0.230215] SCSI subsystem initialized
[    0.230241] ACPI: bus type USB registered
[    0.230261] usbcore: registered new interface driver usbfs
[    0.230268] usbcore: registered new interface driver hub
[    0.230286] usbcore: registered new device driver usb
[    0.230373] EDAC MC: Ver: 3.0.0
[    0.231413] PCI: Using ACPI for IRQ routing
[    0.253629] PCI: pci_cache_line_size set to 64 bytes
[    0.254419] e820: reserve RAM buffer [mem 0x0009f800-0x0009ffff]
[    0.254421] e820: reserve RAM buffer [mem 0xbfef0000-0xbfffffff]
[    0.254575] NetLabel: Initializing
[    0.254577] NetLabel:  domain hash size = 128
[    0.254578] NetLabel:  protocols = UNLABELED CIPSOv4
[    0.254592] NetLabel:  unlabeled traffic allowed by default
[    0.254703] hpet0: at MMIO 0xfed00000, IRQs 2, 8, 0, 0, 0, 0, 0, 0, 0, 0, 0, 0, 0, 0, 0, 0
[    0.254711] hpet0: 16 comparators, 64-bit 14.318180 MHz counter
[    0.257814] amd_nb: Cannot enumerate AMD northbridges
[    0.257849] Switched to clocksource hpet
[    0.263037] pnp: PnP ACPI init
[    0.263053] ACPI: bus type PNP registered
[    0.263238] system 00:00: [io  0x1000-0x103f] could not be reserved
[    0.263241] system 00:00: [io  0x1040-0x104f] has been reserved
[    0.263244] system 00:00: [io  0x0cf0-0x0cf1] has been reserved
[    0.263247] system 00:00: Plug and Play ACPI device, IDs PNP0c02 (active)
[    0.263284] pnp 00:01: Plug and Play ACPI device, IDs PNP0b00 (active)
[    0.263309] pnp 00:02: Plug and Play ACPI device, IDs PNP0303 (active)
[    0.263333] pnp 00:03: Plug and Play ACPI device, IDs VMW0003 PNP0f13 (active)
[    0.263488] system 00:04: [mem 0xfed00000-0xfed003ff] has been reserved
[    0.263491] system 00:04: Plug and Play ACPI device, IDs PNP0103 PNP0c01 (active)
[    0.264870] system 00:05: [io  0xfce0-0xfcff] has been reserved
[    0.264873] system 00:05: [mem 0xf0000000-0xf7ffffff] has been reserved
[    0.264875] system 00:05: [mem 0xfe800000-0xfe9fffff] has been reserved
[    0.264878] system 00:05: Plug and Play ACPI device, IDs PNP0c02 (active)
[    0.268192] pnp: PnP ACPI: found 6 devices
[    0.268194] ACPI: bus type PNP unregistered
[    0.275372] pci 0000:00:15.3: bridge window [io  0x1000-0x0fff] to [bus 06] add_size 1000
[    0.275420] pci 0000:00:15.4: bridge window [io  0x1000-0x0fff] to [bus 07] add_size 1000
[    0.275468] pci 0000:00:15.5: bridge window [io  0x1000-0x0fff] to [bus 08] add_size 1000
[    0.275515] pci 0000:00:15.6: bridge window [io  0x1000-0x0fff] to [bus 09] add_size 1000
[    0.275563] pci 0000:00:15.7: bridge window [io  0x1000-0x0fff] to [bus 0a] add_size 1000
[    0.275746] pci 0000:00:16.3: bridge window [io  0x1000-0x0fff] to [bus 0e] add_size 1000
[    0.275794] pci 0000:00:16.4: bridge window [io  0x1000-0x0fff] to [bus 0f] add_size 1000
[    0.275848] pci 0000:00:16.5: bridge window [io  0x1000-0x0fff] to [bus 10] add_size 1000
[    0.275896] pci 0000:00:16.6: bridge window [io  0x1000-0x0fff] to [bus 11] add_size 1000
[    0.275944] pci 0000:00:16.7: bridge window [io  0x1000-0x0fff] to [bus 12] add_size 1000
[    0.276128] pci 0000:00:17.3: bridge window [io  0x1000-0x0fff] to [bus 16] add_size 1000
[    0.276176] pci 0000:00:17.4: bridge window [io  0x1000-0x0fff] to [bus 17] add_size 1000
[    0.276225] pci 0000:00:17.5: bridge window [io  0x1000-0x0fff] to [bus 18] add_size 1000
[    0.276274] pci 0000:00:17.6: bridge window [io  0x1000-0x0fff] to [bus 19] add_size 1000
[    0.276321] pci 0000:00:17.7: bridge window [io  0x1000-0x0fff] to [bus 1a] add_size 1000
[    0.276459] pci 0000:00:18.2: bridge window [io  0x1000-0x0fff] to [bus 1d] add_size 1000
[    0.276506] pci 0000:00:18.3: bridge window [io  0x1000-0x0fff] to [bus 1e] add_size 1000
[    0.276554] pci 0000:00:18.4: bridge window [io  0x1000-0x0fff] to [bus 1f] add_size 1000
[    0.276602] pci 0000:00:18.5: bridge window [io  0x1000-0x0fff] to [bus 20] add_size 1000
[    0.276650] pci 0000:00:18.6: bridge window [io  0x1000-0x0fff] to [bus 21] add_size 1000
[    0.276697] pci 0000:00:18.7: bridge window [io  0x1000-0x0fff] to [bus 22] add_size 1000
[    0.276714] pci 0000:00:15.3: res[13]=[io  0x1000-0x0fff] res_to_dev_res add_size 1000 min_align 1000
[    0.276716] pci 0000:00:15.3: res[13]=[io  0x1000-0x1fff] res_to_dev_res add_size 1000 min_align 1000
[    0.276718] pci 0000:00:15.4: res[13]=[io  0x1000-0x0fff] res_to_dev_res add_size 1000 min_align 1000
[    0.276720] pci 0000:00:15.4: res[13]=[io  0x1000-0x1fff] res_to_dev_res add_size 1000 min_align 1000
[    0.276722] pci 0000:00:15.5: res[13]=[io  0x1000-0x0fff] res_to_dev_res add_size 1000 min_align 1000
[    0.276724] pci 0000:00:15.5: res[13]=[io  0x1000-0x1fff] res_to_dev_res add_size 1000 min_align 1000
[    0.276726] pci 0000:00:15.6: res[13]=[io  0x1000-0x0fff] res_to_dev_res add_size 1000 min_align 1000
[    0.276728] pci 0000:00:15.6: res[13]=[io  0x1000-0x1fff] res_to_dev_res add_size 1000 min_align 1000
[    0.276730] pci 0000:00:15.7: res[13]=[io  0x1000-0x0fff] res_to_dev_res add_size 1000 min_align 1000
[    0.276732] pci 0000:00:15.7: res[13]=[io  0x1000-0x1fff] res_to_dev_res add_size 1000 min_align 1000
[    0.276734] pci 0000:00:16.3: res[13]=[io  0x1000-0x0fff] res_to_dev_res add_size 1000 min_align 1000
[    0.276736] pci 0000:00:16.3: res[13]=[io  0x1000-0x1fff] res_to_dev_res add_size 1000 min_align 1000
[    0.276738] pci 0000:00:16.4: res[13]=[io  0x1000-0x0fff] res_to_dev_res add_size 1000 min_align 1000
[    0.276740] pci 0000:00:16.4: res[13]=[io  0x1000-0x1fff] res_to_dev_res add_size 1000 min_align 1000
[    0.276741] pci 0000:00:16.5: res[13]=[io  0x1000-0x0fff] res_to_dev_res add_size 1000 min_align 1000
[    0.276743] pci 0000:00:16.5: res[13]=[io  0x1000-0x1fff] res_to_dev_res add_size 1000 min_align 1000
[    0.276745] pci 0000:00:16.6: res[13]=[io  0x1000-0x0fff] res_to_dev_res add_size 1000 min_align 1000
[    0.276747] pci 0000:00:16.6: res[13]=[io  0x1000-0x1fff] res_to_dev_res add_size 1000 min_align 1000
[    0.276749] pci 0000:00:16.7: res[13]=[io  0x1000-0x0fff] res_to_dev_res add_size 1000 min_align 1000
[    0.276751] pci 0000:00:16.7: res[13]=[io  0x1000-0x1fff] res_to_dev_res add_size 1000 min_align 1000
[    0.276753] pci 0000:00:17.3: res[13]=[io  0x1000-0x0fff] res_to_dev_res add_size 1000 min_align 1000
[    0.276755] pci 0000:00:17.3: res[13]=[io  0x1000-0x1fff] res_to_dev_res add_size 1000 min_align 1000
[    0.276756] pci 0000:00:17.4: res[13]=[io  0x1000-0x0fff] res_to_dev_res add_size 1000 min_align 1000
[    0.276758] pci 0000:00:17.4: res[13]=[io  0x1000-0x1fff] res_to_dev_res add_size 1000 min_align 1000
[    0.276760] pci 0000:00:17.5: res[13]=[io  0x1000-0x0fff] res_to_dev_res add_size 1000 min_align 1000
[    0.276762] pci 0000:00:17.5: res[13]=[io  0x1000-0x1fff] res_to_dev_res add_size 1000 min_align 1000
[    0.276764] pci 0000:00:17.6: res[13]=[io  0x1000-0x0fff] res_to_dev_res add_size 1000 min_align 1000
[    0.276766] pci 0000:00:17.6: res[13]=[io  0x1000-0x1fff] res_to_dev_res add_size 1000 min_align 1000
[    0.276768] pci 0000:00:17.7: res[13]=[io  0x1000-0x0fff] res_to_dev_res add_size 1000 min_align 1000
[    0.276770] pci 0000:00:17.7: res[13]=[io  0x1000-0x1fff] res_to_dev_res add_size 1000 min_align 1000
[    0.276771] pci 0000:00:18.2: res[13]=[io  0x1000-0x0fff] res_to_dev_res add_size 1000 min_align 1000
[    0.276773] pci 0000:00:18.2: res[13]=[io  0x1000-0x1fff] res_to_dev_res add_size 1000 min_align 1000
[    0.276775] pci 0000:00:18.3: res[13]=[io  0x1000-0x0fff] res_to_dev_res add_size 1000 min_align 1000
[    0.276777] pci 0000:00:18.3: res[13]=[io  0x1000-0x1fff] res_to_dev_res add_size 1000 min_align 1000
[    0.276779] pci 0000:00:18.4: res[13]=[io  0x1000-0x0fff] res_to_dev_res add_size 1000 min_align 1000
[    0.276781] pci 0000:00:18.4: res[13]=[io  0x1000-0x1fff] res_to_dev_res add_size 1000 min_align 1000
[    0.276783] pci 0000:00:18.5: res[13]=[io  0x1000-0x0fff] res_to_dev_res add_size 1000 min_align 1000
[    0.276785] pci 0000:00:18.5: res[13]=[io  0x1000-0x1fff] res_to_dev_res add_size 1000 min_align 1000
[    0.276787] pci 0000:00:18.6: res[13]=[io  0x1000-0x0fff] res_to_dev_res add_size 1000 min_align 1000
[    0.276789] pci 0000:00:18.6: res[13]=[io  0x1000-0x1fff] res_to_dev_res add_size 1000 min_align 1000
[    0.276790] pci 0000:00:18.7: res[13]=[io  0x1000-0x0fff] res_to_dev_res add_size 1000 min_align 1000
[    0.276792] pci 0000:00:18.7: res[13]=[io  0x1000-0x1fff] res_to_dev_res add_size 1000 min_align 1000
[    0.276798] pci 0000:00:0f.0: BAR 6: assigned [mem 0xc0000000-0xc0007fff pref]
[    0.276802] pci 0000:00:10.0: BAR 6: assigned [mem 0xc0008000-0xc000bfff pref]
[    0.276806] pci 0000:00:15.3: BAR 13: no space for [io  size 0x1000]
[    0.276808] pci 0000:00:15.3: BAR 13: failed to assign [io  size 0x1000]
[    0.276811] pci 0000:00:15.4: BAR 13: no space for [io  size 0x1000]
[    0.276813] pci 0000:00:15.4: BAR 13: failed to assign [io  size 0x1000]
[    0.276815] pci 0000:00:15.5: BAR 13: no space for [io  size 0x1000]
[    0.276817] pci 0000:00:15.5: BAR 13: failed to assign [io  size 0x1000]
[    0.276819] pci 0000:00:15.6: BAR 13: no space for [io  size 0x1000]
[    0.276821] pci 0000:00:15.6: BAR 13: failed to assign [io  size 0x1000]
[    0.276823] pci 0000:00:15.7: BAR 13: no space for [io  size 0x1000]
[    0.276825] pci 0000:00:15.7: BAR 13: failed to assign [io  size 0x1000]
[    0.276828] pci 0000:00:16.3: BAR 13: no space for [io  size 0x1000]
[    0.276829] pci 0000:00:16.3: BAR 13: failed to assign [io  size 0x1000]
[    0.276832] pci 0000:00:16.4: BAR 13: no space for [io  size 0x1000]
[    0.276833] pci 0000:00:16.4: BAR 13: failed to assign [io  size 0x1000]
[    0.276836] pci 0000:00:16.5: BAR 13: no space for [io  size 0x1000]
[    0.276838] pci 0000:00:16.5: BAR 13: failed to assign [io  size 0x1000]
[    0.276841] pci 0000:00:16.6: BAR 13: no space for [io  size 0x1000]
[    0.276848] pci 0000:00:16.6: BAR 13: failed to assign [io  size 0x1000]
[    0.276851] pci 0000:00:16.7: BAR 13: no space for [io  size 0x1000]
[    0.276853] pci 0000:00:16.7: BAR 13: failed to assign [io  size 0x1000]
[    0.276855] pci 0000:00:17.3: BAR 13: no space for [io  size 0x1000]
[    0.276857] pci 0000:00:17.3: BAR 13: failed to assign [io  size 0x1000]
[    0.276859] pci 0000:00:17.4: BAR 13: no space for [io  size 0x1000]
[    0.276861] pci 0000:00:17.4: BAR 13: failed to assign [io  size 0x1000]
[    0.276863] pci 0000:00:17.5: BAR 13: no space for [io  size 0x1000]
[    0.276865] pci 0000:00:17.5: BAR 13: failed to assign [io  size 0x1000]
[    0.276868] pci 0000:00:17.6: BAR 13: no space for [io  size 0x1000]
[    0.276869] pci 0000:00:17.6: BAR 13: failed to assign [io  size 0x1000]
[    0.276872] pci 0000:00:17.7: BAR 13: no space for [io  size 0x1000]
[    0.276873] pci 0000:00:17.7: BAR 13: failed to assign [io  size 0x1000]
[    0.276876] pci 0000:00:18.2: BAR 13: no space for [io  size 0x1000]
[    0.276878] pci 0000:00:18.2: BAR 13: failed to assign [io  size 0x1000]
[    0.276880] pci 0000:00:18.3: BAR 13: no space for [io  size 0x1000]
[    0.276882] pci 0000:00:18.3: BAR 13: failed to assign [io  size 0x1000]
[    0.276884] pci 0000:00:18.4: BAR 13: no space for [io  size 0x1000]
[    0.276886] pci 0000:00:18.4: BAR 13: failed to assign [io  size 0x1000]
[    0.276889] pci 0000:00:18.5: BAR 13: no space for [io  size 0x1000]
[    0.276890] pci 0000:00:18.5: BAR 13: failed to assign [io  size 0x1000]
[    0.276893] pci 0000:00:18.6: BAR 13: no space for [io  size 0x1000]
[    0.276894] pci 0000:00:18.6: BAR 13: failed to assign [io  size 0x1000]
[    0.276897] pci 0000:00:18.7: BAR 13: no space for [io  size 0x1000]
[    0.276899] pci 0000:00:18.7: BAR 13: failed to assign [io  size 0x1000]
[    0.276904] pci 0000:00:18.7: BAR 13: no space for [io  size 0x1000]
[    0.276905] pci 0000:00:18.7: BAR 13: failed to assign [io  size 0x1000]
[    0.276908] pci 0000:00:18.6: BAR 13: no space for [io  size 0x1000]
[    0.276910] pci 0000:00:18.6: BAR 13: failed to assign [io  size 0x1000]
[    0.276912] pci 0000:00:18.5: BAR 13: no space for [io  size 0x1000]
[    0.276914] pci 0000:00:18.5: BAR 13: failed to assign [io  size 0x1000]
[    0.276916] pci 0000:00:18.4: BAR 13: no space for [io  size 0x1000]
[    0.276918] pci 0000:00:18.4: BAR 13: failed to assign [io  size 0x1000]
[    0.276921] pci 0000:00:18.3: BAR 13: no space for [io  size 0x1000]
[    0.276922] pci 0000:00:18.3: BAR 13: failed to assign [io  size 0x1000]
[    0.276925] pci 0000:00:18.2: BAR 13: no space for [io  size 0x1000]
[    0.276927] pci 0000:00:18.2: BAR 13: failed to assign [io  size 0x1000]
[    0.276929] pci 0000:00:17.7: BAR 13: no space for [io  size 0x1000]
[    0.276931] pci 0000:00:17.7: BAR 13: failed to assign [io  size 0x1000]
[    0.276933] pci 0000:00:17.6: BAR 13: no space for [io  size 0x1000]
[    0.276935] pci 0000:00:17.6: BAR 13: failed to assign [io  size 0x1000]
[    0.276938] pci 0000:00:17.5: BAR 13: no space for [io  size 0x1000]
[    0.276939] pci 0000:00:17.5: BAR 13: failed to assign [io  size 0x1000]
[    0.276942] pci 0000:00:17.4: BAR 13: no space for [io  size 0x1000]
[    0.276943] pci 0000:00:17.4: BAR 13: failed to assign [io  size 0x1000]
[    0.276946] pci 0000:00:17.3: BAR 13: no space for [io  size 0x1000]
[    0.276948] pci 0000:00:17.3: BAR 13: failed to assign [io  size 0x1000]
[    0.276950] pci 0000:00:16.7: BAR 13: no space for [io  size 0x1000]
[    0.276952] pci 0000:00:16.7: BAR 13: failed to assign [io  size 0x1000]
[    0.276954] pci 0000:00:16.6: BAR 13: no space for [io  size 0x1000]
[    0.276956] pci 0000:00:16.6: BAR 13: failed to assign [io  size 0x1000]
[    0.276959] pci 0000:00:16.5: BAR 13: no space for [io  size 0x1000]
[    0.276960] pci 0000:00:16.5: BAR 13: failed to assign [io  size 0x1000]
[    0.276963] pci 0000:00:16.4: BAR 13: no space for [io  size 0x1000]
[    0.276964] pci 0000:00:16.4: BAR 13: failed to assign [io  size 0x1000]
[    0.276967] pci 0000:00:16.3: BAR 13: no space for [io  size 0x1000]
[    0.276969] pci 0000:00:16.3: BAR 13: failed to assign [io  size 0x1000]
[    0.276971] pci 0000:00:15.7: BAR 13: no space for [io  size 0x1000]
[    0.276973] pci 0000:00:15.7: BAR 13: failed to assign [io  size 0x1000]
[    0.276975] pci 0000:00:15.6: BAR 13: no space for [io  size 0x1000]
[    0.276977] pci 0000:00:15.6: BAR 13: failed to assign [io  size 0x1000]
[    0.276980] pci 0000:00:15.5: BAR 13: no space for [io  size 0x1000]
[    0.276981] pci 0000:00:15.5: BAR 13: failed to assign [io  size 0x1000]
[    0.276984] pci 0000:00:15.4: BAR 13: no space for [io  size 0x1000]
[    0.276985] pci 0000:00:15.4: BAR 13: failed to assign [io  size 0x1000]
[    0.276988] pci 0000:00:15.3: BAR 13: no space for [io  size 0x1000]
[    0.276990] pci 0000:00:15.3: BAR 13: failed to assign [io  size 0x1000]
[    0.276993] pci 0000:00:01.0: PCI bridge to [bus 01]
[    0.277069] pci 0000:02:01.0: BAR 6: assigned [mem 0xfd500000-0xfd50ffff pref]
[    0.277072] pci 0000:00:11.0: PCI bridge to [bus 02]
[    0.277081] pci 0000:00:11.0:   bridge window [io  0x2000-0x3fff]
[    0.277106] pci 0000:00:11.0:   bridge window [mem 0xfd500000-0xfdffffff]
[    0.277123] pci 0000:00:11.0:   bridge window [mem 0xe7b00000-0xe7ffffff 64bit pref]
[    0.277155] pci 0000:00:15.0: PCI bridge to [bus 03]
[    0.277165] pci 0000:00:15.0:   bridge window [io  0x4000-0x4fff]
[    0.277189] pci 0000:00:15.0:   bridge window [mem 0xfd400000-0xfd4fffff]
[    0.277206] pci 0000:00:15.0:   bridge window [mem 0xe7a00000-0xe7afffff 64bit pref]
[    0.277262] pci 0000:00:15.1: PCI bridge to [bus 04]
[    0.277272] pci 0000:00:15.1:   bridge window [io  0x8000-0x8fff]
[    0.277296] pci 0000:00:15.1:   bridge window [mem 0xfd000000-0xfd0fffff]
[    0.277313] pci 0000:00:15.1:   bridge window [mem 0xe7600000-0xe76fffff 64bit pref]
[    0.277351] pci 0000:00:15.2: PCI bridge to [bus 05]
[    0.277361] pci 0000:00:15.2:   bridge window [io  0xc000-0xcfff]
[    0.277385] pci 0000:00:15.2:   bridge window [mem 0xfcc00000-0xfccfffff]
[    0.277402] pci 0000:00:15.2:   bridge window [mem 0xe7200000-0xe72fffff 64bit pref]
[    0.277439] pci 0000:00:15.3: PCI bridge to [bus 06]
[    0.277464] pci 0000:00:15.3:   bridge window [mem 0xfc800000-0xfc8fffff]
[    0.277481] pci 0000:00:15.3:   bridge window [mem 0xe6e00000-0xe6efffff 64bit pref]
[    0.277518] pci 0000:00:15.4: PCI bridge to [bus 07]
[    0.277543] pci 0000:00:15.4:   bridge window [mem 0xfc400000-0xfc4fffff]
[    0.277559] pci 0000:00:15.4:   bridge window [mem 0xe6a00000-0xe6afffff 64bit pref]
[    0.277597] pci 0000:00:15.5: PCI bridge to [bus 08]
[    0.277621] pci 0000:00:15.5:   bridge window [mem 0xfc000000-0xfc0fffff]
[    0.277638] pci 0000:00:15.5:   bridge window [mem 0xe6600000-0xe66fffff 64bit pref]
[    0.277675] pci 0000:00:15.6: PCI bridge to [bus 09]
[    0.277699] pci 0000:00:15.6:   bridge window [mem 0xfbc00000-0xfbcfffff]
[    0.277716] pci 0000:00:15.6:   bridge window [mem 0xe6200000-0xe62fffff 64bit pref]
[    0.277753] pci 0000:00:15.7: PCI bridge to [bus 0a]
[    0.277779] pci 0000:00:15.7:   bridge window [mem 0xfb800000-0xfb8fffff]
[    0.277800] pci 0000:00:15.7:   bridge window [mem 0xe5e00000-0xe5efffff 64bit pref]
[    0.277852] pci 0000:00:16.0: PCI bridge to [bus 0b]
[    0.277864] pci 0000:00:16.0:   bridge window [io  0x5000-0x5fff]
[    0.277889] pci 0000:00:16.0:   bridge window [mem 0xfd300000-0xfd3fffff]
[    0.277906] pci 0000:00:16.0:   bridge window [mem 0xe7900000-0xe79fffff 64bit pref]
[    0.277944] pci 0000:00:16.1: PCI bridge to [bus 0c]
[    0.277953] pci 0000:00:16.1:   bridge window [io  0x9000-0x9fff]
[    0.277978] pci 0000:00:16.1:   bridge window [mem 0xfcf00000-0xfcffffff]
[    0.277995] pci 0000:00:16.1:   bridge window [mem 0xe7500000-0xe75fffff 64bit pref]
[    0.278031] pci 0000:00:16.2: PCI bridge to [bus 0d]
[    0.278041] pci 0000:00:16.2:   bridge window [io  0xd000-0xdfff]
[    0.278065] pci 0000:00:16.2:   bridge window [mem 0xfcb00000-0xfcbfffff]
[    0.278082] pci 0000:00:16.2:   bridge window [mem 0xe7100000-0xe71fffff 64bit pref]
[    0.278118] pci 0000:00:16.3: PCI bridge to [bus 0e]
[    0.278142] pci 0000:00:16.3:   bridge window [mem 0xfc700000-0xfc7fffff]
[    0.278159] pci 0000:00:16.3:   bridge window [mem 0xe6d00000-0xe6dfffff 64bit pref]
[    0.278196] pci 0000:00:16.4: PCI bridge to [bus 0f]
[    0.278220] pci 0000:00:16.4:   bridge window [mem 0xfc300000-0xfc3fffff]
[    0.278237] pci 0000:00:16.4:   bridge window [mem 0xe6900000-0xe69fffff 64bit pref]
[    0.278273] pci 0000:00:16.5: PCI bridge to [bus 10]
[    0.278298] pci 0000:00:16.5:   bridge window [mem 0xfbf00000-0xfbffffff]
[    0.278314] pci 0000:00:16.5:   bridge window [mem 0xe6500000-0xe65fffff 64bit pref]
[    0.278350] pci 0000:00:16.6: PCI bridge to [bus 11]
[    0.278375] pci 0000:00:16.6:   bridge window [mem 0xfbb00000-0xfbbfffff]
[    0.278392] pci 0000:00:16.6:   bridge window [mem 0xe6100000-0xe61fffff 64bit pref]
[    0.278428] pci 0000:00:16.7: PCI bridge to [bus 12]
[    0.278453] pci 0000:00:16.7:   bridge window [mem 0xfb700000-0xfb7fffff]
[    0.278469] pci 0000:00:16.7:   bridge window [mem 0xe5d00000-0xe5dfffff 64bit pref]
[    0.278506] pci 0000:00:17.0: PCI bridge to [bus 13]
[    0.278515] pci 0000:00:17.0:   bridge window [io  0x6000-0x6fff]
[    0.278540] pci 0000:00:17.0:   bridge window [mem 0xfd200000-0xfd2fffff]
[    0.278557] pci 0000:00:17.0:   bridge window [mem 0xe7800000-0xe78fffff 64bit pref]
[    0.278593] pci 0000:00:17.1: PCI bridge to [bus 14]
[    0.278602] pci 0000:00:17.1:   bridge window [io  0xa000-0xafff]
[    0.278626] pci 0000:00:17.1:   bridge window [mem 0xfce00000-0xfcefffff]
[    0.278643] pci 0000:00:17.1:   bridge window [mem 0xe7400000-0xe74fffff 64bit pref]
[    0.278680] pci 0000:00:17.2: PCI bridge to [bus 15]
[    0.278689] pci 0000:00:17.2:   bridge window [io  0xe000-0xefff]
[    0.278713] pci 0000:00:17.2:   bridge window [mem 0xfca00000-0xfcafffff]
[    0.278730] pci 0000:00:17.2:   bridge window [mem 0xe7000000-0xe70fffff 64bit pref]
[    0.278766] pci 0000:00:17.3: PCI bridge to [bus 16]
[    0.278791] pci 0000:00:17.3:   bridge window [mem 0xfc600000-0xfc6fffff]
[    0.278808] pci 0000:00:17.3:   bridge window [mem 0xe6c00000-0xe6cfffff 64bit pref]
[    0.278851] pci 0000:00:17.4: PCI bridge to [bus 17]
[    0.278876] pci 0000:00:17.4:   bridge window [mem 0xfc200000-0xfc2fffff]
[    0.278893] pci 0000:00:17.4:   bridge window [mem 0xe6800000-0xe68fffff 64bit pref]
[    0.278929] pci 0000:00:17.5: PCI bridge to [bus 18]
[    0.278953] pci 0000:00:17.5:   bridge window [mem 0xfbe00000-0xfbefffff]
[    0.278970] pci 0000:00:17.5:   bridge window [mem 0xe6400000-0xe64fffff 64bit pref]
[    0.279006] pci 0000:00:17.6: PCI bridge to [bus 19]
[    0.279031] pci 0000:00:17.6:   bridge window [mem 0xfba00000-0xfbafffff]
[    0.279048] pci 0000:00:17.6:   bridge window [mem 0xe6000000-0xe60fffff 64bit pref]
[    0.279084] pci 0000:00:17.7: PCI bridge to [bus 1a]
[    0.279108] pci 0000:00:17.7:   bridge window [mem 0xfb600000-0xfb6fffff]
[    0.279125] pci 0000:00:17.7:   bridge window [mem 0xe5c00000-0xe5cfffff 64bit pref]
[    0.279161] pci 0000:00:18.0: PCI bridge to [bus 1b]
[    0.279171] pci 0000:00:18.0:   bridge window [io  0x7000-0x7fff]
[    0.279195] pci 0000:00:18.0:   bridge window [mem 0xfd100000-0xfd1fffff]
[    0.279212] pci 0000:00:18.0:   bridge window [mem 0xe7700000-0xe77fffff 64bit pref]
[    0.279248] pci 0000:00:18.1: PCI bridge to [bus 1c]
[    0.279258] pci 0000:00:18.1:   bridge window [io  0xb000-0xbfff]
[    0.279282] pci 0000:00:18.1:   bridge window [mem 0xfcd00000-0xfcdfffff]
[    0.279299] pci 0000:00:18.1:   bridge window [mem 0xe7300000-0xe73fffff 64bit pref]
[    0.279335] pci 0000:00:18.2: PCI bridge to [bus 1d]
[    0.279359] pci 0000:00:18.2:   bridge window [mem 0xfc900000-0xfc9fffff]
[    0.279376] pci 0000:00:18.2:   bridge window [mem 0xe6f00000-0xe6ffffff 64bit pref]
[    0.279412] pci 0000:00:18.3: PCI bridge to [bus 1e]
[    0.279437] pci 0000:00:18.3:   bridge window [mem 0xfc500000-0xfc5fffff]
[    0.279454] pci 0000:00:18.3:   bridge window [mem 0xe6b00000-0xe6bfffff 64bit pref]
[    0.279490] pci 0000:00:18.4: PCI bridge to [bus 1f]
[    0.279515] pci 0000:00:18.4:   bridge window [mem 0xfc100000-0xfc1fffff]
[    0.279531] pci 0000:00:18.4:   bridge window [mem 0xe6700000-0xe67fffff 64bit pref]
[    0.279568] pci 0000:00:18.5: PCI bridge to [bus 20]
[    0.279592] pci 0000:00:18.5:   bridge window [mem 0xfbd00000-0xfbdfffff]
[    0.279609] pci 0000:00:18.5:   bridge window [mem 0xe6300000-0xe63fffff 64bit pref]
[    0.279645] pci 0000:00:18.6: PCI bridge to [bus 21]
[    0.279669] pci 0000:00:18.6:   bridge window [mem 0xfb900000-0xfb9fffff]
[    0.279686] pci 0000:00:18.6:   bridge window [mem 0xe5f00000-0xe5ffffff 64bit pref]
[    0.279722] pci 0000:00:18.7: PCI bridge to [bus 22]
[    0.279747] pci 0000:00:18.7:   bridge window [mem 0xfb500000-0xfb5fffff]
[    0.279763] pci 0000:00:18.7:   bridge window [mem 0xe5b00000-0xe5bfffff 64bit pref]
[    0.279801] pci_bus 0000:00: resource 4 [mem 0x000a0000-0x000bffff window]
[    0.279803] pci_bus 0000:00: resource 5 [mem 0x000cc000-0x000cffff window]
[    0.279805] pci_bus 0000:00: resource 6 [mem 0x000d0000-0x000d3fff window]
[    0.279807] pci_bus 0000:00: resource 7 [mem 0x000d4000-0x000d7fff window]
[    0.279808] pci_bus 0000:00: resource 8 [mem 0x000d8000-0x000dbfff window]
[    0.279810] pci_bus 0000:00: resource 9 [mem 0xc0000000-0xfebfffff window]
[    0.279812] pci_bus 0000:00: resource 10 [io  0x0000-0x0cf7 window]
[    0.279814] pci_bus 0000:00: resource 11 [io  0x0d00-0xfeff window]
[    0.279816] pci_bus 0000:02: resource 0 [io  0x2000-0x3fff]
[    0.279818] pci_bus 0000:02: resource 1 [mem 0xfd500000-0xfdffffff]
[    0.279820] pci_bus 0000:02: resource 2 [mem 0xe7b00000-0xe7ffffff 64bit pref]
[    0.279821] pci_bus 0000:02: resource 4 [mem 0x000a0000-0x000bffff window]
[    0.279823] pci_bus 0000:02: resource 5 [mem 0x000cc000-0x000cffff window]
[    0.279825] pci_bus 0000:02: resource 6 [mem 0x000d0000-0x000d3fff window]
[    0.279826] pci_bus 0000:02: resource 7 [mem 0x000d4000-0x000d7fff window]
[    0.279828] pci_bus 0000:02: resource 8 [mem 0x000d8000-0x000dbfff window]
[    0.279830] pci_bus 0000:02: resource 9 [mem 0xc0000000-0xfebfffff window]
[    0.279831] pci_bus 0000:02: resource 10 [io  0x0000-0x0cf7 window]
[    0.279833] pci_bus 0000:02: resource 11 [io  0x0d00-0xfeff window]
[    0.279835] pci_bus 0000:03: resource 0 [io  0x4000-0x4fff]
[    0.279837] pci_bus 0000:03: resource 1 [mem 0xfd400000-0xfd4fffff]
[    0.279839] pci_bus 0000:03: resource 2 [mem 0xe7a00000-0xe7afffff 64bit pref]
[    0.279842] pci_bus 0000:04: resource 0 [io  0x8000-0x8fff]
[    0.279849] pci_bus 0000:04: resource 1 [mem 0xfd000000-0xfd0fffff]
[    0.279851] pci_bus 0000:04: resource 2 [mem 0xe7600000-0xe76fffff 64bit pref]
[    0.279852] pci_bus 0000:05: resource 0 [io  0xc000-0xcfff]
[    0.279854] pci_bus 0000:05: resource 1 [mem 0xfcc00000-0xfccfffff]
[    0.279856] pci_bus 0000:05: resource 2 [mem 0xe7200000-0xe72fffff 64bit pref]
[    0.279858] pci_bus 0000:06: resource 1 [mem 0xfc800000-0xfc8fffff]
[    0.279859] pci_bus 0000:06: resource 2 [mem 0xe6e00000-0xe6efffff 64bit pref]
[    0.279861] pci_bus 0000:07: resource 1 [mem 0xfc400000-0xfc4fffff]
[    0.279863] pci_bus 0000:07: resource 2 [mem 0xe6a00000-0xe6afffff 64bit pref]
[    0.279865] pci_bus 0000:08: resource 1 [mem 0xfc000000-0xfc0fffff]
[    0.279867] pci_bus 0000:08: resource 2 [mem 0xe6600000-0xe66fffff 64bit pref]
[    0.279869] pci_bus 0000:09: resource 1 [mem 0xfbc00000-0xfbcfffff]
[    0.279871] pci_bus 0000:09: resource 2 [mem 0xe6200000-0xe62fffff 64bit pref]
[    0.279873] pci_bus 0000:0a: resource 1 [mem 0xfb800000-0xfb8fffff]
[    0.279874] pci_bus 0000:0a: resource 2 [mem 0xe5e00000-0xe5efffff 64bit pref]
[    0.279876] pci_bus 0000:0b: resource 0 [io  0x5000-0x5fff]
[    0.279878] pci_bus 0000:0b: resource 1 [mem 0xfd300000-0xfd3fffff]
[    0.279879] pci_bus 0000:0b: resource 2 [mem 0xe7900000-0xe79fffff 64bit pref]
[    0.279881] pci_bus 0000:0c: resource 0 [io  0x9000-0x9fff]
[    0.279883] pci_bus 0000:0c: resource 1 [mem 0xfcf00000-0xfcffffff]
[    0.279885] pci_bus 0000:0c: resource 2 [mem 0xe7500000-0xe75fffff 64bit pref]
[    0.279886] pci_bus 0000:0d: resource 0 [io  0xd000-0xdfff]
[    0.279888] pci_bus 0000:0d: resource 1 [mem 0xfcb00000-0xfcbfffff]
[    0.279890] pci_bus 0000:0d: resource 2 [mem 0xe7100000-0xe71fffff 64bit pref]
[    0.279892] pci_bus 0000:0e: resource 1 [mem 0xfc700000-0xfc7fffff]
[    0.279893] pci_bus 0000:0e: resource 2 [mem 0xe6d00000-0xe6dfffff 64bit pref]
[    0.279895] pci_bus 0000:0f: resource 1 [mem 0xfc300000-0xfc3fffff]
[    0.279897] pci_bus 0000:0f: resource 2 [mem 0xe6900000-0xe69fffff 64bit pref]
[    0.279899] pci_bus 0000:10: resource 1 [mem 0xfbf00000-0xfbffffff]
[    0.279901] pci_bus 0000:10: resource 2 [mem 0xe6500000-0xe65fffff 64bit pref]
[    0.279903] pci_bus 0000:11: resource 1 [mem 0xfbb00000-0xfbbfffff]
[    0.279904] pci_bus 0000:11: resource 2 [mem 0xe6100000-0xe61fffff 64bit pref]
[    0.279906] pci_bus 0000:12: resource 1 [mem 0xfb700000-0xfb7fffff]
[    0.279908] pci_bus 0000:12: resource 2 [mem 0xe5d00000-0xe5dfffff 64bit pref]
[    0.279910] pci_bus 0000:13: resource 0 [io  0x6000-0x6fff]
[    0.279912] pci_bus 0000:13: resource 1 [mem 0xfd200000-0xfd2fffff]
[    0.279914] pci_bus 0000:13: resource 2 [mem 0xe7800000-0xe78fffff 64bit pref]
[    0.279915] pci_bus 0000:14: resource 0 [io  0xa000-0xafff]
[    0.279917] pci_bus 0000:14: resource 1 [mem 0xfce00000-0xfcefffff]
[    0.279919] pci_bus 0000:14: resource 2 [mem 0xe7400000-0xe74fffff 64bit pref]
[    0.279921] pci_bus 0000:15: resource 0 [io  0xe000-0xefff]
[    0.279922] pci_bus 0000:15: resource 1 [mem 0xfca00000-0xfcafffff]
[    0.279924] pci_bus 0000:15: resource 2 [mem 0xe7000000-0xe70fffff 64bit pref]
[    0.279926] pci_bus 0000:16: resource 1 [mem 0xfc600000-0xfc6fffff]
[    0.279928] pci_bus 0000:16: resource 2 [mem 0xe6c00000-0xe6cfffff 64bit pref]
[    0.279929] pci_bus 0000:17: resource 1 [mem 0xfc200000-0xfc2fffff]
[    0.279931] pci_bus 0000:17: resource 2 [mem 0xe6800000-0xe68fffff 64bit pref]
[    0.279933] pci_bus 0000:18: resource 1 [mem 0xfbe00000-0xfbefffff]
[    0.279935] pci_bus 0000:18: resource 2 [mem 0xe6400000-0xe64fffff 64bit pref]
[    0.279937] pci_bus 0000:19: resource 1 [mem 0xfba00000-0xfbafffff]
[    0.279938] pci_bus 0000:19: resource 2 [mem 0xe6000000-0xe60fffff 64bit pref]
[    0.279940] pci_bus 0000:1a: resource 1 [mem 0xfb600000-0xfb6fffff]
[    0.279942] pci_bus 0000:1a: resource 2 [mem 0xe5c00000-0xe5cfffff 64bit pref]
[    0.279944] pci_bus 0000:1b: resource 0 [io  0x7000-0x7fff]
[    0.279946] pci_bus 0000:1b: resource 1 [mem 0xfd100000-0xfd1fffff]
[    0.279947] pci_bus 0000:1b: resource 2 [mem 0xe7700000-0xe77fffff 64bit pref]
[    0.279949] pci_bus 0000:1c: resource 0 [io  0xb000-0xbfff]
[    0.279951] pci_bus 0000:1c: resource 1 [mem 0xfcd00000-0xfcdfffff]
[    0.279953] pci_bus 0000:1c: resource 2 [mem 0xe7300000-0xe73fffff 64bit pref]
[    0.279955] pci_bus 0000:1d: resource 1 [mem 0xfc900000-0xfc9fffff]
[    0.279956] pci_bus 0000:1d: resource 2 [mem 0xe6f00000-0xe6ffffff 64bit pref]
[    0.279958] pci_bus 0000:1e: resource 1 [mem 0xfc500000-0xfc5fffff]
[    0.279960] pci_bus 0000:1e: resource 2 [mem 0xe6b00000-0xe6bfffff 64bit pref]
[    0.279962] pci_bus 0000:1f: resource 1 [mem 0xfc100000-0xfc1fffff]
[    0.279963] pci_bus 0000:1f: resource 2 [mem 0xe6700000-0xe67fffff 64bit pref]
[    0.279965] pci_bus 0000:20: resource 1 [mem 0xfbd00000-0xfbdfffff]
[    0.279967] pci_bus 0000:20: resource 2 [mem 0xe6300000-0xe63fffff 64bit pref]
[    0.279969] pci_bus 0000:21: resource 1 [mem 0xfb900000-0xfb9fffff]
[    0.279971] pci_bus 0000:21: resource 2 [mem 0xe5f00000-0xe5ffffff 64bit pref]
[    0.279972] pci_bus 0000:22: resource 1 [mem 0xfb500000-0xfb5fffff]
[    0.279974] pci_bus 0000:22: resource 2 [mem 0xe5b00000-0xe5bfffff 64bit pref]
[    0.280011] NET: Registered protocol family 2
[    0.280192] TCP established hash table entries: 32768 (order: 6, 262144 bytes)
[    0.280275] TCP bind hash table entries: 32768 (order: 7, 524288 bytes)
[    0.280361] TCP: Hash tables configured (established 32768 bind 32768)
[    0.280390] TCP: reno registered
[    0.280396] UDP hash table entries: 2048 (order: 4, 65536 bytes)
[    0.280414] UDP-Lite hash table entries: 2048 (order: 4, 65536 bytes)
[    0.280467] NET: Registered protocol family 1
[    0.280481] pci 0000:00:00.0: Limiting direct PCI/PCI transfers
[    0.280557] pci 0000:00:0f.0: Boot video device
[    0.281547] PCI: CLS mismatch (32 != 64), using 64 bytes
[    0.282157] Unpacking initramfs...
[    0.541024] Freeing initrd memory: 18384k freed
[    0.546230] PCI-DMA: Using software bounce buffering for IO (SWIOTLB)
[    0.546233] software IO TLB [mem 0xbbef0000-0xbfef0000] (64MB) mapped at [ffff9083bbef0000-ffff9083bfeeffff]
[    0.546277] RAPL PMU: API unit is 2^-32 Joules, 3 fixed counters, 10737418240 ms ovfl timer
[    0.546279] RAPL PMU: hw unit of domain pp0-core 2^-0 Joules
[    0.546280] RAPL PMU: hw unit of domain package 2^-0 Joules
[    0.546281] RAPL PMU: hw unit of domain pp1-gpu 2^-0 Joules
[    0.546325] Simple Boot Flag at 0x36 set to 0x80
[    0.546352] Switched to clocksource tsc
[    0.546735] sha1_ssse3: Using AVX optimized SHA-1 implementation
[    0.546791] sha256_ssse3: Using AVX optimized SHA-256 implementation
[    0.547094] futex hash table entries: 512 (order: 3, 32768 bytes)
[    0.547106] Initialise system trusted keyring
[    0.547127] audit: initializing netlink socket (disabled)
[    0.547141] type=2000 audit(1535738060.520:1): initialized
[    0.571813] HugeTLB registered 2 MB page size, pre-allocated 0 pages
[    0.573256] zpool: loaded
[    0.573258] zbud: loaded
[    0.573550] VFS: Disk quotas dquot_6.5.2
[    0.573581] Dquot-cache hash table entries: 512 (order 0, 4096 bytes)
[    0.573763] msgmni has been set to 7574
[    0.573813] Key type big_key registered
[    0.573816] SELinux:  Registering netfilter hooks
[    0.574752] NET: Registered protocol family 38
[    0.574762] Key type asymmetric registered
[    0.574766] Asymmetric key parser 'x509' registered
[    0.574816] Block layer SCSI generic (bsg) driver version 0.4 loaded (major 248)
[    0.574861] io scheduler noop registered
[    0.574865] io scheduler deadline registered (default)
[    0.574893] io scheduler cfq registered
[    0.574897] io scheduler mq-deadline registered
[    0.574901] io scheduler kyber registered
[    0.575246] pcieport 0000:00:15.0: irq 24 for MSI/MSI-X
[    0.575712] pcieport 0000:00:15.1: irq 25 for MSI/MSI-X
[    0.576176] pcieport 0000:00:15.2: irq 26 for MSI/MSI-X
[    0.576629] pcieport 0000:00:15.3: irq 27 for MSI/MSI-X
[    0.577090] pcieport 0000:00:15.4: irq 28 for MSI/MSI-X
[    0.577542] pcieport 0000:00:15.5: irq 29 for MSI/MSI-X
[    0.577999] pcieport 0000:00:15.6: irq 30 for MSI/MSI-X
[    0.578452] pcieport 0000:00:15.7: irq 31 for MSI/MSI-X
[    0.578913] pcieport 0000:00:16.0: irq 32 for MSI/MSI-X
[    0.579371] pcieport 0000:00:16.1: irq 33 for MSI/MSI-X
[    0.579879] pcieport 0000:00:16.2: irq 34 for MSI/MSI-X
[    0.580332] pcieport 0000:00:16.3: irq 35 for MSI/MSI-X
[    0.580785] pcieport 0000:00:16.4: irq 36 for MSI/MSI-X
[    0.581243] pcieport 0000:00:16.5: irq 37 for MSI/MSI-X
[    0.581699] pcieport 0000:00:16.6: irq 38 for MSI/MSI-X
[    0.582160] pcieport 0000:00:16.7: irq 39 for MSI/MSI-X
[    0.582611] pcieport 0000:00:17.0: irq 40 for MSI/MSI-X
[    0.583082] pcieport 0000:00:17.1: irq 41 for MSI/MSI-X
[    0.583535] pcieport 0000:00:17.2: irq 42 for MSI/MSI-X
[    0.584083] pcieport 0000:00:17.3: irq 43 for MSI/MSI-X
[    0.584537] pcieport 0000:00:17.4: irq 44 for MSI/MSI-X
[    0.585000] pcieport 0000:00:17.5: irq 45 for MSI/MSI-X
[    0.585449] pcieport 0000:00:17.6: irq 46 for MSI/MSI-X
[    0.585910] pcieport 0000:00:17.7: irq 47 for MSI/MSI-X
[    0.586363] pcieport 0000:00:18.0: irq 48 for MSI/MSI-X
[    0.586814] pcieport 0000:00:18.1: irq 49 for MSI/MSI-X
[    0.587270] pcieport 0000:00:18.2: irq 50 for MSI/MSI-X
[    0.587751] pcieport 0000:00:18.3: irq 51 for MSI/MSI-X
[    0.588220] pcieport 0000:00:18.4: irq 52 for MSI/MSI-X
[    0.588692] pcieport 0000:00:18.5: irq 53 for MSI/MSI-X
[    0.589160] pcieport 0000:00:18.6: irq 54 for MSI/MSI-X
[    0.589617] pcieport 0000:00:18.7: irq 55 for MSI/MSI-X
[    0.590032] pcieport 0000:00:15.0: Signaling PME through PCIe PME interrupt
[    0.590050] pcie_pme 0000:00:15.0:pcie001: service driver pcie_pme loaded
[    0.590137] pcieport 0000:00:15.1: Signaling PME through PCIe PME interrupt
[    0.590155] pcie_pme 0000:00:15.1:pcie001: service driver pcie_pme loaded
[    0.590240] pcieport 0000:00:15.2: Signaling PME through PCIe PME interrupt
[    0.590257] pcie_pme 0000:00:15.2:pcie001: service driver pcie_pme loaded
[    0.590345] pcieport 0000:00:15.3: Signaling PME through PCIe PME interrupt
[    0.590362] pcie_pme 0000:00:15.3:pcie001: service driver pcie_pme loaded
[    0.590447] pcieport 0000:00:15.4: Signaling PME through PCIe PME interrupt
[    0.590465] pcie_pme 0000:00:15.4:pcie001: service driver pcie_pme loaded
[    0.590549] pcieport 0000:00:15.5: Signaling PME through PCIe PME interrupt
[    0.590566] pcie_pme 0000:00:15.5:pcie001: service driver pcie_pme loaded
[    0.590652] pcieport 0000:00:15.6: Signaling PME through PCIe PME interrupt
[    0.590669] pcie_pme 0000:00:15.6:pcie001: service driver pcie_pme loaded
[    0.590753] pcieport 0000:00:15.7: Signaling PME through PCIe PME interrupt
[    0.590770] pcie_pme 0000:00:15.7:pcie001: service driver pcie_pme loaded
[    0.590863] pcieport 0000:00:16.0: Signaling PME through PCIe PME interrupt
[    0.590881] pcie_pme 0000:00:16.0:pcie001: service driver pcie_pme loaded
[    0.590966] pcieport 0000:00:16.1: Signaling PME through PCIe PME interrupt
[    0.590984] pcie_pme 0000:00:16.1:pcie001: service driver pcie_pme loaded
[    0.591069] pcieport 0000:00:16.2: Signaling PME through PCIe PME interrupt
[    0.591087] pcie_pme 0000:00:16.2:pcie001: service driver pcie_pme loaded
[    0.591172] pcieport 0000:00:16.3: Signaling PME through PCIe PME interrupt
[    0.591190] pcie_pme 0000:00:16.3:pcie001: service driver pcie_pme loaded
[    0.591276] pcieport 0000:00:16.4: Signaling PME through PCIe PME interrupt
[    0.591293] pcie_pme 0000:00:16.4:pcie001: service driver pcie_pme loaded
[    0.591379] pcieport 0000:00:16.5: Signaling PME through PCIe PME interrupt
[    0.591396] pcie_pme 0000:00:16.5:pcie001: service driver pcie_pme loaded
[    0.591481] pcieport 0000:00:16.6: Signaling PME through PCIe PME interrupt
[    0.591498] pcie_pme 0000:00:16.6:pcie001: service driver pcie_pme loaded
[    0.591582] pcieport 0000:00:16.7: Signaling PME through PCIe PME interrupt
[    0.591599] pcie_pme 0000:00:16.7:pcie001: service driver pcie_pme loaded
[    0.591683] pcieport 0000:00:17.0: Signaling PME through PCIe PME interrupt
[    0.591700] pcie_pme 0000:00:17.0:pcie001: service driver pcie_pme loaded
[    0.591785] pcieport 0000:00:17.1: Signaling PME through PCIe PME interrupt
[    0.591803] pcie_pme 0000:00:17.1:pcie001: service driver pcie_pme loaded
[    0.591893] pcieport 0000:00:17.2: Signaling PME through PCIe PME interrupt
[    0.591910] pcie_pme 0000:00:17.2:pcie001: service driver pcie_pme loaded
[    0.591995] pcieport 0000:00:17.3: Signaling PME through PCIe PME interrupt
[    0.592013] pcie_pme 0000:00:17.3:pcie001: service driver pcie_pme loaded
[    0.592098] pcieport 0000:00:17.4: Signaling PME through PCIe PME interrupt
[    0.592115] pcie_pme 0000:00:17.4:pcie001: service driver pcie_pme loaded
[    0.592200] pcieport 0000:00:17.5: Signaling PME through PCIe PME interrupt
[    0.592217] pcie_pme 0000:00:17.5:pcie001: service driver pcie_pme loaded
[    0.592302] pcieport 0000:00:17.6: Signaling PME through PCIe PME interrupt
[    0.592319] pcie_pme 0000:00:17.6:pcie001: service driver pcie_pme loaded
[    0.592402] pcieport 0000:00:17.7: Signaling PME through PCIe PME interrupt
[    0.592419] pcie_pme 0000:00:17.7:pcie001: service driver pcie_pme loaded
[    0.592505] pcieport 0000:00:18.0: Signaling PME through PCIe PME interrupt
[    0.592522] pcie_pme 0000:00:18.0:pcie001: service driver pcie_pme loaded
[    0.592606] pcieport 0000:00:18.1: Signaling PME through PCIe PME interrupt
[    0.592623] pcie_pme 0000:00:18.1:pcie001: service driver pcie_pme loaded
[    0.592706] pcieport 0000:00:18.2: Signaling PME through PCIe PME interrupt
[    0.592723] pcie_pme 0000:00:18.2:pcie001: service driver pcie_pme loaded
[    0.592808] pcieport 0000:00:18.3: Signaling PME through PCIe PME interrupt
[    0.592825] pcie_pme 0000:00:18.3:pcie001: service driver pcie_pme loaded
[    0.592914] pcieport 0000:00:18.4: Signaling PME through PCIe PME interrupt
[    0.592931] pcie_pme 0000:00:18.4:pcie001: service driver pcie_pme loaded
[    0.593015] pcieport 0000:00:18.5: Signaling PME through PCIe PME interrupt
[    0.593032] pcie_pme 0000:00:18.5:pcie001: service driver pcie_pme loaded
[    0.593117] pcieport 0000:00:18.6: Signaling PME through PCIe PME interrupt
[    0.593134] pcie_pme 0000:00:18.6:pcie001: service driver pcie_pme loaded
[    0.593218] pcieport 0000:00:18.7: Signaling PME through PCIe PME interrupt
[    0.593236] pcie_pme 0000:00:18.7:pcie001: service driver pcie_pme loaded
[    0.593257] pci_hotplug: PCI Hot Plug PCI Core version: 0.5
[    0.593288] pciehp 0000:00:15.0:pcie004: Slot #160 AttnBtn+ PwrCtrl+ MRL- AttnInd- PwrInd- HotPlug+ Surprise- Interlock- NoCompl+ LLActRep+
[    0.593341] pciehp 0000:00:15.0:pcie004: service driver pciehp loaded
[    0.593370] pciehp 0000:00:15.1:pcie004: Slot #161 AttnBtn+ PwrCtrl+ MRL- AttnInd- PwrInd- HotPlug+ Surprise- Interlock- NoCompl+ LLActRep+
[    0.593412] pciehp 0000:00:15.1:pcie004: service driver pciehp loaded
[    0.593442] pciehp 0000:00:15.2:pcie004: Slot #162 AttnBtn+ PwrCtrl+ MRL- AttnInd- PwrInd- HotPlug+ Surprise- Interlock- NoCompl+ LLActRep+
[    0.593485] pciehp 0000:00:15.2:pcie004: service driver pciehp loaded
[    0.593513] pciehp 0000:00:15.3:pcie004: Slot #163 AttnBtn+ PwrCtrl+ MRL- AttnInd- PwrInd- HotPlug+ Surprise- Interlock- NoCompl+ LLActRep+
[    0.593555] pciehp 0000:00:15.3:pcie004: service driver pciehp loaded
[    0.593585] pciehp 0000:00:15.4:pcie004: Slot #164 AttnBtn+ PwrCtrl+ MRL- AttnInd- PwrInd- HotPlug+ Surprise- Interlock- NoCompl+ LLActRep+
[    0.593627] pciehp 0000:00:15.4:pcie004: service driver pciehp loaded
[    0.593656] pciehp 0000:00:15.5:pcie004: Slot #165 AttnBtn+ PwrCtrl+ MRL- AttnInd- PwrInd- HotPlug+ Surprise- Interlock- NoCompl+ LLActRep+
[    0.593699] pciehp 0000:00:15.5:pcie004: service driver pciehp loaded
[    0.593731] pciehp 0000:00:15.6:pcie004: Slot #166 AttnBtn+ PwrCtrl+ MRL- AttnInd- PwrInd- HotPlug+ Surprise- Interlock- NoCompl+ LLActRep+
[    0.593772] pciehp 0000:00:15.6:pcie004: service driver pciehp loaded
[    0.593801] pciehp 0000:00:15.7:pcie004: Slot #167 AttnBtn+ PwrCtrl+ MRL- AttnInd- PwrInd- HotPlug+ Surprise- Interlock- NoCompl+ LLActRep+
[    0.593850] pciehp 0000:00:15.7:pcie004: service driver pciehp loaded
[    0.593878] pciehp 0000:00:16.0:pcie004: Slot #192 AttnBtn+ PwrCtrl+ MRL- AttnInd- PwrInd- HotPlug+ Surprise- Interlock- NoCompl+ LLActRep+
[    0.593920] pciehp 0000:00:16.0:pcie004: service driver pciehp loaded
[    0.593949] pciehp 0000:00:16.1:pcie004: Slot #193 AttnBtn+ PwrCtrl+ MRL- AttnInd- PwrInd- HotPlug+ Surprise- Interlock- NoCompl+ LLActRep+
[    0.593990] pciehp 0000:00:16.1:pcie004: service driver pciehp loaded
[    0.594019] pciehp 0000:00:16.2:pcie004: Slot #194 AttnBtn+ PwrCtrl+ MRL- AttnInd- PwrInd- HotPlug+ Surprise- Interlock- NoCompl+ LLActRep+
[    0.594062] pciehp 0000:00:16.2:pcie004: service driver pciehp loaded
[    0.594091] pciehp 0000:00:16.3:pcie004: Slot #195 AttnBtn+ PwrCtrl+ MRL- AttnInd- PwrInd- HotPlug+ Surprise- Interlock- NoCompl+ LLActRep+
[    0.594135] pciehp 0000:00:16.3:pcie004: service driver pciehp loaded
[    0.594164] pciehp 0000:00:16.4:pcie004: Slot #196 AttnBtn+ PwrCtrl+ MRL- AttnInd- PwrInd- HotPlug+ Surprise- Interlock- NoCompl+ LLActRep+
[    0.594207] pciehp 0000:00:16.4:pcie004: service driver pciehp loaded
[    0.594236] pciehp 0000:00:16.5:pcie004: Slot #197 AttnBtn+ PwrCtrl+ MRL- AttnInd- PwrInd- HotPlug+ Surprise- Interlock- NoCompl+ LLActRep+
[    0.594277] pciehp 0000:00:16.5:pcie004: service driver pciehp loaded
[    0.594306] pciehp 0000:00:16.6:pcie004: Slot #198 AttnBtn+ PwrCtrl+ MRL- AttnInd- PwrInd- HotPlug+ Surprise- Interlock- NoCompl+ LLActRep+
[    0.594347] pciehp 0000:00:16.6:pcie004: service driver pciehp loaded
[    0.594376] pciehp 0000:00:16.7:pcie004: Slot #199 AttnBtn+ PwrCtrl+ MRL- AttnInd- PwrInd- HotPlug+ Surprise- Interlock- NoCompl+ LLActRep+
[    0.594417] pciehp 0000:00:16.7:pcie004: service driver pciehp loaded
[    0.594448] pciehp 0000:00:17.0:pcie004: Slot #224 AttnBtn+ PwrCtrl+ MRL- AttnInd- PwrInd- HotPlug+ Surprise- Interlock- NoCompl+ LLActRep+
[    0.594489] pciehp 0000:00:17.0:pcie004: service driver pciehp loaded
[    0.594518] pciehp 0000:00:17.1:pcie004: Slot #225 AttnBtn+ PwrCtrl+ MRL- AttnInd- PwrInd- HotPlug+ Surprise- Interlock- NoCompl+ LLActRep+
[    0.594561] pciehp 0000:00:17.1:pcie004: service driver pciehp loaded
[    0.594589] pciehp 0000:00:17.2:pcie004: Slot #226 AttnBtn+ PwrCtrl+ MRL- AttnInd- PwrInd- HotPlug+ Surprise- Interlock- NoCompl+ LLActRep+
[    0.594630] pciehp 0000:00:17.2:pcie004: service driver pciehp loaded
[    0.594658] pciehp 0000:00:17.3:pcie004: Slot #227 AttnBtn+ PwrCtrl+ MRL- AttnInd- PwrInd- HotPlug+ Surprise- Interlock- NoCompl+ LLActRep+
[    0.594699] pciehp 0000:00:17.3:pcie004: service driver pciehp loaded
[    0.594728] pciehp 0000:00:17.4:pcie004: Slot #228 AttnBtn+ PwrCtrl+ MRL- AttnInd- PwrInd- HotPlug+ Surprise- Interlock- NoCompl+ LLActRep+
[    0.594770] pciehp 0000:00:17.4:pcie004: service driver pciehp loaded
[    0.594804] pciehp 0000:00:17.5:pcie004: Slot #229 AttnBtn+ PwrCtrl+ MRL- AttnInd- PwrInd- HotPlug+ Surprise- Interlock- NoCompl+ LLActRep+
[    0.594852] pciehp 0000:00:17.5:pcie004: service driver pciehp loaded
[    0.594881] pciehp 0000:00:17.6:pcie004: Slot #230 AttnBtn+ PwrCtrl+ MRL- AttnInd- PwrInd- HotPlug+ Surprise- Interlock- NoCompl+ LLActRep+
[    0.594922] pciehp 0000:00:17.6:pcie004: service driver pciehp loaded
[    0.594950] pciehp 0000:00:17.7:pcie004: Slot #231 AttnBtn+ PwrCtrl+ MRL- AttnInd- PwrInd- HotPlug+ Surprise- Interlock- NoCompl+ LLActRep+
[    0.594993] pciehp 0000:00:17.7:pcie004: service driver pciehp loaded
[    0.595021] pciehp 0000:00:18.0:pcie004: Slot #256 AttnBtn+ PwrCtrl+ MRL- AttnInd- PwrInd- HotPlug+ Surprise- Interlock- NoCompl+ LLActRep+
[    0.595063] pciehp 0000:00:18.0:pcie004: service driver pciehp loaded
[    0.595092] pciehp 0000:00:18.1:pcie004: Slot #257 AttnBtn+ PwrCtrl+ MRL- AttnInd- PwrInd- HotPlug+ Surprise- Interlock- NoCompl+ LLActRep+
[    0.595133] pciehp 0000:00:18.1:pcie004: service driver pciehp loaded
[    0.595161] pciehp 0000:00:18.2:pcie004: Slot #258 AttnBtn+ PwrCtrl+ MRL- AttnInd- PwrInd- HotPlug+ Surprise- Interlock- NoCompl+ LLActRep+
[    0.595204] pciehp 0000:00:18.2:pcie004: service driver pciehp loaded
[    0.595232] pciehp 0000:00:18.3:pcie004: Slot #259 AttnBtn+ PwrCtrl+ MRL- AttnInd- PwrInd- HotPlug+ Surprise- Interlock- NoCompl+ LLActRep+
[    0.595274] pciehp 0000:00:18.3:pcie004: service driver pciehp loaded
[    0.595302] pciehp 0000:00:18.4:pcie004: Slot #260 AttnBtn+ PwrCtrl+ MRL- AttnInd- PwrInd- HotPlug+ Surprise- Interlock- NoCompl+ LLActRep+
[    0.595344] pciehp 0000:00:18.4:pcie004: service driver pciehp loaded
[    0.595372] pciehp 0000:00:18.5:pcie004: Slot #261 AttnBtn+ PwrCtrl+ MRL- AttnInd- PwrInd- HotPlug+ Surprise- Interlock- NoCompl+ LLActRep+
[    0.595413] pciehp 0000:00:18.5:pcie004: service driver pciehp loaded
[    0.595441] pciehp 0000:00:18.6:pcie004: Slot #262 AttnBtn+ PwrCtrl+ MRL- AttnInd- PwrInd- HotPlug+ Surprise- Interlock- NoCompl+ LLActRep+
[    0.595484] pciehp 0000:00:18.6:pcie004: service driver pciehp loaded
[    0.595513] pciehp 0000:00:18.7:pcie004: Slot #263 AttnBtn+ PwrCtrl+ MRL- AttnInd- PwrInd- HotPlug+ Surprise- Interlock- NoCompl+ LLActRep+
[    0.595554] pciehp 0000:00:18.7:pcie004: service driver pciehp loaded
[    0.595559] pciehp: PCI Express Hot Plug Controller Driver version: 0.4
[    0.595638] intel_idle: does not run on family 6 model 58
[    0.595861] ACPI: AC Adapter [ACAD] (on-line)
[    0.595948] input: Power Button as /devices/LNXSYSTM:00/LNXPWRBN:00/input/input0
[    0.595952] ACPI: Power Button [PWRF]
[    0.596239] GHES: HEST is not enabled!
[    0.596328] Serial: 8250/16550 driver, 4 ports, IRQ sharing enabled
[    0.596959] Non-volatile memory driver v1.3
[    0.596991] Linux agpgart interface v0.103
[    0.597100] agpgart-intel 0000:00:00.0: Intel 440BX Chipset
[    0.597978] agpgart-intel 0000:00:00.0: AGP aperture is 256M @ 0x0
[    0.598062] crash memory driver: version 1.1
[    0.598127] rdac: device handler registered
[    0.598163] hp_sw: device handler registered
[    0.598166] emc: device handler registered
[    0.598198] alua: device handler registered
[    0.598237] libphy: Fixed MDIO Bus: probed
[    0.598289] ehci_hcd: USB 2.0 'Enhanced' Host Controller (EHCI) Driver
[    0.598294] ehci-pci: EHCI PCI platform driver
[    0.598654] ehci-pci 0000:02:02.0: EHCI Host Controller
[    0.598700] ehci-pci 0000:02:02.0: new USB bus registered, assigned bus number 1
[    0.598878] ehci-pci 0000:02:02.0: cache line size of 64 is not supported
[    0.598894] ehci-pci 0000:02:02.0: irq 16, io mem 0xfd5ef000
[    0.604868] ehci-pci 0000:02:02.0: USB 2.0 started, EHCI 1.00
[    0.604922] usb usb1: New USB device found, idVendor=1d6b, idProduct=0002
[    0.604924] usb usb1: New USB device strings: Mfr=3, Product=2, SerialNumber=1
[    0.604926] usb usb1: Product: EHCI Host Controller
[    0.604928] usb usb1: Manufacturer: Linux 3.10.0-862.11.6.el7.x86_64 ehci_hcd
[    0.604930] usb usb1: SerialNumber: 0000:02:02.0
[    0.605046] hub 1-0:1.0: USB hub found
[    0.605051] hub 1-0:1.0: 6 ports detected
[    0.605243] ohci_hcd: USB 1.1 'Open' Host Controller (OHCI) Driver
[    0.605247] ohci-pci: OHCI PCI platform driver
[    0.605259] uhci_hcd: USB Universal Host Controller Interface driver
[    0.605579] uhci_hcd 0000:02:00.0: UHCI Host Controller
[    0.605626] uhci_hcd 0000:02:00.0: new USB bus registered, assigned bus number 2
[    0.605669] uhci_hcd 0000:02:00.0: detected 2 ports
[    0.605807] uhci_hcd 0000:02:00.0: irq 18, io base 0x00002040
[    0.606037] usb usb2: New USB device found, idVendor=1d6b, idProduct=0001
[    0.606039] usb usb2: New USB device strings: Mfr=3, Product=2, SerialNumber=1
[    0.606041] usb usb2: Product: UHCI Host Controller
[    0.606043] usb usb2: Manufacturer: Linux 3.10.0-862.11.6.el7.x86_64 uhci_hcd
[    0.606044] usb usb2: SerialNumber: 0000:02:00.0
[    0.606139] hub 2-0:1.0: USB hub found
[    0.606143] hub 2-0:1.0: 2 ports detected
[    0.606318] usbcore: registered new interface driver usbserial
[    0.606324] usbcore: registered new interface driver usbserial_generic
[    0.606330] usbserial: USB Serial support registered for generic
[    0.606359] i8042: PNP: PS/2 Controller [PNP0303:KBC,PNP0f13:MOUS] at 0x60,0x64 irq 1,12
[    0.607103] serio: i8042 KBD port at 0x60,0x64 irq 1
[    0.607108] serio: i8042 AUX port at 0x60,0x64 irq 12
[    0.607211] mousedev: PS/2 mouse device common for all mice
[    0.607694] rtc_cmos 00:01: rtc core: registered rtc_cmos as rtc0
[    0.607763] rtc_cmos 00:01: alarms up to one month, y3k, 114 bytes nvram, hpet irqs
[    0.607827] cpuidle: using governor menu
[    0.608977] hidraw: raw HID events driver (C) Jiri Kosina
[    0.609096] usbcore: registered new interface driver usbhid
[    0.609098] usbhid: USB HID core driver
[    0.609200] drop_monitor: Initializing network drop monitor service
[    0.609269] TCP: cubic registered
[    0.609274] Initializing XFRM netlink socket
[    0.609388] NET: Registered protocol family 10
[    0.609620] NET: Registered protocol family 17
[    0.609628] mpls_gso: MPLS GSO support
[    0.609775] microcode: sig=0x306a0, pf=0x1, revision=0x2000043
[    0.609834] microcode: Microcode Update Driver: v2.01 <tigran@aivazian.fsnet.co.uk>, Peter Oruba
[    0.609984] PM: Hibernation image not present or could not be loaded.
[    0.609988] Loading compiled-in X.509 certificates
[    0.610011] Loaded X.509 cert 'CentOS Linux kpatch signing key: ea0413152cde1d98ebdca3fe6f0230904c9ef717'
[    0.610023] Loaded X.509 cert 'CentOS Linux Driver update signing key: 7f421ee0ab69461574bb358861dbe77762a4201b'
[    0.610079] input: AT Translated Set 2 keyboard as /devices/platform/i8042/serio0/input/input1
[    0.610421] Loaded X.509 cert 'CentOS Linux kernel signing key: d4115f110055db56c8d605ab752173cfb1ac54d8'
[    0.610439] registered taskstats version 1
[    0.610507] input: VirtualPS/2 VMware VMMouse as /devices/platform/i8042/serio1/input/input2
[    0.610716] input: VirtualPS/2 VMware VMMouse as /devices/platform/i8042/serio1/input/input3
[    0.612705] Key type trusted registered
[    0.614449] Key type encrypted registered
[    0.614467] IMA: No TPM chip found, activating TPM-bypass! (rc=-19)
[    0.617549]   Magic number: 14:38:948
[    0.617581] tty tty5: hash matches
[    0.617660] memory memory1: hash matches
[    0.617727] rtc_cmos 00:01: setting system clock to 2018-08-31 17:54:20 UTC (1535738060)
[    0.618488] Freeing unused kernel memory: 1836k freed
[    0.618923] Write protecting the kernel read-only data: 12288k
[    0.620540] Freeing unused kernel memory: 832k freed
[    0.621884] Freeing unused kernel memory: 676k freed
[    0.624463] random: systemd: uninitialized urandom read (16 bytes read)
[    0.624694] random: systemd: uninitialized urandom read (16 bytes read)
[    0.624706] random: systemd: uninitialized urandom read (16 bytes read)
[    0.625478] systemd[1]: systemd 219 running in system mode. (+PAM +AUDIT +SELINUX +IMA -APPARMOR +SMACK +SYSVINIT +UTMP +LIBCRYPTSETUP +GCRYPT +GNUTLS +ACL +XZ +LZ4 -SECCOMP +BLKID +ELFUTILS +KMOD +IDN)
[    0.625493] systemd[1]: Detected virtualization vmware.
[    0.625500] systemd[1]: Detected architecture x86-64.
[    0.625502] systemd[1]: Running in initial RAM disk.
[    0.625526] systemd[1]: Set hostname to <localhost.localdomain>.
[    0.650956] random: systemd: uninitialized urandom read (16 bytes read)
[    0.650975] random: systemd: uninitialized urandom read (16 bytes read)
[    0.651003] random: systemd: uninitialized urandom read (16 bytes read)
[    0.651052] random: systemd: uninitialized urandom read (16 bytes read)
[    0.651585] random: systemd: uninitialized urandom read (16 bytes read)
[    0.651704] random: systemd: uninitialized urandom read (16 bytes read)
[    0.651962] random: systemd: uninitialized urandom read (16 bytes read)
[    0.655171] systemd[1]: Created slice Root Slice.
[    0.655180] systemd[1]: Starting Root Slice.
[    0.655190] systemd[1]: Reached target Local File Systems.
[    0.655196] systemd[1]: Starting Local File Systems.
[    0.655234] systemd[1]: Listening on udev Control Socket.
[    0.655240] systemd[1]: Starting udev Control Socket.
[    0.655300] systemd[1]: Created slice System Slice.
[    0.655307] systemd[1]: Starting System Slice.
[    0.655350] systemd[1]: Listening on Journal Socket.
[    0.655357] systemd[1]: Starting Journal Socket.
[    0.655727] systemd[1]: Starting Setup Virtual Console...
[    0.656194] systemd[1]: Starting Create list of required static device nodes for the current kernel...
[    0.656222] systemd[1]: Reached target Slices.
[    0.656231] systemd[1]: Starting Slices.
[    0.656247] systemd[1]: Reached target Swap.
[    0.656252] systemd[1]: Starting Swap.
[    0.656262] systemd[1]: Reached target Timers.
[    0.656267] systemd[1]: Starting Timers.
[    0.656621] systemd[1]: Starting Journal Service...
[    0.657065] systemd[1]: Starting dracut cmdline hook...
[    0.657106] systemd[1]: Listening on udev Kernel Socket.
[    0.657113] systemd[1]: Starting udev Kernel Socket.
[    0.657123] systemd[1]: Reached target Sockets.
[    0.657129] systemd[1]: Starting Sockets.
[    0.657622] systemd[1]: Starting Apply Kernel Variables...
[    0.662340] systemd[1]: Started Create list of required static device nodes for the current kernel.
[    0.663056] systemd[1]: Starting Create Static Device Nodes in /dev...
[    0.664037] systemd[1]: Started Apply Kernel Variables.
[    0.671264] systemd[1]: Started Create Static Device Nodes in /dev.
[    0.708239] systemd[1]: Started Journal Service.
[    0.903133] e1000: Intel(R) PRO/1000 Network Driver - version 7.3.21-k8-NAPI
[    0.903137] e1000: Copyright (c) 1999-2006 Intel Corporation.
[    0.908045] Fusion MPT base driver 3.04.20
[    0.908047] Copyright (c) 1999-2008 LSI Corporation
[    0.908855] usb 2-1: new full-speed USB device number 2 using uhci_hcd
[    0.941796] Fusion MPT SPI Host driver 3.04.20
[    0.941977] libata version 3.00 loaded.
[    0.968263] mptbase: ioc0: Initiating bringup
[    1.008879] ioc0: LSI53C1030 B0: Capabilities={Initiator}
[    1.053095] usb 2-1: New USB device found, idVendor=0e0f, idProduct=0003
[    1.053098] usb 2-1: New USB device strings: Mfr=1, Product=2, SerialNumber=0
[    1.053101] usb 2-1: Product: VMware Virtual USB Mouse
[    1.053103] usb 2-1: Manufacturer: VMware
[    1.069409] scsi host0: ioc0: LSI53C1030 B0, FwRev=01032920h, Ports=1, MaxQ=128, IRQ=17
[    1.071121] input: VMware VMware Virtual USB Mouse as /devices/pci0000:00/0000:00:11.0/0000:02:00.0/usb2/2-1/2-1:1.0/input/input4
[    1.071292] hid-generic 0003:0E0F:0003.0001: input,hidraw0: USB HID v1.10 Mouse [VMware VMware Virtual USB Mouse] on usb-0000:02:00.0-1/input0
[    1.098008] scsi 0:0:0:0: Direct-Access     VMware   Virtual disk     2.0  PQ: 0 ANSI: 6
[    1.098206] ata_piix 0000:00:07.1: version 2.13
[    1.098741] scsi host1: ata_piix
[    1.098835] scsi host2: ata_piix
[    1.098881] ata1: PATA max UDMA/33 cmd 0x1f0 ctl 0x3f6 bmdma 0x1060 irq 14
[    1.098883] ata2: PATA max UDMA/33 cmd 0x170 ctl 0x376 bmdma 0x1068 irq 15
[    1.100063] [drm] DMA map mode: Using physical TTM page addresses.
[    1.100210] [drm] Capabilities:
[    1.100211] [drm]   Rect copy.
[    1.100212] [drm]   Cursor.
[    1.100213] [drm]   Cursor bypass.
[    1.100213] [drm]   Cursor bypass 2.
[    1.100214] [drm]   8bit emulation.
[    1.100215] [drm]   Alpha cursor.
[    1.100216] [drm]   Extended Fifo.
[    1.100217] [drm]   Multimon.
[    1.100218] [drm]   Pitchlock.
[    1.100218] [drm]   Irq mask.
[    1.100219] [drm]   Display Topology.
[    1.100220] [drm]   GMR.
[    1.100221] [drm]   Traces.
[    1.100222] [drm]   GMR2.
[    1.100223] [drm]   Screen Object 2.
[    1.100224] [drm]   Command Buffers.
[    1.100225] [drm]   Command Buffers 2.
[    1.100226] [drm]   Guest Backed Resources.
[    1.100226] [drm]   DX Features.
[    1.100227] [drm] Max GMR ids is 64
[    1.100228] [drm] Max number of GMR pages is 65536
[    1.100230] [drm] Max dedicated hypervisor surface memory is 0 kiB
[    1.100231] [drm] Maximum display memory size is 9024 kiB
[    1.100232] [drm] VRAM at 0xe8000000 size is 4096 kiB
[    1.100233] [drm] MMIO at 0xfe000000 size is 256 kiB
[    1.100235] [drm] global init.
[    1.100289] [TTM] Zone  kernel: Available graphics memory: 1940652 kiB
[    1.100290] [TTM] Initializing pool allocator
[    1.100294] [TTM] Initializing DMA pool allocator
[    1.100397] [drm] Supports vblank timestamp caching Rev 2 (21.10.2013).
[    1.100398] [drm] No driver support for vblank timestamp query.
[    1.100687] [drm] Screen Target Display device initialized
[    1.100744] [drm] width 800
[    1.100751] [drm] height 480
[    1.100758] [drm] bpp 32
[    1.102168] [drm] Fifo max 0x00040000 min 0x00001000 cap 0x0000077f
[    1.103633] [drm] Using command buffers with DMA pool.
[    1.103640] [drm] DX: no.
[    1.103641] [drm] Atomic: yes
[    1.107341] fbcon: svgadrmfb (fb0) is primary device
[    1.110460] Console: switching to colour frame buffer device 100x37
[    1.111372] [drm] Initialized vmwgfx 2.14.0 20170612 for 0000:00:0f.0 on minor 0
[    1.129907] scsi target0:0:0: Beginning Domain Validation
[    1.130208] scsi target0:0:0: Domain Validation skipping write tests
[    1.130210] scsi target0:0:0: Ending Domain Validation
[    1.130229] scsi target0:0:0: FAST-80 WIDE SCSI 160.0 MB/s DT (12.5 ns, offset 127)
[    1.173856] usb 2-2: new full-speed USB device number 3 using uhci_hcd
[    1.263923] ata2.00: ATAPI: VMware Virtual IDE CDROM Drive, 00000001, max UDMA/33
[    1.268293] e1000 0000:02:01.0 eth0: (PCI:66MHz:32-bit) 00:50:56:b9:2f:4b
[    1.268299] e1000 0000:02:01.0 eth0: Intel(R) PRO/1000 Network Connection
[    1.269925] ata2.00: configured for UDMA/33
[    1.270272] scsi 2:0:0:0: CD-ROM            NECVMWar VMware IDE CDR10 1.00 PQ: 0 ANSI: 5
[    1.282615] sr 2:0:0:0: [sr0] scsi3-mmc drive: 1x/1x writer dvd-ram cd/rw xa/form2 cdda tray
[    1.282618] cdrom: Uniform CD-ROM driver Revision: 3.20
[    1.284012] sr 2:0:0:0: Attached scsi CD-ROM sr0
[    1.287272] sd 0:0:0:0: [sda] 41943040 512-byte logical blocks: (21.4 GB/20.0 GiB)
[    1.287325] sd 0:0:0:0: [sda] Write Protect is off
[    1.287327] sd 0:0:0:0: [sda] Mode Sense: 61 00 00 00
[    1.287341] sd 0:0:0:0: [sda] Cache data unavailable
[    1.287343] sd 0:0:0:0: [sda] Assuming drive cache: write through
[    1.289029]  sda: sda1 sda2 sda3 sda4 < sda5 >
[    1.289483] sd 0:0:0:0: [sda] Attached SCSI disk
[    1.305270] random: fast init done
[    1.313411] usb 2-2: New USB device found, idVendor=0e0f, idProduct=0002
[    1.313415] usb 2-2: New USB device strings: Mfr=0, Product=1, SerialNumber=0
[    1.313417] usb 2-2: Product: VMware Virtual USB Hub
[    1.327092] hub 2-2:1.0: USB hub found
[    1.333176] hub 2-2:1.0: 7 ports detected
[    1.487155] SGI XFS with ACLs, security attributes, no debug enabled
[    1.488934] XFS (sda1): Mounting V5 Filesystem
[    1.520761] XFS (sda1): Ending clean mount
[    1.725622] systemd-journald[92]: Received SIGTERM from PID 1 (systemd).
[    1.790804] type=1404 audit(1535738061.671:2): enforcing=1 old_enforcing=0 auid=4294967295 ses=4294967295
[    1.819999] SELinux: 2048 avtab hash slots, 106487 rules.
[    1.859856] SELinux: 2048 avtab hash slots, 106487 rules.
[    1.883164] SELinux:  8 users, 14 roles, 5009 types, 310 bools, 1 sens, 1024 cats
[    1.883168] SELinux:  97 classes, 106487 rules
[    1.886651] SELinux:  Completing initialization.
[    1.886653] SELinux:  Setting up existing superblocks.
[    1.896290] type=1403 audit(1535738061.777:3): policy loaded auid=4294967295 ses=4294967295
[    1.901578] systemd[1]: Successfully loaded SELinux policy in 111.201ms.
[    1.935876] ip_tables: (C) 2000-2006 Netfilter Core Team
[    1.935917] systemd[1]: Inserted module 'ip_tables'
[    1.948544] systemd[1]: Relabelled /dev and /run in 10.869ms.
[    2.238882] shpchp: Standard Hot Plug PCI Controller Driver version: 0.4
[    2.242736] piix4_smbus 0000:00:07.3: SMBus Host Controller not enabled!
[    2.244115] vmw_vmci 0000:00:07.7: Found VMCI PCI device at 0x11080, irq 16
[    2.244177] vmw_vmci 0000:00:07.7: Using capabilities 0xc
[    2.244337] vmw_vmci 0000:00:07.7: irq 56 for MSI/MSI-X
[    2.244376] vmw_vmci 0000:00:07.7: irq 57 for MSI/MSI-X
[    2.245749] Guest personality initialized and is active
[    2.246131] VMCI host device registered (name=vmci, major=10, minor=58)
[    2.246133] Initialized host personality
[    2.364036] sd 0:0:0:0: Attached scsi generic sg0 type 0
[    2.364074] sr 2:0:0:0: Attached scsi generic sg1 type 5
[    2.383618] input: PC Speaker as /devices/platform/pcspkr/input/input5
[    2.414122] cryptd: max_cpu_qlen set to 100
[    2.464031] AVX version of gcm_enc/dec engaged.
[    2.464034] AES CTR mode by8 optimization enabled
[    2.468504] Adding 1952764k swap on /dev/sda2.  Priority:-1 extents:1 across:1952764k FS
[    2.472798] ppdev: user-space parallel port driver
[    2.473982] XFS (sda3): Mounting V5 Filesystem
[    2.473990] XFS (sda5): Mounting V5 Filesystem
[    2.476575] alg: No test for __gcm-aes-aesni (__driver-gcm-aes-aesni)
[    2.476643] alg: No test for __generic-gcm-aes-aesni (__driver-generic-gcm-aes-aesni)
[    2.557770] XFS (sda5): Ending clean mount
[    2.627884] random: crng init done
[    4.031668] XFS (sda3): Ending clean mount
[    4.048996] systemd-journald[362]: Received request to flush runtime journal from PID 1
[    4.130456] type=1305 audit(1535738064.011:4): audit_pid=517 old=0 auid=4294967295 ses=4294967295 subj=system_u:system_r:auditd_t:s0 res=1
[    4.437873] NET: Registered protocol family 40
[    4.989830] ip6_tables: (C) 2000-2006 Netfilter Core Team
[    5.026151] Ebtables v2.0 registered
[    5.094464] nf_conntrack version 0.5.0 (16384 buckets, 65536 max)
