[    0.000000] Linux version 4.19.0-rc2+ (schwiegera1@localhost.localdomain) (gcc version 4.8.5 20150623 (Red Hat 4.8.5-28) (GCC)) #1 SMP Sun Sep 9 14:55:16 EDT 2018
[    0.000000] Command line: BOOT_IMAGE=/boot/vmlinuz-4.19.0-rc2+ root=UUID=fcb26450-df3b-4470-a0d7-f370f2b664fc ro crashkernel=auto rhgb quiet LANG=en_US.UTF-8
[    0.000000] Disabled fast string operations
[    0.000000] x86/fpu: Supporting XSAVE feature 0x001: 'x87 floating point registers'
[    0.000000] x86/fpu: Supporting XSAVE feature 0x002: 'SSE registers'
[    0.000000] x86/fpu: Supporting XSAVE feature 0x004: 'AVX registers'
[    0.000000] x86/fpu: xstate_offset[2]:  576, xstate_sizes[2]:  256
[    0.000000] x86/fpu: Enabled xstate features 0x7, context size is 832 bytes, using 'standard' format.
[    0.000000] BIOS-provided physical RAM map:
[    0.000000] BIOS-e820: [mem 0x0000000000000000-0x000000000009f7ff] usable
[    0.000000] BIOS-e820: [mem 0x000000000009f800-0x000000000009ffff] reserved
[    0.000000] BIOS-e820: [mem 0x00000000000dc000-0x00000000000fffff] reserved
[    0.000000] BIOS-e820: [mem 0x0000000000100000-0x00000000bfeeffff] usable
[    0.000000] BIOS-e820: [mem 0x00000000bfef0000-0x00000000bfefefff] ACPI data
[    0.000000] BIOS-e820: [mem 0x00000000bfeff000-0x00000000bfefffff] ACPI NVS
[    0.000000] BIOS-e820: [mem 0x00000000bff00000-0x00000000bfffffff] usable
[    0.000000] BIOS-e820: [mem 0x00000000f0000000-0x00000000f7ffffff] reserved
[    0.000000] BIOS-e820: [mem 0x00000000fec00000-0x00000000fec0ffff] reserved
[    0.000000] BIOS-e820: [mem 0x00000000fee00000-0x00000000fee00fff] reserved
[    0.000000] BIOS-e820: [mem 0x00000000fffe0000-0x00000000ffffffff] reserved
[    0.000000] BIOS-e820: [mem 0x0000000100000000-0x000000013fffffff] usable
[    0.000000] NX (Execute Disable) protection: active
[    0.000000] SMBIOS 2.4 present.
[    0.000000] DMI: VMware, Inc. VMware Virtual Platform/440BX Desktop Reference Platform, BIOS 6.00 04/05/2016
[    0.000000] Hypervisor detected: VMware
[    0.000000] vmware: TSC freq read from hypervisor : 2194.843 MHz
[    0.000000] vmware: Host bus clock speed read from hypervisor : 66000000 Hz
[    0.000000] vmware: using sched offset of 15459910159 ns
[    0.000001] tsc: Detected 2194.843 MHz processor
[    0.003406] e820: update [mem 0x00000000-0x00000fff] usable ==> reserved
[    0.003408] e820: remove [mem 0x000a0000-0x000fffff] usable
[    0.003413] last_pfn = 0x140000 max_arch_pfn = 0x400000000
[    0.003448] MTRR default type: uncachable
[    0.003448] MTRR fixed ranges enabled:
[    0.003450]   00000-9FFFF write-back
[    0.003450]   A0000-BFFFF uncachable
[    0.003451]   C0000-CBFFF write-protect
[    0.003452]   CC000-EFFFF uncachable
[    0.003452]   F0000-FFFFF write-protect
[    0.003453] MTRR variable ranges enabled:
[    0.003454]   0 base 000C0000000 mask 7FFC0000000 uncachable
[    0.003455]   1 base 00000000000 mask 7FE00000000 write-back
[    0.003456]   2 disabled
[    0.003456]   3 disabled
[    0.003456]   4 disabled
[    0.003457]   5 disabled
[    0.003457]   6 disabled
[    0.003458]   7 disabled
[    0.003478] x86/PAT: Configuration [0-7]: WB  WC  UC- UC  WB  WP  UC- WT  
[    0.003494] total RAM covered: 7168M
[    0.004026] Found optimal setting for mtrr clean up
[    0.004027]  gran_size: 64K 	chunk_size: 64K 	num_reg: 3  	lose cover RAM: 0G
[    0.004091] e820: update [mem 0xc0000000-0xffffffff] usable ==> reserved
[    0.004098] last_pfn = 0xc0000 max_arch_pfn = 0x400000000
[    0.009824] found SMP MP-table at [mem 0x000f6a80-0x000f6a8f] mapped at [(____ptrval____)]
[    0.010057] Base memory trampoline at [(____ptrval____)] 99000 size 24576
[    0.010103] BRK [0xbfac4000, 0xbfac4fff] PGTABLE
[    0.010105] BRK [0xbfac5000, 0xbfac5fff] PGTABLE
[    0.010106] BRK [0xbfac6000, 0xbfac6fff] PGTABLE
[    0.010150] BRK [0xbfac7000, 0xbfac7fff] PGTABLE
[    0.010153] BRK [0xbfac8000, 0xbfac8fff] PGTABLE
[    0.010899] RAMDISK: [mem 0x35aa9000-0x36d4cfff]
[    0.010919] ACPI: Early table checksum verification disabled
[    0.010977] ACPI: RSDP 0x00000000000F6A10 000024 (v02 PTLTD )
[    0.010981] ACPI: XSDT 0x00000000BFEF01D3 00005C (v01 INTEL  440BX    06040000 VMW  01324272)
[    0.010986] ACPI: FACP 0x00000000BFEFEE73 0000F4 (v04 INTEL  440BX    06040000 PTL  000F4240)
[    0.010992] ACPI: DSDT 0x00000000BFEF0459 00EA1A (v01 PTLTD  Custom   06040000 MSFT 03000001)
[    0.010995] ACPI: FACS 0x00000000BFEFFFC0 000040
[    0.010997] ACPI: FACS 0x00000000BFEFFFC0 000040
[    0.010999] ACPI: BOOT 0x00000000BFEF0431 000028 (v01 PTLTD  $SBFTBL$ 06040000  LTP 00000001)
[    0.011002] ACPI: APIC 0x00000000BFEF03D3 00005E (v01 PTLTD  ? APIC   06040000  LTP 00000000)
[    0.011005] ACPI: MCFG 0x00000000BFEF0397 00003C (v01 PTLTD  $PCITBL$ 06040000  LTP 00000001)
[    0.011007] ACPI: SRAT 0x00000000BFEF02CF 0000C8 (v02 VMWARE MEMPLUG  06040000 VMW  00000001)
[    0.011010] ACPI: HPET 0x00000000BFEF0297 000038 (v01 VMWARE VMW HPET 06040000 VMW  00000001)
[    0.011012] ACPI: WAET 0x00000000BFEF026F 000028 (v01 VMWARE VMW WAET 06040000 VMW  00000001)
[    0.011019] ACPI: Local APIC address 0xfee00000
[    0.011131] SRAT: PXM 0 -> APIC 0x00 -> Node 0
[    0.011132] SRAT: PXM 0 -> APIC 0x01 -> Node 0
[    0.011134] ACPI: SRAT: Node 0 PXM 0 [mem 0x00000000-0x0009ffff]
[    0.011135] ACPI: SRAT: Node 0 PXM 0 [mem 0x00100000-0xbfffffff]
[    0.011136] ACPI: SRAT: Node 0 PXM 0 [mem 0x100000000-0x13fffffff]
[    0.011138] NUMA: Node 0 [mem 0x00000000-0x0009ffff] + [mem 0x00100000-0xbfffffff] -> [mem 0x00000000-0xbfffffff]
[    0.011139] NUMA: Node 0 [mem 0x00000000-0xbfffffff] + [mem 0x100000000-0x13fffffff] -> [mem 0x00000000-0x13fffffff]
[    0.011147] NODE_DATA(0) allocated [mem 0x13ffd2000-0x13fffcfff]
[    0.011339] crashkernel: memory value expected
[    0.011844] Zone ranges:
[    0.011845]   DMA      [mem 0x0000000000001000-0x0000000000ffffff]
[    0.011847]   DMA32    [mem 0x0000000001000000-0x00000000ffffffff]
[    0.011848]   Normal   [mem 0x0000000100000000-0x000000013fffffff]
[    0.011849]   Device   empty
[    0.011850] Movable zone start for each node
[    0.011853] Early memory node ranges
[    0.011854]   node   0: [mem 0x0000000000001000-0x000000000009efff]
[    0.011854]   node   0: [mem 0x0000000000100000-0x00000000bfeeffff]
[    0.011855]   node   0: [mem 0x00000000bff00000-0x00000000bfffffff]
[    0.011856]   node   0: [mem 0x0000000100000000-0x000000013fffffff]
[    0.012841] Reserved but unavailable: 114 pages
[    0.012842] Initmem setup node 0 [mem 0x0000000000001000-0x000000013fffffff]
[    0.012843] On node 0 totalpages: 1048462
[    0.012844]   DMA zone: 64 pages used for memmap
[    0.012845]   DMA zone: 21 pages reserved
[    0.012845]   DMA zone: 3998 pages, LIFO batch:0
[    0.012949]   DMA32 zone: 12224 pages used for memmap
[    0.012950]   DMA32 zone: 782320 pages, LIFO batch:63
[    0.044721]   Normal zone: 4096 pages used for memmap
[    0.044723]   Normal zone: 262144 pages, LIFO batch:63
[    0.055262] ACPI: PM-Timer IO Port: 0x1008
[    0.055265] ACPI: Local APIC address 0xfee00000
[    0.055273] ACPI: LAPIC_NMI (acpi_id[0x00] high edge lint[0x1])
[    0.055274] ACPI: LAPIC_NMI (acpi_id[0x01] high edge lint[0x1])
[    0.055324] IOAPIC[0]: apic_id 2, version 17, address 0xfec00000, GSI 0-23
[    0.055326] ACPI: INT_SRC_OVR (bus 0 bus_irq 0 global_irq 2 high edge)
[    0.055328] ACPI: IRQ0 used by override.
[    0.055330] ACPI: IRQ9 used by override.
[    0.055332] Using ACPI (MADT) for SMP configuration information
[    0.055333] ACPI: HPET id: 0x8086af01 base: 0xfed00000
[    0.055337] smpboot: Allowing 2 CPUs, 0 hotplug CPUs
[    0.055359] PM: Registered nosave memory: [mem 0x00000000-0x00000fff]
[    0.055361] PM: Registered nosave memory: [mem 0x0009f000-0x0009ffff]
[    0.055361] PM: Registered nosave memory: [mem 0x000a0000-0x000dbfff]
[    0.055362] PM: Registered nosave memory: [mem 0x000dc000-0x000fffff]
[    0.055363] PM: Registered nosave memory: [mem 0xbfef0000-0xbfefefff]
[    0.055363] PM: Registered nosave memory: [mem 0xbfeff000-0xbfefffff]
[    0.055365] PM: Registered nosave memory: [mem 0xc0000000-0xefffffff]
[    0.055365] PM: Registered nosave memory: [mem 0xf0000000-0xf7ffffff]
[    0.055366] PM: Registered nosave memory: [mem 0xf8000000-0xfebfffff]
[    0.055366] PM: Registered nosave memory: [mem 0xfec00000-0xfec0ffff]
[    0.055367] PM: Registered nosave memory: [mem 0xfec10000-0xfedfffff]
[    0.055367] PM: Registered nosave memory: [mem 0xfee00000-0xfee00fff]
[    0.055368] PM: Registered nosave memory: [mem 0xfee01000-0xfffdffff]
[    0.055368] PM: Registered nosave memory: [mem 0xfffe0000-0xffffffff]
[    0.055370] [mem 0xc0000000-0xefffffff] available for PCI devices
[    0.055371] Booting paravirtualized kernel on VMware hypervisor
[    0.055374] clocksource: refined-jiffies: mask: 0xffffffff max_cycles: 0xffffffff, max_idle_ns: 1910969940391419 ns
[    0.153562] random: get_random_bytes called from start_kernel+0x99/0x544 with crng_init=0
[    0.153572] setup_percpu: NR_CPUS:8192 nr_cpumask_bits:2 nr_cpu_ids:2 nr_node_ids:1
[    0.154386] percpu: Embedded 46 pages/cpu @(____ptrval____) s151552 r8192 d28672 u1048576
[    0.154391] pcpu-alloc: s151552 r8192 d28672 u1048576 alloc=1*2097152
[    0.154393] pcpu-alloc: [0] 0 1 
[    0.154414] Built 1 zonelists, mobility grouping on.  Total pages: 1032057
[    0.154414] Policy zone: Normal
[    0.154417] Kernel command line: BOOT_IMAGE=/boot/vmlinuz-4.19.0-rc2+ root=UUID=fcb26450-df3b-4470-a0d7-f370f2b664fc ro crashkernel=auto rhgb quiet LANG=en_US.UTF-8
[    0.187751] Memory: 3164148K/4193848K available (10252K kernel code, 2402K rwdata, 3596K rodata, 2328K init, 3012K bss, 178932K reserved, 0K cma-reserved)
[    0.188296] SLUB: HWalign=64, Order=0-3, MinObjects=0, CPUs=2, Nodes=1
[    0.188301] Kernel/User page tables isolation: enabled
[    0.188342] ftrace: allocating 34828 entries in 137 pages
[    0.202742] rcu: Hierarchical RCU implementation.
[    0.202744] rcu: 	RCU restricting CPUs from NR_CPUS=8192 to nr_cpu_ids=2.
[    0.202745] rcu: Adjusting geometry for rcu_fanout_leaf=16, nr_cpu_ids=2
[    0.205046] NR_IRQS: 524544, nr_irqs: 440, preallocated irqs: 16
[    0.207455] Console: colour VGA+ 80x25
[    0.208827] console [tty0] enabled
[    0.208842] ACPI: Core revision 20180810
[    0.209170] clocksource: hpet: mask: 0xffffffff max_cycles: 0xffffffff, max_idle_ns: 133484882848 ns
[    0.209237] hpet clockevent registered
[    0.209247] APIC: Switch to symmetric I/O mode setup
[    0.209493] x2apic enabled
[    0.209895] Switched APIC routing to physical x2apic.
[    0.211415] ..TIMER: vector=0x30 apic1=0 pin1=2 apic2=-1 pin2=-1
[    0.211445] clocksource: tsc-early: mask: 0xffffffffffffffff max_cycles: 0x1fa32b623c0, max_idle_ns: 440795289684 ns
[    0.211459] Calibrating delay loop (skipped) preset value.. 4389.68 BogoMIPS (lpj=2194843)
[    0.211462] pid_max: default: 32768 minimum: 301
[    0.211486] Security Framework initialized
[    0.211487] Yama: becoming mindful.
[    0.211492] SELinux:  Initializing.
[    0.213293] Dentry cache hash table entries: 524288 (order: 10, 4194304 bytes)
[    0.213605] Inode-cache hash table entries: 262144 (order: 9, 2097152 bytes)
[    0.213620] Mount-cache hash table entries: 8192 (order: 4, 65536 bytes)
[    0.213627] Mountpoint-cache hash table entries: 8192 (order: 4, 65536 bytes)
[    0.213835] Disabled fast string operations
[    0.213861] mce: CPU supports 8 MCE banks
[    0.213934] Last level iTLB entries: 4KB 64, 2MB 8, 4MB 8
[    0.213935] Last level dTLB entries: 4KB 64, 2MB 0, 4MB 0, 1GB 4
[    0.213937] Spectre V2 : Mitigation: Full generic retpoline
[    0.213937] Spectre V2 : Spectre v2 / SpectreRSB mitigation: Filling RSB on context switch
[    0.213938] Speculative Store Bypass: Vulnerable
[    0.214550] Freeing SMP alternatives memory: 32K
[    0.217517] TSC deadline timer enabled
[    0.217568] smpboot: CPU0: Intel(R) Xeon(R) Silver 4114 CPU @ 2.20GHz (family: 0x6, model: 0x3a, stepping: 0x0)
[    0.217688] Performance Events: IvyBridge events, core PMU driver.
[    0.217702] core: CPUID marked event: 'cpu cycles' unavailable
[    0.217703] core: CPUID marked event: 'instructions' unavailable
[    0.217704] core: CPUID marked event: 'bus cycles' unavailable
[    0.217705] core: CPUID marked event: 'cache references' unavailable
[    0.217706] core: CPUID marked event: 'cache misses' unavailable
[    0.217707] core: CPUID marked event: 'branch instructions' unavailable
[    0.217708] core: CPUID marked event: 'branch misses' unavailable
[    0.217711] ... version:                1
[    0.217712] ... bit width:              48
[    0.217712] ... generic registers:      4
[    0.217714] ... value mask:             0000ffffffffffff
[    0.217715] ... max period:             000000007fffffff
[    0.217715] ... fixed-purpose events:   0
[    0.217716] ... event mask:             000000000000000f
[    0.217771] rcu: Hierarchical SRCU implementation.
[    0.218669] NMI watchdog: Perf NMI watchdog permanently disabled
[    0.218727] smp: Bringing up secondary CPUs ...
[    0.219342] x86: Booting SMP configuration:
[    0.219344] .... node  #0, CPUs:      #1
[    0.006101] Disabled fast string operations
[    0.220382] smp: Brought up 1 node, 2 CPUs
[    0.220382] smpboot: Max logical packages: 1
[    0.220382] smpboot: Total of 2 processors activated (8779.37 BogoMIPS)
[    0.221475] node 0 initialised, 212692 pages in 1ms
[    0.221719] devtmpfs: initialized
[    0.221719] x86/mm: Memory block size: 128MB
[    0.221878] PM: Registering ACPI NVS region [mem 0xbfeff000-0xbfefffff] (4096 bytes)
[    0.221878] clocksource: jiffies: mask: 0xffffffff max_cycles: 0xffffffff, max_idle_ns: 1911260446275000 ns
[    0.221878] futex hash table entries: 512 (order: 3, 32768 bytes)
[    0.221878] pinctrl core: initialized pinctrl subsystem
[    0.222589] RTC time:  0:02:58, date: 09/10/18
[    0.222688] NET: Registered protocol family 16
[    0.222762] audit: initializing netlink subsys (disabled)
[    0.222774] audit: type=2000 audit(1536537778.012:1): state=initialized audit_enabled=0 res=1
[    0.222774] cpuidle: using governor menu
[    0.222774] Simple Boot Flag at 0x36 set to 0x80
[    0.222774] ACPI: bus type PCI registered
[    0.222774] acpiphp: ACPI Hot Plug PCI Controller Driver version: 0.5
[    0.222774] PCI: MMCONFIG for domain 0000 [bus 00-7f] at [mem 0xf0000000-0xf7ffffff] (base 0xf0000000)
[    0.222774] PCI: MMCONFIG at [mem 0xf0000000-0xf7ffffff] reserved in E820
[    0.222774] PCI: Using configuration type 1 for base access
[    0.222774] core: PMU erratum BJ122, BV98, HSD29 workaround disabled, HT off
[    0.224468] HugeTLB registered 2.00 MiB page size, pre-allocated 0 pages
[    0.224511] ACPI: Added _OSI(Module Device)
[    0.224512] ACPI: Added _OSI(Processor Device)
[    0.224514] ACPI: Added _OSI(3.0 _SCP Extensions)
[    0.224515] ACPI: Added _OSI(Processor Aggregator Device)
[    0.224516] ACPI: Added _OSI(Linux-Dell-Video)
[    0.224518] ACPI: Added _OSI(Linux-Lenovo-NV-HDMI-Audio)
[    0.230543] ACPI: 1 ACPI AML tables successfully acquired and loaded
[    0.232488] ACPI: [Firmware Bug]: BIOS _OSI(Linux) query ignored
[    0.237010] ACPI: Interpreter enabled
[    0.237022] ACPI: (supports S0 S1 S4 S5)
[    0.237024] ACPI: Using IOAPIC for interrupt routing
[    0.237042] PCI: Using host bridge windows from ACPI; if necessary, use "pci=nocrs" and report a bug
[    0.237434] ACPI: Enabled 4 GPEs in block 00 to 0F
[    0.268392] ACPI: PCI Root Bridge [PCI0] (domain 0000 [bus 00-7f])
[    0.268397] acpi PNP0A03:00: _OSC: OS supports [ExtendedConfig ASPM ClockPM Segments MSI]
[    0.268539] acpi PNP0A03:00: _OSC: platform does not support [AER LTR]
[    0.268695] acpi PNP0A03:00: _OSC: OS now controls [PCIeHotplug PME PCIeCapability]
[    0.270174] PCI host bridge to bus 0000:00
[    0.270177] pci_bus 0000:00: root bus resource [mem 0x000a0000-0x000bffff window]
[    0.270178] pci_bus 0000:00: root bus resource [mem 0x000cc000-0x000cffff window]
[    0.270179] pci_bus 0000:00: root bus resource [mem 0x000d0000-0x000d3fff window]
[    0.270181] pci_bus 0000:00: root bus resource [mem 0x000d4000-0x000d7fff window]
[    0.270182] pci_bus 0000:00: root bus resource [mem 0x000d8000-0x000dbfff window]
[    0.270183] pci_bus 0000:00: root bus resource [mem 0xc0000000-0xfebfffff window]
[    0.270184] pci_bus 0000:00: root bus resource [io  0x0000-0x0cf7 window]
[    0.270186] pci_bus 0000:00: root bus resource [io  0x0d00-0xfeff window]
[    0.270187] pci_bus 0000:00: root bus resource [bus 00-7f]
[    0.270232] pci 0000:00:00.0: [8086:7190] type 00 class 0x060000
[    0.270808] pci 0000:00:01.0: [8086:7191] type 01 class 0x060400
[    0.271258] pci 0000:00:07.0: [8086:7110] type 00 class 0x060100
[    0.271878] pci 0000:00:07.1: [8086:7111] type 00 class 0x01018a
[    0.273215] pci 0000:00:07.1: reg 0x20: [io  0x1060-0x106f]
[    0.273712] pci 0000:00:07.1: legacy IDE quirk: reg 0x10: [io  0x01f0-0x01f7]
[    0.273713] pci 0000:00:07.1: legacy IDE quirk: reg 0x14: [io  0x03f6]
[    0.273714] pci 0000:00:07.1: legacy IDE quirk: reg 0x18: [io  0x0170-0x0177]
[    0.273715] pci 0000:00:07.1: legacy IDE quirk: reg 0x1c: [io  0x0376]
[    0.273958] pci 0000:00:07.3: [8086:7113] type 00 class 0x068000
[    0.275470] pci 0000:00:07.3: quirk: [io  0x1000-0x103f] claimed by PIIX4 ACPI
[    0.275480] pci 0000:00:07.3: quirk: [io  0x1040-0x104f] claimed by PIIX4 SMB
[    0.275776] pci 0000:00:07.7: [15ad:0740] type 00 class 0x088000
[    0.276451] pci 0000:00:07.7: reg 0x10: [io  0x1080-0x10bf]
[    0.277186] pci 0000:00:07.7: reg 0x14: [mem 0xfebfe000-0xfebfffff 64bit]
[    0.279843] pci 0000:00:0f.0: [15ad:0405] type 00 class 0x030000
[    0.281350] pci 0000:00:0f.0: reg 0x10: [io  0x1070-0x107f]
[    0.282251] pci 0000:00:0f.0: reg 0x14: [mem 0xe8000000-0xefffffff pref]
[    0.283265] pci 0000:00:0f.0: reg 0x18: [mem 0xfe000000-0xfe7fffff]
[    0.287454] pci 0000:00:0f.0: reg 0x30: [mem 0x00000000-0x00007fff pref]
[    0.287888] pci 0000:00:10.0: [1000:0030] type 00 class 0x010000
[    0.288451] pci 0000:00:10.0: reg 0x10: [io  0x1400-0x14ff]
[    0.289420] pci 0000:00:10.0: reg 0x14: [mem 0xfeba0000-0xfebbffff 64bit]
[    0.289989] pci 0000:00:10.0: reg 0x1c: [mem 0xfebc0000-0xfebdffff 64bit]
[    0.291450] pci 0000:00:10.0: reg 0x30: [mem 0x00000000-0x00003fff pref]
[    0.291797] pci 0000:00:11.0: [15ad:0790] type 01 class 0x060401
[    0.292430] pci 0000:00:15.0: [15ad:07a0] type 01 class 0x060400
[    0.293016] pci 0000:00:15.0: PME# supported from D0 D3hot D3cold
[    0.293329] pci 0000:00:15.1: [15ad:07a0] type 01 class 0x060400
[    0.293910] pci 0000:00:15.1: PME# supported from D0 D3hot D3cold
[    0.294547] pci 0000:00:15.2: [15ad:07a0] type 01 class 0x060400
[    0.295138] pci 0000:00:15.2: PME# supported from D0 D3hot D3cold
[    0.295450] pci 0000:00:15.3: [15ad:07a0] type 01 class 0x060400
[    0.296108] pci 0000:00:15.3: PME# supported from D0 D3hot D3cold
[    0.296460] pci 0000:00:15.4: [15ad:07a0] type 01 class 0x060400
[    0.297046] pci 0000:00:15.4: PME# supported from D0 D3hot D3cold
[    0.297359] pci 0000:00:15.5: [15ad:07a0] type 01 class 0x060400
[    0.297953] pci 0000:00:15.5: PME# supported from D0 D3hot D3cold
[    0.298263] pci 0000:00:15.6: [15ad:07a0] type 01 class 0x060400
[    0.298861] pci 0000:00:15.6: PME# supported from D0 D3hot D3cold
[    0.299189] pci 0000:00:15.7: [15ad:07a0] type 01 class 0x060400
[    0.299773] pci 0000:00:15.7: PME# supported from D0 D3hot D3cold
[    0.300100] pci 0000:00:16.0: [15ad:07a0] type 01 class 0x060400
[    0.300686] pci 0000:00:16.0: PME# supported from D0 D3hot D3cold
[    0.300998] pci 0000:00:16.1: [15ad:07a0] type 01 class 0x060400
[    0.301583] pci 0000:00:16.1: PME# supported from D0 D3hot D3cold
[    0.301894] pci 0000:00:16.2: [15ad:07a0] type 01 class 0x060400
[    0.302480] pci 0000:00:16.2: PME# supported from D0 D3hot D3cold
[    0.302789] pci 0000:00:16.3: [15ad:07a0] type 01 class 0x060400
[    0.303404] pci 0000:00:16.3: PME# supported from D0 D3hot D3cold
[    0.303723] pci 0000:00:16.4: [15ad:07a0] type 01 class 0x060400
[    0.304335] pci 0000:00:16.4: PME# supported from D0 D3hot D3cold
[    0.304651] pci 0000:00:16.5: [15ad:07a0] type 01 class 0x060400
[    0.305256] pci 0000:00:16.5: PME# supported from D0 D3hot D3cold
[    0.305579] pci 0000:00:16.6: [15ad:07a0] type 01 class 0x060400
[    0.306179] pci 0000:00:16.6: PME# supported from D0 D3hot D3cold
[    0.306520] pci 0000:00:16.7: [15ad:07a0] type 01 class 0x060400
[    0.307106] pci 0000:00:16.7: PME# supported from D0 D3hot D3cold
[    0.307416] pci 0000:00:17.0: [15ad:07a0] type 01 class 0x060400
[    0.307997] pci 0000:00:17.0: PME# supported from D0 D3hot D3cold
[    0.308305] pci 0000:00:17.1: [15ad:07a0] type 01 class 0x060400
[    0.308915] pci 0000:00:17.1: PME# supported from D0 D3hot D3cold
[    0.309233] pci 0000:00:17.2: [15ad:07a0] type 01 class 0x060400
[    0.309825] pci 0000:00:17.2: PME# supported from D0 D3hot D3cold
[    0.310138] pci 0000:00:17.3: [15ad:07a0] type 01 class 0x060400
[    0.310724] pci 0000:00:17.3: PME# supported from D0 D3hot D3cold
[    0.311037] pci 0000:00:17.4: [15ad:07a0] type 01 class 0x060400
[    0.311627] pci 0000:00:17.4: PME# supported from D0 D3hot D3cold
[    0.311938] pci 0000:00:17.5: [15ad:07a0] type 01 class 0x060400
[    0.312524] pci 0000:00:17.5: PME# supported from D0 D3hot D3cold
[    0.312834] pci 0000:00:17.6: [15ad:07a0] type 01 class 0x060400
[    0.313422] pci 0000:00:17.6: PME# supported from D0 D3hot D3cold
[    0.313728] pci 0000:00:17.7: [15ad:07a0] type 01 class 0x060400
[    0.314313] pci 0000:00:17.7: PME# supported from D0 D3hot D3cold
[    0.314616] pci 0000:00:18.0: [15ad:07a0] type 01 class 0x060400
[    0.315199] pci 0000:00:18.0: PME# supported from D0 D3hot D3cold
[    0.315621] pci 0000:00:18.1: [15ad:07a0] type 01 class 0x060400
[    0.316216] pci 0000:00:18.1: PME# supported from D0 D3hot D3cold
[    0.316535] pci 0000:00:18.2: [15ad:07a0] type 01 class 0x060400
[    0.317123] pci 0000:00:18.2: PME# supported from D0 D3hot D3cold
[    0.317451] pci 0000:00:18.3: [15ad:07a0] type 01 class 0x060400
[    0.318040] pci 0000:00:18.3: PME# supported from D0 D3hot D3cold
[    0.318355] pci 0000:00:18.4: [15ad:07a0] type 01 class 0x060400
[    0.318943] pci 0000:00:18.4: PME# supported from D0 D3hot D3cold
[    0.319258] pci 0000:00:18.5: [15ad:07a0] type 01 class 0x060400
[    0.319897] pci 0000:00:18.5: PME# supported from D0 D3hot D3cold
[    0.320214] pci 0000:00:18.6: [15ad:07a0] type 01 class 0x060400
[    0.320802] pci 0000:00:18.6: PME# supported from D0 D3hot D3cold
[    0.321122] pci 0000:00:18.7: [15ad:07a0] type 01 class 0x060400
[    0.321708] pci 0000:00:18.7: PME# supported from D0 D3hot D3cold
[    0.322057] pci_bus 0000:01: extended config space not accessible
[    0.322320] pci 0000:00:01.0: PCI bridge to [bus 01]
[    0.322488] pci_bus 0000:02: extended config space not accessible
[    0.322690] acpiphp: Slot [32] registered
[    0.322722] acpiphp: Slot [33] registered
[    0.322753] acpiphp: Slot [34] registered
[    0.322785] acpiphp: Slot [35] registered
[    0.322815] acpiphp: Slot [36] registered
[    0.322845] acpiphp: Slot [37] registered
[    0.322876] acpiphp: Slot [38] registered
[    0.322906] acpiphp: Slot [39] registered
[    0.322936] acpiphp: Slot [40] registered
[    0.322969] acpiphp: Slot [41] registered
[    0.322999] acpiphp: Slot [42] registered
[    0.323030] acpiphp: Slot [43] registered
[    0.323060] acpiphp: Slot [44] registered
[    0.323091] acpiphp: Slot [45] registered
[    0.323121] acpiphp: Slot [46] registered
[    0.323151] acpiphp: Slot [47] registered
[    0.323181] acpiphp: Slot [48] registered
[    0.323211] acpiphp: Slot [49] registered
[    0.323242] acpiphp: Slot [50] registered
[    0.323276] acpiphp: Slot [51] registered
[    0.323356] acpiphp: Slot [52] registered
[    0.323387] acpiphp: Slot [53] registered
[    0.323417] acpiphp: Slot [54] registered
[    0.323447] acpiphp: Slot [55] registered
[    0.323472] acpiphp: Slot [56] registered
[    0.323502] acpiphp: Slot [57] registered
[    0.323532] acpiphp: Slot [58] registered
[    0.323563] acpiphp: Slot [59] registered
[    0.323594] acpiphp: Slot [60] registered
[    0.323624] acpiphp: Slot [61] registered
[    0.323655] acpiphp: Slot [62] registered
[    0.323685] acpiphp: Slot [63] registered
[    0.323742] pci 0000:02:00.0: [15ad:0774] type 00 class 0x0c0300
[    0.324891] pci 0000:02:00.0: reg 0x20: [io  0x2040-0x205f]
[    0.325745] pci 0000:02:01.0: [8086:100f] type 00 class 0x020000
[    0.326452] pci 0000:02:01.0: reg 0x10: [mem 0xfd5c0000-0xfd5dffff 64bit]
[    0.327451] pci 0000:02:01.0: reg 0x18: [mem 0xfdff0000-0xfdffffff 64bit]
[    0.328396] pci 0000:02:01.0: reg 0x20: [io  0x2000-0x203f]
[    0.329451] pci 0000:02:01.0: reg 0x30: [mem 0x00000000-0x0000ffff pref]
[    0.329685] pci 0000:02:01.0: PME# supported from D0 D3hot D3cold
[    0.329919] pci 0000:02:02.0: [15ad:0770] type 00 class 0x0c0320
[    0.330447] pci 0000:02:02.0: reg 0x10: [mem 0xfd5ef000-0xfd5effff]
[    0.333423] pci 0000:00:11.0: PCI bridge to [bus 02] (subtractive decode)
[    0.333440] pci 0000:00:11.0:   bridge window [io  0x2000-0x3fff]
[    0.333451] pci 0000:00:11.0:   bridge window [mem 0xfd500000-0xfdffffff]
[    0.333482] pci 0000:00:11.0:   bridge window [mem 0xe7b00000-0xe7ffffff 64bit pref]
[    0.333484] pci 0000:00:11.0:   bridge window [mem 0x000a0000-0x000bffff window] (subtractive decode)
[    0.333485] pci 0000:00:11.0:   bridge window [mem 0x000cc000-0x000cffff window] (subtractive decode)
[    0.333487] pci 0000:00:11.0:   bridge window [mem 0x000d0000-0x000d3fff window] (subtractive decode)
[    0.333488] pci 0000:00:11.0:   bridge window [mem 0x000d4000-0x000d7fff window] (subtractive decode)
[    0.333489] pci 0000:00:11.0:   bridge window [mem 0x000d8000-0x000dbfff window] (subtractive decode)
[    0.333490] pci 0000:00:11.0:   bridge window [mem 0xc0000000-0xfebfffff window] (subtractive decode)
[    0.333491] pci 0000:00:11.0:   bridge window [io  0x0000-0x0cf7 window] (subtractive decode)
[    0.333492] pci 0000:00:11.0:   bridge window [io  0x0d00-0xfeff window] (subtractive decode)
[    0.333762] pci 0000:00:15.0: PCI bridge to [bus 03]
[    0.333777] pci 0000:00:15.0:   bridge window [io  0x4000-0x4fff]
[    0.333794] pci 0000:00:15.0:   bridge window [mem 0xfd400000-0xfd4fffff]
[    0.333825] pci 0000:00:15.0:   bridge window [mem 0xe7a00000-0xe7afffff 64bit pref]
[    0.334122] pci 0000:00:15.1: PCI bridge to [bus 04]
[    0.334138] pci 0000:00:15.1:   bridge window [io  0x8000-0x8fff]
[    0.334154] pci 0000:00:15.1:   bridge window [mem 0xfd000000-0xfd0fffff]
[    0.334185] pci 0000:00:15.1:   bridge window [mem 0xe7600000-0xe76fffff 64bit pref]
[    0.334427] pci 0000:00:15.2: PCI bridge to [bus 05]
[    0.334443] pci 0000:00:15.2:   bridge window [io  0xc000-0xcfff]
[    0.334459] pci 0000:00:15.2:   bridge window [mem 0xfcc00000-0xfccfffff]
[    0.334490] pci 0000:00:15.2:   bridge window [mem 0xe7200000-0xe72fffff 64bit pref]
[    0.334731] pci 0000:00:15.3: PCI bridge to [bus 06]
[    0.334762] pci 0000:00:15.3:   bridge window [mem 0xfc800000-0xfc8fffff]
[    0.334792] pci 0000:00:15.3:   bridge window [mem 0xe6e00000-0xe6efffff 64bit pref]
[    0.335032] pci 0000:00:15.4: PCI bridge to [bus 07]
[    0.335063] pci 0000:00:15.4:   bridge window [mem 0xfc400000-0xfc4fffff]
[    0.335093] pci 0000:00:15.4:   bridge window [mem 0xe6a00000-0xe6afffff 64bit pref]
[    0.335331] pci 0000:00:15.5: PCI bridge to [bus 08]
[    0.335361] pci 0000:00:15.5:   bridge window [mem 0xfc000000-0xfc0fffff]
[    0.335392] pci 0000:00:15.5:   bridge window [mem 0xe6600000-0xe66fffff 64bit pref]
[    0.335630] pci 0000:00:15.6: PCI bridge to [bus 09]
[    0.335660] pci 0000:00:15.6:   bridge window [mem 0xfbc00000-0xfbcfffff]
[    0.335691] pci 0000:00:15.6:   bridge window [mem 0xe6200000-0xe62fffff 64bit pref]
[    0.335932] pci 0000:00:15.7: PCI bridge to [bus 0a]
[    0.335962] pci 0000:00:15.7:   bridge window [mem 0xfb800000-0xfb8fffff]
[    0.335993] pci 0000:00:15.7:   bridge window [mem 0xe5e00000-0xe5efffff 64bit pref]
[    0.336234] pci 0000:00:16.0: PCI bridge to [bus 0b]
[    0.336250] pci 0000:00:16.0:   bridge window [io  0x5000-0x5fff]
[    0.336266] pci 0000:00:16.0:   bridge window [mem 0xfd300000-0xfd3fffff]
[    0.336296] pci 0000:00:16.0:   bridge window [mem 0xe7900000-0xe79fffff 64bit pref]
[    0.336537] pci 0000:00:16.1: PCI bridge to [bus 0c]
[    0.336552] pci 0000:00:16.1:   bridge window [io  0x9000-0x9fff]
[    0.336568] pci 0000:00:16.1:   bridge window [mem 0xfcf00000-0xfcffffff]
[    0.336599] pci 0000:00:16.1:   bridge window [mem 0xe7500000-0xe75fffff 64bit pref]
[    0.336837] pci 0000:00:16.2: PCI bridge to [bus 0d]
[    0.336854] pci 0000:00:16.2:   bridge window [io  0xd000-0xdfff]
[    0.336870] pci 0000:00:16.2:   bridge window [mem 0xfcb00000-0xfcbfffff]
[    0.336901] pci 0000:00:16.2:   bridge window [mem 0xe7100000-0xe71fffff 64bit pref]
[    0.337138] pci 0000:00:16.3: PCI bridge to [bus 0e]
[    0.337168] pci 0000:00:16.3:   bridge window [mem 0xfc700000-0xfc7fffff]
[    0.337199] pci 0000:00:16.3:   bridge window [mem 0xe6d00000-0xe6dfffff 64bit pref]
[    0.337443] pci 0000:00:16.4: PCI bridge to [bus 0f]
[    0.337472] pci 0000:00:16.4:   bridge window [mem 0xfc300000-0xfc3fffff]
[    0.337503] pci 0000:00:16.4:   bridge window [mem 0xe6900000-0xe69fffff 64bit pref]
[    0.337746] pci 0000:00:16.5: PCI bridge to [bus 10]
[    0.337776] pci 0000:00:16.5:   bridge window [mem 0xfbf00000-0xfbffffff]
[    0.337807] pci 0000:00:16.5:   bridge window [mem 0xe6500000-0xe65fffff 64bit pref]
[    0.338091] pci 0000:00:16.6: PCI bridge to [bus 11]
[    0.338122] pci 0000:00:16.6:   bridge window [mem 0xfbb00000-0xfbbfffff]
[    0.338153] pci 0000:00:16.6:   bridge window [mem 0xe6100000-0xe61fffff 64bit pref]
[    0.338397] pci 0000:00:16.7: PCI bridge to [bus 12]
[    0.338428] pci 0000:00:16.7:   bridge window [mem 0xfb700000-0xfb7fffff]
[    0.338459] pci 0000:00:16.7:   bridge window [mem 0xe5d00000-0xe5dfffff 64bit pref]
[    0.338701] pci 0000:00:17.0: PCI bridge to [bus 13]
[    0.338717] pci 0000:00:17.0:   bridge window [io  0x6000-0x6fff]
[    0.338733] pci 0000:00:17.0:   bridge window [mem 0xfd200000-0xfd2fffff]
[    0.338764] pci 0000:00:17.0:   bridge window [mem 0xe7800000-0xe78fffff 64bit pref]
[    0.339002] pci 0000:00:17.1: PCI bridge to [bus 14]
[    0.339018] pci 0000:00:17.1:   bridge window [io  0xa000-0xafff]
[    0.339034] pci 0000:00:17.1:   bridge window [mem 0xfce00000-0xfcefffff]
[    0.339065] pci 0000:00:17.1:   bridge window [mem 0xe7400000-0xe74fffff 64bit pref]
[    0.339305] pci 0000:00:17.2: PCI bridge to [bus 15]
[    0.339320] pci 0000:00:17.2:   bridge window [io  0xe000-0xefff]
[    0.339336] pci 0000:00:17.2:   bridge window [mem 0xfca00000-0xfcafffff]
[    0.339368] pci 0000:00:17.2:   bridge window [mem 0xe7000000-0xe70fffff 64bit pref]
[    0.339601] pci 0000:00:17.3: PCI bridge to [bus 16]
[    0.339632] pci 0000:00:17.3:   bridge window [mem 0xfc600000-0xfc6fffff]
[    0.339663] pci 0000:00:17.3:   bridge window [mem 0xe6c00000-0xe6cfffff 64bit pref]
[    0.339902] pci 0000:00:17.4: PCI bridge to [bus 17]
[    0.339933] pci 0000:00:17.4:   bridge window [mem 0xfc200000-0xfc2fffff]
[    0.339964] pci 0000:00:17.4:   bridge window [mem 0xe6800000-0xe68fffff 64bit pref]
[    0.340201] pci 0000:00:17.5: PCI bridge to [bus 18]
[    0.340231] pci 0000:00:17.5:   bridge window [mem 0xfbe00000-0xfbefffff]
[    0.340262] pci 0000:00:17.5:   bridge window [mem 0xe6400000-0xe64fffff 64bit pref]
[    0.340516] pci 0000:00:17.6: PCI bridge to [bus 19]
[    0.340547] pci 0000:00:17.6:   bridge window [mem 0xfba00000-0xfbafffff]
[    0.340578] pci 0000:00:17.6:   bridge window [mem 0xe6000000-0xe60fffff 64bit pref]
[    0.340819] pci 0000:00:17.7: PCI bridge to [bus 1a]
[    0.340850] pci 0000:00:17.7:   bridge window [mem 0xfb600000-0xfb6fffff]
[    0.340881] pci 0000:00:17.7:   bridge window [mem 0xe5c00000-0xe5cfffff 64bit pref]
[    0.341123] pci 0000:00:18.0: PCI bridge to [bus 1b]
[    0.341138] pci 0000:00:18.0:   bridge window [io  0x7000-0x7fff]
[    0.341154] pci 0000:00:18.0:   bridge window [mem 0xfd100000-0xfd1fffff]
[    0.341185] pci 0000:00:18.0:   bridge window [mem 0xe7700000-0xe77fffff 64bit pref]
[    0.341423] pci 0000:00:18.1: PCI bridge to [bus 1c]
[    0.341439] pci 0000:00:18.1:   bridge window [io  0xb000-0xbfff]
[    0.341450] pci 0000:00:18.1:   bridge window [mem 0xfcd00000-0xfcdfffff]
[    0.341481] pci 0000:00:18.1:   bridge window [mem 0xe7300000-0xe73fffff 64bit pref]
[    0.341721] pci 0000:00:18.2: PCI bridge to [bus 1d]
[    0.341751] pci 0000:00:18.2:   bridge window [mem 0xfc900000-0xfc9fffff]
[    0.341782] pci 0000:00:18.2:   bridge window [mem 0xe6f00000-0xe6ffffff 64bit pref]
[    0.342067] pci 0000:00:18.3: PCI bridge to [bus 1e]
[    0.342097] pci 0000:00:18.3:   bridge window [mem 0xfc500000-0xfc5fffff]
[    0.342128] pci 0000:00:18.3:   bridge window [mem 0xe6b00000-0xe6bfffff 64bit pref]
[    0.342369] pci 0000:00:18.4: PCI bridge to [bus 1f]
[    0.342399] pci 0000:00:18.4:   bridge window [mem 0xfc100000-0xfc1fffff]
[    0.342431] pci 0000:00:18.4:   bridge window [mem 0xe6700000-0xe67fffff 64bit pref]
[    0.342674] pci 0000:00:18.5: PCI bridge to [bus 20]
[    0.342705] pci 0000:00:18.5:   bridge window [mem 0xfbd00000-0xfbdfffff]
[    0.342736] pci 0000:00:18.5:   bridge window [mem 0xe6300000-0xe63fffff 64bit pref]
[    0.342978] pci 0000:00:18.6: PCI bridge to [bus 21]
[    0.343008] pci 0000:00:18.6:   bridge window [mem 0xfb900000-0xfb9fffff]
[    0.343039] pci 0000:00:18.6:   bridge window [mem 0xe5f00000-0xe5ffffff 64bit pref]
[    0.343278] pci 0000:00:18.7: PCI bridge to [bus 22]
[    0.343309] pci 0000:00:18.7:   bridge window [mem 0xfb500000-0xfb5fffff]
[    0.343340] pci 0000:00:18.7:   bridge window [mem 0xe5b00000-0xe5bfffff 64bit pref]
[    0.345064] ACPI: PCI Interrupt Link [LNKA] (IRQs 3 4 5 6 7 *9 10 11 14 15)
[    0.345129] ACPI: PCI Interrupt Link [LNKB] (IRQs 3 4 5 6 7 9 10 *11 14 15)
[    0.345190] ACPI: PCI Interrupt Link [LNKC] (IRQs 3 4 5 6 7 9 *10 11 14 15)
[    0.345250] ACPI: PCI Interrupt Link [LNKD] (IRQs 3 4 5 6 *7 9 10 11 14 15)
[    0.350499] pci 0000:00:0f.0: vgaarb: setting as boot VGA device
[    0.350499] pci 0000:00:0f.0: vgaarb: VGA device added: decodes=io+mem,owns=io+mem,locks=none
[    0.350499] pci 0000:00:0f.0: vgaarb: bridge control possible
[    0.350499] vgaarb: loaded
[    0.350554] SCSI subsystem initialized
[    0.350571] ACPI: bus type USB registered
[    0.350584] usbcore: registered new interface driver usbfs
[    0.350590] usbcore: registered new interface driver hub
[    0.350603] usbcore: registered new device driver usb
[    0.350615] pps_core: LinuxPPS API ver. 1 registered
[    0.350615] pps_core: Software ver. 5.3.6 - Copyright 2005-2007 Rodolfo Giometti <giometti@linux.it>
[    0.350618] PTP clock support registered
[    0.350664] EDAC MC: Ver: 3.0.0
[    0.351737] PCI: Using ACPI for IRQ routing
[    0.373515] PCI: pci_cache_line_size set to 64 bytes
[    0.374398] e820: reserve RAM buffer [mem 0x0009f800-0x0009ffff]
[    0.374401] e820: reserve RAM buffer [mem 0xbfef0000-0xbfffffff]
[    0.374541] NetLabel: Initializing
[    0.374542] NetLabel:  domain hash size = 128
[    0.374542] NetLabel:  protocols = UNLABELED CIPSOv4 CALIPSO
[    0.374558] NetLabel:  unlabeled traffic allowed by default
[    0.374620] hpet0: at MMIO 0xfed00000, IRQs 2, 8, 0, 0, 0, 0, 0, 0, 0, 0, 0, 0, 0, 0, 0, 0
[    0.374630] hpet0: 16 comparators, 64-bit 14.318180 MHz counter
[    0.377495] clocksource: Switched to clocksource tsc-early
[    0.388324] VFS: Disk quotas dquot_6.6.0
[    0.388337] VFS: Dquot-cache hash table entries: 512 (order 0, 4096 bytes)
[    0.388386] pnp: PnP ACPI init
[    0.388617] system 00:00: [io  0x1000-0x103f] has been reserved
[    0.388620] system 00:00: [io  0x1040-0x104f] has been reserved
[    0.388622] system 00:00: [io  0x0cf0-0x0cf1] has been reserved
[    0.388627] system 00:00: Plug and Play ACPI device, IDs PNP0c02 (active)
[    0.388651] pnp 00:01: Plug and Play ACPI device, IDs PNP0b00 (active)
[    0.388669] pnp 00:02: Plug and Play ACPI device, IDs PNP0303 (active)
[    0.388684] pnp 00:03: Plug and Play ACPI device, IDs VMW0003 PNP0f13 (active)
[    0.388904] system 00:04: [mem 0xfed00000-0xfed003ff] has been reserved
[    0.388908] system 00:04: Plug and Play ACPI device, IDs PNP0103 PNP0c01 (active)
[    0.390419] system 00:05: [io  0xfce0-0xfcff] has been reserved
[    0.390422] system 00:05: [mem 0xf0000000-0xf7ffffff] has been reserved
[    0.390424] system 00:05: [mem 0xfe800000-0xfe9fffff] has been reserved
[    0.390428] system 00:05: Plug and Play ACPI device, IDs PNP0c02 (active)
[    0.394015] pnp: PnP ACPI: found 6 devices
[    0.400428] clocksource: acpi_pm: mask: 0xffffff max_cycles: 0xffffff, max_idle_ns: 2085701024 ns
[    0.400757] pci 0000:00:15.3: bridge window [io  0x1000-0x0fff] to [bus 06] add_size 1000
[    0.400806] pci 0000:00:15.4: bridge window [io  0x1000-0x0fff] to [bus 07] add_size 1000
[    0.400853] pci 0000:00:15.5: bridge window [io  0x1000-0x0fff] to [bus 08] add_size 1000
[    0.400900] pci 0000:00:15.6: bridge window [io  0x1000-0x0fff] to [bus 09] add_size 1000
[    0.400947] pci 0000:00:15.7: bridge window [io  0x1000-0x0fff] to [bus 0a] add_size 1000
[    0.401131] pci 0000:00:16.3: bridge window [io  0x1000-0x0fff] to [bus 0e] add_size 1000
[    0.401178] pci 0000:00:16.4: bridge window [io  0x1000-0x0fff] to [bus 0f] add_size 1000
[    0.401226] pci 0000:00:16.5: bridge window [io  0x1000-0x0fff] to [bus 10] add_size 1000
[    0.401273] pci 0000:00:16.6: bridge window [io  0x1000-0x0fff] to [bus 11] add_size 1000
[    0.401320] pci 0000:00:16.7: bridge window [io  0x1000-0x0fff] to [bus 12] add_size 1000
[    0.401508] pci 0000:00:17.3: bridge window [io  0x1000-0x0fff] to [bus 16] add_size 1000
[    0.401555] pci 0000:00:17.4: bridge window [io  0x1000-0x0fff] to [bus 17] add_size 1000
[    0.401602] pci 0000:00:17.5: bridge window [io  0x1000-0x0fff] to [bus 18] add_size 1000
[    0.401649] pci 0000:00:17.6: bridge window [io  0x1000-0x0fff] to [bus 19] add_size 1000
[    0.401695] pci 0000:00:17.7: bridge window [io  0x1000-0x0fff] to [bus 1a] add_size 1000
[    0.401831] pci 0000:00:18.2: bridge window [io  0x1000-0x0fff] to [bus 1d] add_size 1000
[    0.401878] pci 0000:00:18.3: bridge window [io  0x1000-0x0fff] to [bus 1e] add_size 1000
[    0.401925] pci 0000:00:18.4: bridge window [io  0x1000-0x0fff] to [bus 1f] add_size 1000
[    0.401971] pci 0000:00:18.5: bridge window [io  0x1000-0x0fff] to [bus 20] add_size 1000
[    0.402018] pci 0000:00:18.6: bridge window [io  0x1000-0x0fff] to [bus 21] add_size 1000
[    0.402065] pci 0000:00:18.7: bridge window [io  0x1000-0x0fff] to [bus 22] add_size 1000
[    0.402083] pci 0000:00:0f.0: BAR 6: assigned [mem 0xc0000000-0xc0007fff pref]
[    0.402086] pci 0000:00:10.0: BAR 6: assigned [mem 0xc0008000-0xc000bfff pref]
[    0.402089] pci 0000:00:15.3: BAR 13: no space for [io  size 0x1000]
[    0.402091] pci 0000:00:15.3: BAR 13: failed to assign [io  size 0x1000]
[    0.402093] pci 0000:00:15.4: BAR 13: no space for [io  size 0x1000]
[    0.402094] pci 0000:00:15.4: BAR 13: failed to assign [io  size 0x1000]
[    0.402096] pci 0000:00:15.5: BAR 13: no space for [io  size 0x1000]
[    0.402097] pci 0000:00:15.5: BAR 13: failed to assign [io  size 0x1000]
[    0.402099] pci 0000:00:15.6: BAR 13: no space for [io  size 0x1000]
[    0.402100] pci 0000:00:15.6: BAR 13: failed to assign [io  size 0x1000]
[    0.402102] pci 0000:00:15.7: BAR 13: no space for [io  size 0x1000]
[    0.402103] pci 0000:00:15.7: BAR 13: failed to assign [io  size 0x1000]
[    0.402105] pci 0000:00:16.3: BAR 13: no space for [io  size 0x1000]
[    0.402106] pci 0000:00:16.3: BAR 13: failed to assign [io  size 0x1000]
[    0.402108] pci 0000:00:16.4: BAR 13: no space for [io  size 0x1000]
[    0.402109] pci 0000:00:16.4: BAR 13: failed to assign [io  size 0x1000]
[    0.402111] pci 0000:00:16.5: BAR 13: no space for [io  size 0x1000]
[    0.402112] pci 0000:00:16.5: BAR 13: failed to assign [io  size 0x1000]
[    0.402114] pci 0000:00:16.6: BAR 13: no space for [io  size 0x1000]
[    0.402115] pci 0000:00:16.6: BAR 13: failed to assign [io  size 0x1000]
[    0.402117] pci 0000:00:16.7: BAR 13: no space for [io  size 0x1000]
[    0.402119] pci 0000:00:16.7: BAR 13: failed to assign [io  size 0x1000]
[    0.402120] pci 0000:00:17.3: BAR 13: no space for [io  size 0x1000]
[    0.402122] pci 0000:00:17.3: BAR 13: failed to assign [io  size 0x1000]
[    0.402124] pci 0000:00:17.4: BAR 13: no space for [io  size 0x1000]
[    0.402125] pci 0000:00:17.4: BAR 13: failed to assign [io  size 0x1000]
[    0.402127] pci 0000:00:17.5: BAR 13: no space for [io  size 0x1000]
[    0.402128] pci 0000:00:17.5: BAR 13: failed to assign [io  size 0x1000]
[    0.402130] pci 0000:00:17.6: BAR 13: no space for [io  size 0x1000]
[    0.402131] pci 0000:00:17.6: BAR 13: failed to assign [io  size 0x1000]
[    0.402133] pci 0000:00:17.7: BAR 13: no space for [io  size 0x1000]
[    0.402134] pci 0000:00:17.7: BAR 13: failed to assign [io  size 0x1000]
[    0.402136] pci 0000:00:18.2: BAR 13: no space for [io  size 0x1000]
[    0.402137] pci 0000:00:18.2: BAR 13: failed to assign [io  size 0x1000]
[    0.402139] pci 0000:00:18.3: BAR 13: no space for [io  size 0x1000]
[    0.402140] pci 0000:00:18.3: BAR 13: failed to assign [io  size 0x1000]
[    0.402142] pci 0000:00:18.4: BAR 13: no space for [io  size 0x1000]
[    0.402143] pci 0000:00:18.4: BAR 13: failed to assign [io  size 0x1000]
[    0.402145] pci 0000:00:18.5: BAR 13: no space for [io  size 0x1000]
[    0.402146] pci 0000:00:18.5: BAR 13: failed to assign [io  size 0x1000]
[    0.402149] pci 0000:00:18.6: BAR 13: no space for [io  size 0x1000]
[    0.402151] pci 0000:00:18.6: BAR 13: failed to assign [io  size 0x1000]
[    0.402153] pci 0000:00:18.7: BAR 13: no space for [io  size 0x1000]
[    0.402154] pci 0000:00:18.7: BAR 13: failed to assign [io  size 0x1000]
[    0.402159] pci 0000:00:18.7: BAR 13: no space for [io  size 0x1000]
[    0.402160] pci 0000:00:18.7: BAR 13: failed to assign [io  size 0x1000]
[    0.402162] pci 0000:00:18.6: BAR 13: no space for [io  size 0x1000]
[    0.402163] pci 0000:00:18.6: BAR 13: failed to assign [io  size 0x1000]
[    0.402165] pci 0000:00:18.5: BAR 13: no space for [io  size 0x1000]
[    0.402166] pci 0000:00:18.5: BAR 13: failed to assign [io  size 0x1000]
[    0.402168] pci 0000:00:18.4: BAR 13: no space for [io  size 0x1000]
[    0.402169] pci 0000:00:18.4: BAR 13: failed to assign [io  size 0x1000]
[    0.402171] pci 0000:00:18.3: BAR 13: no space for [io  size 0x1000]
[    0.402172] pci 0000:00:18.3: BAR 13: failed to assign [io  size 0x1000]
[    0.402174] pci 0000:00:18.2: BAR 13: no space for [io  size 0x1000]
[    0.402175] pci 0000:00:18.2: BAR 13: failed to assign [io  size 0x1000]
[    0.402177] pci 0000:00:17.7: BAR 13: no space for [io  size 0x1000]
[    0.402178] pci 0000:00:17.7: BAR 13: failed to assign [io  size 0x1000]
[    0.402180] pci 0000:00:17.6: BAR 13: no space for [io  size 0x1000]
[    0.402181] pci 0000:00:17.6: BAR 13: failed to assign [io  size 0x1000]
[    0.402183] pci 0000:00:17.5: BAR 13: no space for [io  size 0x1000]
[    0.402184] pci 0000:00:17.5: BAR 13: failed to assign [io  size 0x1000]
[    0.402186] pci 0000:00:17.4: BAR 13: no space for [io  size 0x1000]
[    0.402187] pci 0000:00:17.4: BAR 13: failed to assign [io  size 0x1000]
[    0.402189] pci 0000:00:17.3: BAR 13: no space for [io  size 0x1000]
[    0.402190] pci 0000:00:17.3: BAR 13: failed to assign [io  size 0x1000]
[    0.402192] pci 0000:00:16.7: BAR 13: no space for [io  size 0x1000]
[    0.402193] pci 0000:00:16.7: BAR 13: failed to assign [io  size 0x1000]
[    0.402195] pci 0000:00:16.6: BAR 13: no space for [io  size 0x1000]
[    0.402196] pci 0000:00:16.6: BAR 13: failed to assign [io  size 0x1000]
[    0.402198] pci 0000:00:16.5: BAR 13: no space for [io  size 0x1000]
[    0.402200] pci 0000:00:16.5: BAR 13: failed to assign [io  size 0x1000]
[    0.402201] pci 0000:00:16.4: BAR 13: no space for [io  size 0x1000]
[    0.402203] pci 0000:00:16.4: BAR 13: failed to assign [io  size 0x1000]
[    0.402204] pci 0000:00:16.3: BAR 13: no space for [io  size 0x1000]
[    0.402206] pci 0000:00:16.3: BAR 13: failed to assign [io  size 0x1000]
[    0.402208] pci 0000:00:15.7: BAR 13: no space for [io  size 0x1000]
[    0.402209] pci 0000:00:15.7: BAR 13: failed to assign [io  size 0x1000]
[    0.402211] pci 0000:00:15.6: BAR 13: no space for [io  size 0x1000]
[    0.402212] pci 0000:00:15.6: BAR 13: failed to assign [io  size 0x1000]
[    0.402214] pci 0000:00:15.5: BAR 13: no space for [io  size 0x1000]
[    0.402215] pci 0000:00:15.5: BAR 13: failed to assign [io  size 0x1000]
[    0.402217] pci 0000:00:15.4: BAR 13: no space for [io  size 0x1000]
[    0.402218] pci 0000:00:15.4: BAR 13: failed to assign [io  size 0x1000]
[    0.402220] pci 0000:00:15.3: BAR 13: no space for [io  size 0x1000]
[    0.402221] pci 0000:00:15.3: BAR 13: failed to assign [io  size 0x1000]
[    0.402223] pci 0000:00:01.0: PCI bridge to [bus 01]
[    0.402303] pci 0000:02:01.0: BAR 6: assigned [mem 0xfd500000-0xfd50ffff pref]
[    0.402305] pci 0000:00:11.0: PCI bridge to [bus 02]
[    0.402314] pci 0000:00:11.0:   bridge window [io  0x2000-0x3fff]
[    0.402350] pci 0000:00:11.0:   bridge window [mem 0xfd500000-0xfdffffff]
[    0.402367] pci 0000:00:11.0:   bridge window [mem 0xe7b00000-0xe7ffffff 64bit pref]
[    0.402399] pci 0000:00:15.0: PCI bridge to [bus 03]
[    0.402407] pci 0000:00:15.0:   bridge window [io  0x4000-0x4fff]
[    0.402431] pci 0000:00:15.0:   bridge window [mem 0xfd400000-0xfd4fffff]
[    0.402449] pci 0000:00:15.0:   bridge window [mem 0xe7a00000-0xe7afffff 64bit pref]
[    0.402511] pci 0000:00:15.1: PCI bridge to [bus 04]
[    0.402521] pci 0000:00:15.1:   bridge window [io  0x8000-0x8fff]
[    0.402549] pci 0000:00:15.1:   bridge window [mem 0xfd000000-0xfd0fffff]
[    0.402567] pci 0000:00:15.1:   bridge window [mem 0xe7600000-0xe76fffff 64bit pref]
[    0.402612] pci 0000:00:15.2: PCI bridge to [bus 05]
[    0.402622] pci 0000:00:15.2:   bridge window [io  0xc000-0xcfff]
[    0.402650] pci 0000:00:15.2:   bridge window [mem 0xfcc00000-0xfccfffff]
[    0.402669] pci 0000:00:15.2:   bridge window [mem 0xe7200000-0xe72fffff 64bit pref]
[    0.402716] pci 0000:00:15.3: PCI bridge to [bus 06]
[    0.402743] pci 0000:00:15.3:   bridge window [mem 0xfc800000-0xfc8fffff]
[    0.402759] pci 0000:00:15.3:   bridge window [mem 0xe6e00000-0xe6efffff 64bit pref]
[    0.402796] pci 0000:00:15.4: PCI bridge to [bus 07]
[    0.402820] pci 0000:00:15.4:   bridge window [mem 0xfc400000-0xfc4fffff]
[    0.402867] pci 0000:00:15.4:   bridge window [mem 0xe6a00000-0xe6afffff 64bit pref]
[    0.402904] pci 0000:00:15.5: PCI bridge to [bus 08]
[    0.402928] pci 0000:00:15.5:   bridge window [mem 0xfc000000-0xfc0fffff]
[    0.402944] pci 0000:00:15.5:   bridge window [mem 0xe6600000-0xe66fffff 64bit pref]
[    0.402984] pci 0000:00:15.6: PCI bridge to [bus 09]
[    0.403010] pci 0000:00:15.6:   bridge window [mem 0xfbc00000-0xfbcfffff]
[    0.403026] pci 0000:00:15.6:   bridge window [mem 0xe6200000-0xe62fffff 64bit pref]
[    0.403062] pci 0000:00:15.7: PCI bridge to [bus 0a]
[    0.403092] pci 0000:00:15.7:   bridge window [mem 0xfb800000-0xfb8fffff]
[    0.403108] pci 0000:00:15.7:   bridge window [mem 0xe5e00000-0xe5efffff 64bit pref]
[    0.403144] pci 0000:00:16.0: PCI bridge to [bus 0b]
[    0.403154] pci 0000:00:16.0:   bridge window [io  0x5000-0x5fff]
[    0.403177] pci 0000:00:16.0:   bridge window [mem 0xfd300000-0xfd3fffff]
[    0.403194] pci 0000:00:16.0:   bridge window [mem 0xe7900000-0xe79fffff 64bit pref]
[    0.403229] pci 0000:00:16.1: PCI bridge to [bus 0c]
[    0.403238] pci 0000:00:16.1:   bridge window [io  0x9000-0x9fff]
[    0.403262] pci 0000:00:16.1:   bridge window [mem 0xfcf00000-0xfcffffff]
[    0.403278] pci 0000:00:16.1:   bridge window [mem 0xe7500000-0xe75fffff 64bit pref]
[    0.403315] pci 0000:00:16.2: PCI bridge to [bus 0d]
[    0.403324] pci 0000:00:16.2:   bridge window [io  0xd000-0xdfff]
[    0.403347] pci 0000:00:16.2:   bridge window [mem 0xfcb00000-0xfcbfffff]
[    0.403363] pci 0000:00:16.2:   bridge window [mem 0xe7100000-0xe71fffff 64bit pref]
[    0.403399] pci 0000:00:16.3: PCI bridge to [bus 0e]
[    0.403423] pci 0000:00:16.3:   bridge window [mem 0xfc700000-0xfc7fffff]
[    0.403440] pci 0000:00:16.3:   bridge window [mem 0xe6d00000-0xe6dfffff 64bit pref]
[    0.403483] pci 0000:00:16.4: PCI bridge to [bus 0f]
[    0.403507] pci 0000:00:16.4:   bridge window [mem 0xfc300000-0xfc3fffff]
[    0.403523] pci 0000:00:16.4:   bridge window [mem 0xe6900000-0xe69fffff 64bit pref]
[    0.403559] pci 0000:00:16.5: PCI bridge to [bus 10]
[    0.403582] pci 0000:00:16.5:   bridge window [mem 0xfbf00000-0xfbffffff]
[    0.403599] pci 0000:00:16.5:   bridge window [mem 0xe6500000-0xe65fffff 64bit pref]
[    0.403635] pci 0000:00:16.6: PCI bridge to [bus 11]
[    0.403658] pci 0000:00:16.6:   bridge window [mem 0xfbb00000-0xfbbfffff]
[    0.403675] pci 0000:00:16.6:   bridge window [mem 0xe6100000-0xe61fffff 64bit pref]
[    0.403711] pci 0000:00:16.7: PCI bridge to [bus 12]
[    0.403734] pci 0000:00:16.7:   bridge window [mem 0xfb700000-0xfb7fffff]
[    0.403750] pci 0000:00:16.7:   bridge window [mem 0xe5d00000-0xe5dfffff 64bit pref]
[    0.403787] pci 0000:00:17.0: PCI bridge to [bus 13]
[    0.403796] pci 0000:00:17.0:   bridge window [io  0x6000-0x6fff]
[    0.403820] pci 0000:00:17.0:   bridge window [mem 0xfd200000-0xfd2fffff]
[    0.403836] pci 0000:00:17.0:   bridge window [mem 0xe7800000-0xe78fffff 64bit pref]
[    0.403872] pci 0000:00:17.1: PCI bridge to [bus 14]
[    0.403881] pci 0000:00:17.1:   bridge window [io  0xa000-0xafff]
[    0.403905] pci 0000:00:17.1:   bridge window [mem 0xfce00000-0xfcefffff]
[    0.403921] pci 0000:00:17.1:   bridge window [mem 0xe7400000-0xe74fffff 64bit pref]
[    0.403957] pci 0000:00:17.2: PCI bridge to [bus 15]
[    0.403965] pci 0000:00:17.2:   bridge window [io  0xe000-0xefff]
[    0.403989] pci 0000:00:17.2:   bridge window [mem 0xfca00000-0xfcafffff]
[    0.404005] pci 0000:00:17.2:   bridge window [mem 0xe7000000-0xe70fffff 64bit pref]
[    0.404041] pci 0000:00:17.3: PCI bridge to [bus 16]
[    0.404065] pci 0000:00:17.3:   bridge window [mem 0xfc600000-0xfc6fffff]
[    0.404083] pci 0000:00:17.3:   bridge window [mem 0xe6c00000-0xe6cfffff 64bit pref]
[    0.404119] pci 0000:00:17.4: PCI bridge to [bus 17]
[    0.404143] pci 0000:00:17.4:   bridge window [mem 0xfc200000-0xfc2fffff]
[    0.404159] pci 0000:00:17.4:   bridge window [mem 0xe6800000-0xe68fffff 64bit pref]
[    0.404195] pci 0000:00:17.5: PCI bridge to [bus 18]
[    0.404219] pci 0000:00:17.5:   bridge window [mem 0xfbe00000-0xfbefffff]
[    0.404235] pci 0000:00:17.5:   bridge window [mem 0xe6400000-0xe64fffff 64bit pref]
[    0.404270] pci 0000:00:17.6: PCI bridge to [bus 19]
[    0.404294] pci 0000:00:17.6:   bridge window [mem 0xfba00000-0xfbafffff]
[    0.404310] pci 0000:00:17.6:   bridge window [mem 0xe6000000-0xe60fffff 64bit pref]
[    0.404346] pci 0000:00:17.7: PCI bridge to [bus 1a]
[    0.404370] pci 0000:00:17.7:   bridge window [mem 0xfb600000-0xfb6fffff]
[    0.404386] pci 0000:00:17.7:   bridge window [mem 0xe5c00000-0xe5cfffff 64bit pref]
[    0.404421] pci 0000:00:18.0: PCI bridge to [bus 1b]
[    0.404430] pci 0000:00:18.0:   bridge window [io  0x7000-0x7fff]
[    0.404458] pci 0000:00:18.0:   bridge window [mem 0xfd100000-0xfd1fffff]
[    0.404474] pci 0000:00:18.0:   bridge window [mem 0xe7700000-0xe77fffff 64bit pref]
[    0.404510] pci 0000:00:18.1: PCI bridge to [bus 1c]
[    0.404518] pci 0000:00:18.1:   bridge window [io  0xb000-0xbfff]
[    0.404542] pci 0000:00:18.1:   bridge window [mem 0xfcd00000-0xfcdfffff]
[    0.404558] pci 0000:00:18.1:   bridge window [mem 0xe7300000-0xe73fffff 64bit pref]
[    0.404594] pci 0000:00:18.2: PCI bridge to [bus 1d]
[    0.404617] pci 0000:00:18.2:   bridge window [mem 0xfc900000-0xfc9fffff]
[    0.404633] pci 0000:00:18.2:   bridge window [mem 0xe6f00000-0xe6ffffff 64bit pref]
[    0.404669] pci 0000:00:18.3: PCI bridge to [bus 1e]
[    0.404693] pci 0000:00:18.3:   bridge window [mem 0xfc500000-0xfc5fffff]
[    0.404709] pci 0000:00:18.3:   bridge window [mem 0xe6b00000-0xe6bfffff 64bit pref]
[    0.404744] pci 0000:00:18.4: PCI bridge to [bus 1f]
[    0.404768] pci 0000:00:18.4:   bridge window [mem 0xfc100000-0xfc1fffff]
[    0.404784] pci 0000:00:18.4:   bridge window [mem 0xe6700000-0xe67fffff 64bit pref]
[    0.404820] pci 0000:00:18.5: PCI bridge to [bus 20]
[    0.404844] pci 0000:00:18.5:   bridge window [mem 0xfbd00000-0xfbdfffff]
[    0.404860] pci 0000:00:18.5:   bridge window [mem 0xe6300000-0xe63fffff 64bit pref]
[    0.404896] pci 0000:00:18.6: PCI bridge to [bus 21]
[    0.404920] pci 0000:00:18.6:   bridge window [mem 0xfb900000-0xfb9fffff]
[    0.404936] pci 0000:00:18.6:   bridge window [mem 0xe5f00000-0xe5ffffff 64bit pref]
[    0.404972] pci 0000:00:18.7: PCI bridge to [bus 22]
[    0.404996] pci 0000:00:18.7:   bridge window [mem 0xfb500000-0xfb5fffff]
[    0.405012] pci 0000:00:18.7:   bridge window [mem 0xe5b00000-0xe5bfffff 64bit pref]
[    0.405049] pci_bus 0000:00: resource 4 [mem 0x000a0000-0x000bffff window]
[    0.405051] pci_bus 0000:00: resource 5 [mem 0x000cc000-0x000cffff window]
[    0.405052] pci_bus 0000:00: resource 6 [mem 0x000d0000-0x000d3fff window]
[    0.405053] pci_bus 0000:00: resource 7 [mem 0x000d4000-0x000d7fff window]
[    0.405054] pci_bus 0000:00: resource 8 [mem 0x000d8000-0x000dbfff window]
[    0.405055] pci_bus 0000:00: resource 9 [mem 0xc0000000-0xfebfffff window]
[    0.405057] pci_bus 0000:00: resource 10 [io  0x0000-0x0cf7 window]
[    0.405058] pci_bus 0000:00: resource 11 [io  0x0d00-0xfeff window]
[    0.405060] pci_bus 0000:02: resource 0 [io  0x2000-0x3fff]
[    0.405061] pci_bus 0000:02: resource 1 [mem 0xfd500000-0xfdffffff]
[    0.405062] pci_bus 0000:02: resource 2 [mem 0xe7b00000-0xe7ffffff 64bit pref]
[    0.405064] pci_bus 0000:02: resource 4 [mem 0x000a0000-0x000bffff window]
[    0.405065] pci_bus 0000:02: resource 5 [mem 0x000cc000-0x000cffff window]
[    0.405066] pci_bus 0000:02: resource 6 [mem 0x000d0000-0x000d3fff window]
[    0.405067] pci_bus 0000:02: resource 7 [mem 0x000d4000-0x000d7fff window]
[    0.405068] pci_bus 0000:02: resource 8 [mem 0x000d8000-0x000dbfff window]
[    0.405069] pci_bus 0000:02: resource 9 [mem 0xc0000000-0xfebfffff window]
[    0.405070] pci_bus 0000:02: resource 10 [io  0x0000-0x0cf7 window]
[    0.405071] pci_bus 0000:02: resource 11 [io  0x0d00-0xfeff window]
[    0.405073] pci_bus 0000:03: resource 0 [io  0x4000-0x4fff]
[    0.405074] pci_bus 0000:03: resource 1 [mem 0xfd400000-0xfd4fffff]
[    0.405075] pci_bus 0000:03: resource 2 [mem 0xe7a00000-0xe7afffff 64bit pref]
[    0.405077] pci_bus 0000:04: resource 0 [io  0x8000-0x8fff]
[    0.405078] pci_bus 0000:04: resource 1 [mem 0xfd000000-0xfd0fffff]
[    0.405079] pci_bus 0000:04: resource 2 [mem 0xe7600000-0xe76fffff 64bit pref]
[    0.405080] pci_bus 0000:05: resource 0 [io  0xc000-0xcfff]
[    0.405081] pci_bus 0000:05: resource 1 [mem 0xfcc00000-0xfccfffff]
[    0.405082] pci_bus 0000:05: resource 2 [mem 0xe7200000-0xe72fffff 64bit pref]
[    0.405084] pci_bus 0000:06: resource 1 [mem 0xfc800000-0xfc8fffff]
[    0.405085] pci_bus 0000:06: resource 2 [mem 0xe6e00000-0xe6efffff 64bit pref]
[    0.405086] pci_bus 0000:07: resource 1 [mem 0xfc400000-0xfc4fffff]
[    0.405087] pci_bus 0000:07: resource 2 [mem 0xe6a00000-0xe6afffff 64bit pref]
[    0.405088] pci_bus 0000:08: resource 1 [mem 0xfc000000-0xfc0fffff]
[    0.405090] pci_bus 0000:08: resource 2 [mem 0xe6600000-0xe66fffff 64bit pref]
[    0.405091] pci_bus 0000:09: resource 1 [mem 0xfbc00000-0xfbcfffff]
[    0.405092] pci_bus 0000:09: resource 2 [mem 0xe6200000-0xe62fffff 64bit pref]
[    0.405093] pci_bus 0000:0a: resource 1 [mem 0xfb800000-0xfb8fffff]
[    0.405094] pci_bus 0000:0a: resource 2 [mem 0xe5e00000-0xe5efffff 64bit pref]
[    0.405095] pci_bus 0000:0b: resource 0 [io  0x5000-0x5fff]
[    0.405096] pci_bus 0000:0b: resource 1 [mem 0xfd300000-0xfd3fffff]
[    0.405098] pci_bus 0000:0b: resource 2 [mem 0xe7900000-0xe79fffff 64bit pref]
[    0.405099] pci_bus 0000:0c: resource 0 [io  0x9000-0x9fff]
[    0.405100] pci_bus 0000:0c: resource 1 [mem 0xfcf00000-0xfcffffff]
[    0.405101] pci_bus 0000:0c: resource 2 [mem 0xe7500000-0xe75fffff 64bit pref]
[    0.405102] pci_bus 0000:0d: resource 0 [io  0xd000-0xdfff]
[    0.405103] pci_bus 0000:0d: resource 1 [mem 0xfcb00000-0xfcbfffff]
[    0.405104] pci_bus 0000:0d: resource 2 [mem 0xe7100000-0xe71fffff 64bit pref]
[    0.405106] pci_bus 0000:0e: resource 1 [mem 0xfc700000-0xfc7fffff]
[    0.405107] pci_bus 0000:0e: resource 2 [mem 0xe6d00000-0xe6dfffff 64bit pref]
[    0.405108] pci_bus 0000:0f: resource 1 [mem 0xfc300000-0xfc3fffff]
[    0.405109] pci_bus 0000:0f: resource 2 [mem 0xe6900000-0xe69fffff 64bit pref]
[    0.405110] pci_bus 0000:10: resource 1 [mem 0xfbf00000-0xfbffffff]
[    0.405111] pci_bus 0000:10: resource 2 [mem 0xe6500000-0xe65fffff 64bit pref]
[    0.405113] pci_bus 0000:11: resource 1 [mem 0xfbb00000-0xfbbfffff]
[    0.405114] pci_bus 0000:11: resource 2 [mem 0xe6100000-0xe61fffff 64bit pref]
[    0.405115] pci_bus 0000:12: resource 1 [mem 0xfb700000-0xfb7fffff]
[    0.405116] pci_bus 0000:12: resource 2 [mem 0xe5d00000-0xe5dfffff 64bit pref]
[    0.405118] pci_bus 0000:13: resource 0 [io  0x6000-0x6fff]
[    0.405119] pci_bus 0000:13: resource 1 [mem 0xfd200000-0xfd2fffff]
[    0.405120] pci_bus 0000:13: resource 2 [mem 0xe7800000-0xe78fffff 64bit pref]
[    0.405121] pci_bus 0000:14: resource 0 [io  0xa000-0xafff]
[    0.405122] pci_bus 0000:14: resource 1 [mem 0xfce00000-0xfcefffff]
[    0.405123] pci_bus 0000:14: resource 2 [mem 0xe7400000-0xe74fffff 64bit pref]
[    0.405124] pci_bus 0000:15: resource 0 [io  0xe000-0xefff]
[    0.405126] pci_bus 0000:15: resource 1 [mem 0xfca00000-0xfcafffff]
[    0.405127] pci_bus 0000:15: resource 2 [mem 0xe7000000-0xe70fffff 64bit pref]
[    0.405128] pci_bus 0000:16: resource 1 [mem 0xfc600000-0xfc6fffff]
[    0.405129] pci_bus 0000:16: resource 2 [mem 0xe6c00000-0xe6cfffff 64bit pref]
[    0.405130] pci_bus 0000:17: resource 1 [mem 0xfc200000-0xfc2fffff]
[    0.405131] pci_bus 0000:17: resource 2 [mem 0xe6800000-0xe68fffff 64bit pref]
[    0.405133] pci_bus 0000:18: resource 1 [mem 0xfbe00000-0xfbefffff]
[    0.405134] pci_bus 0000:18: resource 2 [mem 0xe6400000-0xe64fffff 64bit pref]
[    0.405135] pci_bus 0000:19: resource 1 [mem 0xfba00000-0xfbafffff]
[    0.405136] pci_bus 0000:19: resource 2 [mem 0xe6000000-0xe60fffff 64bit pref]
[    0.405137] pci_bus 0000:1a: resource 1 [mem 0xfb600000-0xfb6fffff]
[    0.405139] pci_bus 0000:1a: resource 2 [mem 0xe5c00000-0xe5cfffff 64bit pref]
[    0.405140] pci_bus 0000:1b: resource 0 [io  0x7000-0x7fff]
[    0.405141] pci_bus 0000:1b: resource 1 [mem 0xfd100000-0xfd1fffff]
[    0.405142] pci_bus 0000:1b: resource 2 [mem 0xe7700000-0xe77fffff 64bit pref]
[    0.405143] pci_bus 0000:1c: resource 0 [io  0xb000-0xbfff]
[    0.405144] pci_bus 0000:1c: resource 1 [mem 0xfcd00000-0xfcdfffff]
[    0.405145] pci_bus 0000:1c: resource 2 [mem 0xe7300000-0xe73fffff 64bit pref]
[    0.405146] pci_bus 0000:1d: resource 1 [mem 0xfc900000-0xfc9fffff]
[    0.405148] pci_bus 0000:1d: resource 2 [mem 0xe6f00000-0xe6ffffff 64bit pref]
[    0.405149] pci_bus 0000:1e: resource 1 [mem 0xfc500000-0xfc5fffff]
[    0.405150] pci_bus 0000:1e: resource 2 [mem 0xe6b00000-0xe6bfffff 64bit pref]
[    0.405151] pci_bus 0000:1f: resource 1 [mem 0xfc100000-0xfc1fffff]
[    0.405152] pci_bus 0000:1f: resource 2 [mem 0xe6700000-0xe67fffff 64bit pref]
[    0.405153] pci_bus 0000:20: resource 1 [mem 0xfbd00000-0xfbdfffff]
[    0.405155] pci_bus 0000:20: resource 2 [mem 0xe6300000-0xe63fffff 64bit pref]
[    0.405156] pci_bus 0000:21: resource 1 [mem 0xfb900000-0xfb9fffff]
[    0.405157] pci_bus 0000:21: resource 2 [mem 0xe5f00000-0xe5ffffff 64bit pref]
[    0.405158] pci_bus 0000:22: resource 1 [mem 0xfb500000-0xfb5fffff]
[    0.405159] pci_bus 0000:22: resource 2 [mem 0xe5b00000-0xe5bfffff 64bit pref]
[    0.405348] NET: Registered protocol family 2
[    0.405487] tcp_listen_portaddr_hash hash table entries: 2048 (order: 3, 32768 bytes)
[    0.405505] TCP established hash table entries: 32768 (order: 6, 262144 bytes)
[    0.406072] TCP bind hash table entries: 32768 (order: 7, 524288 bytes)
[    0.406129] TCP: Hash tables configured (established 32768 bind 32768)
[    0.406156] UDP hash table entries: 2048 (order: 4, 65536 bytes)
[    0.406167] UDP-Lite hash table entries: 2048 (order: 4, 65536 bytes)
[    0.406228] NET: Registered protocol family 1
[    0.406235] pci 0000:00:00.0: Limiting direct PCI/PCI transfers
[    0.406338] pci 0000:00:0f.0: Video device with shadowed ROM at [mem 0x000c0000-0x000dffff]
[    0.407328] PCI: CLS mismatch (32 != 64), using 64 bytes
[    0.407908] Unpacking initramfs...
[    0.699744] Freeing initrd memory: 19088K
[    0.699754] PCI-DMA: Using software bounce buffering for IO (SWIOTLB)
[    0.699755] software IO TLB: mapped [mem 0xba000000-0xbe000000] (64MB)
[    0.699832] RAPL PMU: API unit is 2^-32 Joules, 3 fixed counters, 10737418240 ms ovfl timer
[    0.699833] RAPL PMU: hw unit of domain pp0-core 2^-0 Joules
[    0.699833] RAPL PMU: hw unit of domain package 2^-0 Joules
[    0.699834] RAPL PMU: hw unit of domain pp1-gpu 2^-0 Joules
[    0.701219] Initialise system trusted keyrings
[    0.701224] Key type blacklist registered
[    0.701261] workingset: timestamp_bits=36 max_order=20 bucket_order=0
[    0.702302] zbud: loaded
[    0.702626] pstore: using deflate compression
[    0.743306] NET: Registered protocol family 38
[    0.743309] Key type asymmetric registered
[    0.743309] Asymmetric key parser 'x509' registered
[    0.743322] Block layer SCSI generic (bsg) driver version 0.4 loaded (major 246)
[    0.743353] io scheduler noop registered
[    0.743354] io scheduler deadline registered (default)
[    0.743387] io scheduler cfq registered
[    0.743388] io scheduler mq-deadline registered (default)
[    0.743389] io scheduler kyber registered
[    0.743441] atomic64_test: passed for x86-64 platform with CX8 and with SSE
[    0.758731] pcieport 0000:00:15.0: Signaling PME with IRQ 24
[    0.758873] pcieport 0000:00:15.1: Signaling PME with IRQ 25
[    0.759012] pcieport 0000:00:15.2: Signaling PME with IRQ 26
[    0.759152] pcieport 0000:00:15.3: Signaling PME with IRQ 27
[    0.759291] pcieport 0000:00:15.4: Signaling PME with IRQ 28
[    0.759430] pcieport 0000:00:15.5: Signaling PME with IRQ 29
[    0.759574] pcieport 0000:00:15.6: Signaling PME with IRQ 30
[    0.759714] pcieport 0000:00:15.7: Signaling PME with IRQ 31
[    0.759854] pcieport 0000:00:16.0: Signaling PME with IRQ 32
[    0.759991] pcieport 0000:00:16.1: Signaling PME with IRQ 33
[    0.760131] pcieport 0000:00:16.2: Signaling PME with IRQ 34
[    0.760269] pcieport 0000:00:16.3: Signaling PME with IRQ 35
[    0.760408] pcieport 0000:00:16.4: Signaling PME with IRQ 36
[    0.760553] pcieport 0000:00:16.5: Signaling PME with IRQ 37
[    0.760692] pcieport 0000:00:16.6: Signaling PME with IRQ 38
[    0.760830] pcieport 0000:00:16.7: Signaling PME with IRQ 39
[    0.760969] pcieport 0000:00:17.0: Signaling PME with IRQ 40
[    0.761107] pcieport 0000:00:17.1: Signaling PME with IRQ 41
[    0.761245] pcieport 0000:00:17.2: Signaling PME with IRQ 42
[    0.761383] pcieport 0000:00:17.3: Signaling PME with IRQ 43
[    0.761526] pcieport 0000:00:17.4: Signaling PME with IRQ 44
[    0.761664] pcieport 0000:00:17.5: Signaling PME with IRQ 45
[    0.761802] pcieport 0000:00:17.6: Signaling PME with IRQ 46
[    0.761941] pcieport 0000:00:17.7: Signaling PME with IRQ 47
[    0.762079] pcieport 0000:00:18.0: Signaling PME with IRQ 48
[    0.762216] pcieport 0000:00:18.1: Signaling PME with IRQ 49
[    0.762354] pcieport 0000:00:18.2: Signaling PME with IRQ 50
[    0.762496] pcieport 0000:00:18.3: Signaling PME with IRQ 51
[    0.762633] pcieport 0000:00:18.4: Signaling PME with IRQ 52
[    0.762789] pcieport 0000:00:18.5: Signaling PME with IRQ 53
[    0.762928] pcieport 0000:00:18.6: Signaling PME with IRQ 54
[    0.763103] pcieport 0000:00:18.7: Signaling PME with IRQ 55
[    0.763153] pciehp 0000:00:15.0:pcie004: Slot #160 AttnBtn+ PwrCtrl+ MRL- AttnInd- PwrInd- HotPlug+ Surprise- Interlock- NoCompl+ LLActRep+
[    0.763331] pciehp 0000:00:15.1:pcie004: Slot #161 AttnBtn+ PwrCtrl+ MRL- AttnInd- PwrInd- HotPlug+ Surprise- Interlock- NoCompl+ LLActRep+
[    0.763447] pciehp 0000:00:15.2:pcie004: Slot #162 AttnBtn+ PwrCtrl+ MRL- AttnInd- PwrInd- HotPlug+ Surprise- Interlock- NoCompl+ LLActRep+
[    0.763557] pciehp 0000:00:15.3:pcie004: Slot #163 AttnBtn+ PwrCtrl+ MRL- AttnInd- PwrInd- HotPlug+ Surprise- Interlock- NoCompl+ LLActRep+
[    0.763663] pciehp 0000:00:15.4:pcie004: Slot #164 AttnBtn+ PwrCtrl+ MRL- AttnInd- PwrInd- HotPlug+ Surprise- Interlock- NoCompl+ LLActRep+
[    0.763763] pciehp 0000:00:15.5:pcie004: Slot #165 AttnBtn+ PwrCtrl+ MRL- AttnInd- PwrInd- HotPlug+ Surprise- Interlock- NoCompl+ LLActRep+
[    0.763866] pciehp 0000:00:15.6:pcie004: Slot #166 AttnBtn+ PwrCtrl+ MRL- AttnInd- PwrInd- HotPlug+ Surprise- Interlock- NoCompl+ LLActRep+
[    0.763966] pciehp 0000:00:15.7:pcie004: Slot #167 AttnBtn+ PwrCtrl+ MRL- AttnInd- PwrInd- HotPlug+ Surprise- Interlock- NoCompl+ LLActRep+
[    0.764067] pciehp 0000:00:16.0:pcie004: Slot #192 AttnBtn+ PwrCtrl+ MRL- AttnInd- PwrInd- HotPlug+ Surprise- Interlock- NoCompl+ LLActRep+
[    0.764167] pciehp 0000:00:16.1:pcie004: Slot #193 AttnBtn+ PwrCtrl+ MRL- AttnInd- PwrInd- HotPlug+ Surprise- Interlock- NoCompl+ LLActRep+
[    0.764270] pciehp 0000:00:16.2:pcie004: Slot #194 AttnBtn+ PwrCtrl+ MRL- AttnInd- PwrInd- HotPlug+ Surprise- Interlock- NoCompl+ LLActRep+
[    0.764371] pciehp 0000:00:16.3:pcie004: Slot #195 AttnBtn+ PwrCtrl+ MRL- AttnInd- PwrInd- HotPlug+ Surprise- Interlock- NoCompl+ LLActRep+
[    0.764484] pciehp 0000:00:16.4:pcie004: Slot #196 AttnBtn+ PwrCtrl+ MRL- AttnInd- PwrInd- HotPlug+ Surprise- Interlock- NoCompl+ LLActRep+
[    0.764583] pciehp 0000:00:16.5:pcie004: Slot #197 AttnBtn+ PwrCtrl+ MRL- AttnInd- PwrInd- HotPlug+ Surprise- Interlock- NoCompl+ LLActRep+
[    0.764686] pciehp 0000:00:16.6:pcie004: Slot #198 AttnBtn+ PwrCtrl+ MRL- AttnInd- PwrInd- HotPlug+ Surprise- Interlock- NoCompl+ LLActRep+
[    0.764788] pciehp 0000:00:16.7:pcie004: Slot #199 AttnBtn+ PwrCtrl+ MRL- AttnInd- PwrInd- HotPlug+ Surprise- Interlock- NoCompl+ LLActRep+
[    0.764890] pciehp 0000:00:17.0:pcie004: Slot #224 AttnBtn+ PwrCtrl+ MRL- AttnInd- PwrInd- HotPlug+ Surprise- Interlock- NoCompl+ LLActRep+
[    0.764990] pciehp 0000:00:17.1:pcie004: Slot #225 AttnBtn+ PwrCtrl+ MRL- AttnInd- PwrInd- HotPlug+ Surprise- Interlock- NoCompl+ LLActRep+
[    0.765092] pciehp 0000:00:17.2:pcie004: Slot #226 AttnBtn+ PwrCtrl+ MRL- AttnInd- PwrInd- HotPlug+ Surprise- Interlock- NoCompl+ LLActRep+
[    0.765191] pciehp 0000:00:17.3:pcie004: Slot #227 AttnBtn+ PwrCtrl+ MRL- AttnInd- PwrInd- HotPlug+ Surprise- Interlock- NoCompl+ LLActRep+
[    0.765293] pciehp 0000:00:17.4:pcie004: Slot #228 AttnBtn+ PwrCtrl+ MRL- AttnInd- PwrInd- HotPlug+ Surprise- Interlock- NoCompl+ LLActRep+
[    0.765393] pciehp 0000:00:17.5:pcie004: Slot #229 AttnBtn+ PwrCtrl+ MRL- AttnInd- PwrInd- HotPlug+ Surprise- Interlock- NoCompl+ LLActRep+
[    0.765507] pciehp 0000:00:17.6:pcie004: Slot #230 AttnBtn+ PwrCtrl+ MRL- AttnInd- PwrInd- HotPlug+ Surprise- Interlock- NoCompl+ LLActRep+
[    0.765606] pciehp 0000:00:17.7:pcie004: Slot #231 AttnBtn+ PwrCtrl+ MRL- AttnInd- PwrInd- HotPlug+ Surprise- Interlock- NoCompl+ LLActRep+
[    0.765707] pciehp 0000:00:18.0:pcie004: Slot #256 AttnBtn+ PwrCtrl+ MRL- AttnInd- PwrInd- HotPlug+ Surprise- Interlock- NoCompl+ LLActRep+
[    0.765806] pciehp 0000:00:18.1:pcie004: Slot #257 AttnBtn+ PwrCtrl+ MRL- AttnInd- PwrInd- HotPlug+ Surprise- Interlock- NoCompl+ LLActRep+
[    0.765907] pciehp 0000:00:18.2:pcie004: Slot #258 AttnBtn+ PwrCtrl+ MRL- AttnInd- PwrInd- HotPlug+ Surprise- Interlock- NoCompl+ LLActRep+
[    0.766006] pciehp 0000:00:18.3:pcie004: Slot #259 AttnBtn+ PwrCtrl+ MRL- AttnInd- PwrInd- HotPlug+ Surprise- Interlock- NoCompl+ LLActRep+
[    0.766108] pciehp 0000:00:18.4:pcie004: Slot #260 AttnBtn+ PwrCtrl+ MRL- AttnInd- PwrInd- HotPlug+ Surprise- Interlock- NoCompl+ LLActRep+
[    0.766208] pciehp 0000:00:18.5:pcie004: Slot #261 AttnBtn+ PwrCtrl+ MRL- AttnInd- PwrInd- HotPlug+ Surprise- Interlock- NoCompl+ LLActRep+
[    0.766309] pciehp 0000:00:18.6:pcie004: Slot #262 AttnBtn+ PwrCtrl+ MRL- AttnInd- PwrInd- HotPlug+ Surprise- Interlock- NoCompl+ LLActRep+
[    0.766991] pciehp 0000:00:18.7:pcie004: Slot #263 AttnBtn+ PwrCtrl+ MRL- AttnInd- PwrInd- HotPlug+ Surprise- Interlock- NoCompl+ LLActRep+
[    0.767115] intel_idle: Please enable MWAIT in BIOS SETUP
[    0.767377] ACPI: AC Adapter [ACAD] (on-line)
[    0.767482] input: Power Button as /devices/LNXSYSTM:00/LNXPWRBN:00/input/input0
[    0.767496] ACPI: Power Button [PWRF]
[    0.767947] Serial: 8250/16550 driver, 4 ports, IRQ sharing enabled
[    0.768511] Non-volatile memory driver v1.3
[    0.768538] Linux agpgart interface v0.103
[    0.768700] agpgart-intel 0000:00:00.0: Intel 440BX Chipset
[    0.769414] agpgart-intel 0000:00:00.0: AGP aperture is 256M @ 0x0
[    0.769673] rdac: device handler registered
[    0.769716] hp_sw: device handler registered
[    0.769718] emc: device handler registered
[    0.769750] alua: device handler registered
[    0.769785] libphy: Fixed MDIO Bus: probed
[    0.769850] ehci_hcd: USB 2.0 'Enhanced' Host Controller (EHCI) Driver
[    0.769852] ehci-pci: EHCI PCI platform driver
[    0.770216] ehci-pci 0000:02:02.0: EHCI Host Controller
[    0.770256] ehci-pci 0000:02:02.0: new USB bus registered, assigned bus number 1
[    0.770420] ehci-pci 0000:02:02.0: cache line size of 64 is not supported
[    0.770444] ehci-pci 0000:02:02.0: irq 16, io mem 0xfd5ef000
[    0.777483] ehci-pci 0000:02:02.0: USB 2.0 started, EHCI 1.00
[    0.777544] usb usb1: New USB device found, idVendor=1d6b, idProduct=0002, bcdDevice= 4.19
[    0.777546] usb usb1: New USB device strings: Mfr=3, Product=2, SerialNumber=1
[    0.777547] usb usb1: Product: EHCI Host Controller
[    0.777548] usb usb1: Manufacturer: Linux 4.19.0-rc2+ ehci_hcd
[    0.777549] usb usb1: SerialNumber: 0000:02:02.0
[    0.777656] hub 1-0:1.0: USB hub found
[    0.777660] hub 1-0:1.0: 6 ports detected
[    0.777849] ohci_hcd: USB 1.1 'Open' Host Controller (OHCI) Driver
[    0.777852] ohci-pci: OHCI PCI platform driver
[    0.777867] uhci_hcd: USB Universal Host Controller Interface driver
[    0.778194] uhci_hcd 0000:02:00.0: UHCI Host Controller
[    0.778236] uhci_hcd 0000:02:00.0: new USB bus registered, assigned bus number 2
[    0.778278] uhci_hcd 0000:02:00.0: detected 2 ports
[    0.778633] uhci_hcd 0000:02:00.0: irq 18, io base 0x00002040
[    0.778736] usb usb2: New USB device found, idVendor=1d6b, idProduct=0001, bcdDevice= 4.19
[    0.778738] usb usb2: New USB device strings: Mfr=3, Product=2, SerialNumber=1
[    0.778739] usb usb2: Product: UHCI Host Controller
[    0.778741] usb usb2: Manufacturer: Linux 4.19.0-rc2+ uhci_hcd
[    0.778742] usb usb2: SerialNumber: 0000:02:00.0
[    0.778830] hub 2-0:1.0: USB hub found
[    0.778834] hub 2-0:1.0: 2 ports detected
[    0.779026] usbcore: registered new interface driver usbserial_generic
[    0.779030] usbserial: USB Serial support registered for generic
[    0.779055] i8042: PNP: PS/2 Controller [PNP0303:KBC,PNP0f13:MOUS] at 0x60,0x64 irq 1,12
[    0.779730] serio: i8042 KBD port at 0x60,0x64 irq 1
[    0.779734] serio: i8042 AUX port at 0x60,0x64 irq 12
[    0.779813] mousedev: PS/2 mouse device common for all mice
[    0.780326] rtc_cmos 00:01: registered as rtc0
[    0.780340] rtc_cmos 00:01: alarms up to one month, y3k, 114 bytes nvram, hpet irqs
[    0.781143] hidraw: raw HID events driver (C) Jiri Kosina
[    0.781225] usbcore: registered new interface driver usbhid
[    0.781225] usbhid: USB HID core driver
[    0.781369] drop_monitor: Initializing network drop monitor service
[    0.781446] Initializing XFRM netlink socket
[    0.781556] NET: Registered protocol family 10
[    0.781736] Segment Routing with IPv6
[    0.781751] NET: Registered protocol family 17
[    0.781753] mpls_gso: MPLS GSO support
[    0.781911] sched_clock: Marking stable (776743058, 5101433)->(803743135, -21898644)
[    0.782092] input: AT Translated Set 2 keyboard as /devices/platform/i8042/serio0/input/input1
[    0.782599] input: VirtualPS/2 VMware VMMouse as /devices/platform/i8042/serio1/input/input4
[    0.782820] input: VirtualPS/2 VMware VMMouse as /devices/platform/i8042/serio1/input/input3
[    0.782986] registered taskstats version 1
[    0.782995] Loading compiled-in X.509 certificates
[    0.817799] Loaded X.509 cert 'Build time autogenerated kernel key: 9fa85be670a27cb276324c5261003f3f4855e2ac'
[    0.817825] zswap: loaded using pool lzo/zbud
[    0.819962] Key type big_key registered
[    0.821536] Key type trusted registered
[    0.823106] Key type encrypted registered
[    0.823111] ima: No TPM chip found, activating TPM-bypass!
[    0.823116] ima: Allocated hash algorithm: sha1
[    0.823132] evm: Initialising EVM extended attributes:
[    0.823133] evm: security.selinux
[    0.823134] evm: security.ima
[    0.823134] evm: security.capability
[    0.823135] evm: HMAC attrs: 0x1
[    0.824071]   Magic number: 2:726:0
[    0.824355] rtc_cmos 00:01: setting system clock to 2018-09-10 00:02:58 UTC (1536537778)
[    0.826779] Freeing unused kernel image memory: 2328K
[    0.830466] Write protecting the kernel read-only data: 16384k
[    0.831129] Freeing unused kernel image memory: 2012K
[    0.831301] Freeing unused kernel image memory: 500K
[    0.831332] rodata_test: all tests were successful
[    0.831335] Run /init as init process
[    0.833575] random: systemd: uninitialized urandom read (16 bytes read)
[    0.834316] random: systemd: uninitialized urandom read (16 bytes read)
[    0.836847] systemd[1]: systemd 219 running in system mode. (+PAM +AUDIT +SELINUX +IMA -APPARMOR +SMACK +SYSVINIT +UTMP +LIBCRYPTSETUP +GCRYPT +GNUTLS +ACL +XZ +LZ4 -SECCOMP +BLKID +ELFUTILS +KMOD +IDN)
[    0.836864] systemd[1]: Detected virtualization vmware.
[    0.836867] systemd[1]: Detected architecture x86-64.
[    0.836869] systemd[1]: Running in initial RAM disk.
[    0.836899] systemd[1]: Set hostname to <localhost.localdomain>.
[    0.859006] random: systemd: uninitialized urandom read (16 bytes read)
[    0.863335] systemd[1]: Created slice Root Slice.
[    0.863344] systemd[1]: Starting Root Slice.
[    0.863353] systemd[1]: Reached target Local File Systems.
[    0.863359] systemd[1]: Starting Local File Systems.
[    0.863413] systemd[1]: Listening on Journal Socket.
[    1.054812] libata version 3.00 loaded.
[    1.057866] Fusion MPT base driver 3.04.20
[    1.057867] Copyright (c) 1999-2008 LSI Corporation
[    1.059274] e1000: Intel(R) PRO/1000 Network Driver - version 7.3.21-k8-NAPI
[    1.059275] e1000: Copyright (c) 1999-2006 Intel Corporation.
[    1.065236] ata_piix 0000:00:07.1: version 2.13
[    1.070753] Fusion MPT SPI Host driver 3.04.20
[    1.072235] mptbase: ioc0: Initiating bringup
[    1.074414] scsi host0: ata_piix
[    1.087432] scsi host1: ata_piix
[    1.088082] ata1: PATA max UDMA/33 cmd 0x1f0 ctl 0x3f6 bmdma 0x1060 irq 14
[    1.088083] ata2: PATA max UDMA/33 cmd 0x170 ctl 0x376 bmdma 0x1068 irq 15
[    1.100463] usb 2-1: new full-speed USB device number 2 using uhci_hcd
[    1.104669] ioc0: LSI53C1030 B0: Capabilities={Initiator}
[    1.117286] [drm] DMA map mode: Using physical TTM page addresses.
[    1.117432] [drm] Capabilities:
[    1.117432] [drm]   Rect copy.
[    1.117433] [drm]   Cursor.
[    1.117433] [drm]   Cursor bypass.
[    1.117433] [drm]   Cursor bypass 2.
[    1.117434] [drm]   8bit emulation.
[    1.117434] [drm]   Alpha cursor.
[    1.117434] [drm]   Extended Fifo.
[    1.117435] [drm]   Multimon.
[    1.117435] [drm]   Pitchlock.
[    1.117435] [drm]   Irq mask.
[    1.117436] [drm]   Display Topology.
[    1.117436] [drm]   GMR.
[    1.117436] [drm]   Traces.
[    1.117437] [drm]   GMR2.
[    1.117437] [drm]   Screen Object 2.
[    1.117437] [drm]   Command Buffers.
[    1.117438] [drm]   Command Buffers 2.
[    1.117438] [drm]   Guest Backed Resources.
[    1.117438] [drm]   DX Features.
[    1.117439] [drm]   HP Command Queue.
[    1.117439] [drm] Max GMR ids is 64
[    1.117440] [drm] Max number of GMR pages is 65536
[    1.117440] [drm] Max dedicated hypervisor surface memory is 0 kiB
[    1.117441] [drm] Maximum display memory size is 9024 kiB
[    1.117442] [drm] VRAM at 0xe8000000 size is 4096 kiB
[    1.117442] [drm] MMIO at 0xfe000000 size is 256 kiB
[    1.117869] [drm] global init.
[    1.117955] [TTM] Zone  kernel: Available graphics memory: 2019438 kiB
[    1.117956] [TTM] Initializing pool allocator
[    1.117959] [TTM] Initializing DMA pool allocator
[    1.118085] [drm] Supports vblank timestamp caching Rev 2 (21.10.2013).
[    1.118085] [drm] No driver support for vblank timestamp query.
[    1.118304] [drm] Screen Target Display device initialized
[    1.118344] [drm] width 800
[    1.118350] [drm] height 480
[    1.118357] [drm] bpp 32
[    1.122958] [drm] Fifo max 0x00040000 min 0x00001000 cap 0x0000077f
[    1.124349] [drm] Using command buffers with DMA pool.
[    1.124354] [drm] DX: no.
[    1.124354] [drm] Atomic: yes.
[    1.124355] [drm] SM4_1: no.
[    1.129738] fbcon: svgadrmfb (fb0) is primary device
[    1.132185] Console: switching to colour frame buffer device 100x37
[    1.146192] [drm] Initialized vmwgfx 2.15.0 20180704 for 0000:00:0f.0 on minor 0
[    1.181576] scsi host2: ioc0: LSI53C1030 B0, FwRev=01032920h, Ports=1, MaxQ=128, IRQ=17
[    1.226627] scsi 2:0:0:0: Direct-Access     VMware   Virtual disk     2.0  PQ: 0 ANSI: 6
[    1.255752] ata2.00: ATAPI: VMware Virtual IDE CDROM Drive, 00000001, max UDMA/33
[    1.258465] scsi target2:0:0: Beginning Domain Validation
[    1.258939] scsi target2:0:0: Domain Validation skipping write tests
[    1.258940] scsi target2:0:0: Ending Domain Validation
[    1.258966] scsi target2:0:0: FAST-80 WIDE SCSI 160.0 MB/s DT (12.5 ns, offset 127)
[    1.261544] scsi: waiting for bus probes to complete ...
[    1.262969] scsi 1:0:0:0: CD-ROM            NECVMWar VMware IDE CDR10 1.00 PQ: 0 ANSI: 5
[    1.267399] usb 2-1: New USB device found, idVendor=0e0f, idProduct=0003, bcdDevice= 1.03
[    1.267401] usb 2-1: New USB device strings: Mfr=1, Product=2, SerialNumber=0
[    1.267403] usb 2-1: Product: VMware Virtual USB Mouse
[    1.267404] usb 2-1: Manufacturer: VMware
[    1.273172] sd 2:0:0:0: [sda] 41943040 512-byte logical blocks: (21.5 GB/20.0 GiB)
[    1.273192] sd 2:0:0:0: [sda] Write Protect is off
[    1.273194] sd 2:0:0:0: [sda] Mode Sense: 61 00 00 00
[    1.273242] sd 2:0:0:0: [sda] Cache data unavailable
[    1.273244] sd 2:0:0:0: [sda] Assuming drive cache: write through
[    1.280213] sr 1:0:0:0: [sr0] scsi3-mmc drive: 1x/1x writer dvd-ram cd/rw xa/form2 cdda tray
[    1.280215] cdrom: Uniform CD-ROM driver Revision: 3.20
[    1.280950] sr 1:0:0:0: Attached scsi CD-ROM sr0
[    1.281879]  sda: sda1 sda2 sda3 sda4 < sda5 >
[    1.282272] sd 2:0:0:0: [sda] Attached SCSI disk
[    1.282988] input: VMware VMware Virtual USB Mouse as /devices/pci0000:00/0000:00:11.0/0000:02:00.0/usb2/2-1/2-1:1.0/0003:0E0F:0003.0001/input/input5
[    1.283061] hid-generic 0003:0E0F:0003.0001: input,hidraw0: USB HID v1.10 Mouse [VMware VMware Virtual USB Mouse] on usb-0000:02:00.0-1/input0
[    1.308774] random: fast init done
[    1.396469] usb 2-2: new full-speed USB device number 3 using uhci_hcd
[    1.453288] e1000 0000:02:01.0 eth0: (PCI:66MHz:32-bit) 00:50:56:b9:2f:4b
[    1.453296] e1000 0000:02:01.0 eth0: Intel(R) PRO/1000 Network Connection
[    1.455326] e1000 0000:02:01.0 ens33: renamed from eth0
[    1.549206] usb 2-2: New USB device found, idVendor=0e0f, idProduct=0002, bcdDevice= 1.00
[    1.549209] usb 2-2: New USB device strings: Mfr=0, Product=1, SerialNumber=0
[    1.549211] usb 2-2: Product: VMware Virtual USB Hub
[    1.562388] hub 2-2:1.0: USB hub found
[    1.565612] hub 2-2:1.0: 7 ports detected
[    1.698534] SGI XFS with ACLs, security attributes, no debug enabled
[    1.700338] XFS (sda1): Mounting V5 Filesystem
[    1.714502] tsc: Refined TSC clocksource calibration: 2194.847 MHz
[    1.714510] clocksource: tsc: mask: 0xffffffffffffffff max_cycles: 0x1fa32f0c9a3, max_idle_ns: 440795226642 ns
[    1.714525] clocksource: Switched to clocksource tsc
[    1.811156] XFS (sda1): Ending clean mount
[    2.057484] systemd-journald[176]: Received SIGTERM from PID 1 (systemd).
[    2.185031] systemd: 25 output lines suppressed due to ratelimiting
[    2.205182] random: crng init done
[    2.205184] random: 7 urandom warning(s) missed due to ratelimiting
[    2.287571] audit: type=1404 audit(1536537779.962:2): enforcing=1 old_enforcing=0 auid=4294967295 ses=4294967295 enabled=1 old-enabled=1 lsm=selinux res=1
[    2.373009] SELinux:  Permission getrlimit in class process not defined in policy.
[    2.373026] SELinux:  Permission map in class file not defined in policy.
[    2.373031] SELinux:  Permission map in class dir not defined in policy.
[    2.373036] SELinux:  Permission map in class lnk_file not defined in policy.
[    2.373039] SELinux:  Permission map in class chr_file not defined in policy.
[    2.373042] SELinux:  Permission map in class blk_file not defined in policy.
[    2.373045] SELinux:  Permission map in class sock_file not defined in policy.
[    2.373048] SELinux:  Permission map in class fifo_file not defined in policy.
[    2.373052] SELinux:  Permission map in class socket not defined in policy.
[    2.373055] SELinux:  Permission map in class tcp_socket not defined in policy.
[    2.373059] SELinux:  Permission map in class udp_socket not defined in policy.
[    2.373062] SELinux:  Permission map in class rawip_socket not defined in policy.
[    2.373169] SELinux:  Permission map in class netlink_socket not defined in policy.
[    2.373172] SELinux:  Permission map in class packet_socket not defined in policy.
[    2.373175] SELinux:  Permission map in class key_socket not defined in policy.
[    2.373179] SELinux:  Permission map in class unix_stream_socket not defined in policy.
[    2.373183] SELinux:  Permission map in class unix_dgram_socket not defined in policy.
[    2.373194] SELinux:  Permission map in class netlink_route_socket not defined in policy.
[    2.373198] SELinux:  Permission map in class netlink_tcpdiag_socket not defined in policy.
[    2.373202] SELinux:  Permission map in class netlink_nflog_socket not defined in policy.
[    2.373205] SELinux:  Permission map in class netlink_xfrm_socket not defined in policy.
[    2.373209] SELinux:  Permission map in class netlink_selinux_socket not defined in policy.
[    2.373212] SELinux:  Permission map in class netlink_iscsi_socket not defined in policy.
[    2.373215] SELinux:  Permission map in class netlink_audit_socket not defined in policy.
[    2.373220] SELinux:  Permission map in class netlink_fib_lookup_socket not defined in policy.
[    2.373223] SELinux:  Permission map in class netlink_connector_socket not defined in policy.
[    2.373226] SELinux:  Permission map in class netlink_netfilter_socket not defined in policy.
[    2.373230] SELinux:  Permission map in class netlink_dnrt_socket not defined in policy.
[    2.373234] SELinux:  Permission map in class netlink_kobject_uevent_socket not defined in policy.
[    2.373238] SELinux:  Permission map in class netlink_generic_socket not defined in policy.
[    2.373242] SELinux:  Permission map in class netlink_scsitransport_socket not defined in policy.
[    2.373245] SELinux:  Permission map in class netlink_rdma_socket not defined in policy.
[    2.373249] SELinux:  Permission map in class netlink_crypto_socket not defined in policy.
[    2.373252] SELinux:  Permission map in class appletalk_socket not defined in policy.
[    2.373258] SELinux:  Permission map in class dccp_socket not defined in policy.
[    2.373267] SELinux:  Permission map in class tun_socket not defined in policy.
[    2.373277] SELinux:  Class sctp_socket not defined in policy.
[    2.373278] SELinux:  Class icmp_socket not defined in policy.
[    2.373279] SELinux:  Class ax25_socket not defined in policy.
[    2.373280] SELinux:  Class ipx_socket not defined in policy.
[    2.373281] SELinux:  Class netrom_socket not defined in policy.
[    2.373282] SELinux:  Class atmpvc_socket not defined in policy.
[    2.373282] SELinux:  Class x25_socket not defined in policy.
[    2.373283] SELinux:  Class rose_socket not defined in policy.
[    2.373284] SELinux:  Class decnet_socket not defined in policy.
[    2.373285] SELinux:  Class atmsvc_socket not defined in policy.
[    2.373285] SELinux:  Class rds_socket not defined in policy.
[    2.373286] SELinux:  Class irda_socket not defined in policy.
[    2.373287] SELinux:  Class pppox_socket not defined in policy.
[    2.373288] SELinux:  Class llc_socket not defined in policy.
[    2.373288] SELinux:  Class can_socket not defined in policy.
[    2.373289] SELinux:  Class tipc_socket not defined in policy.
[    2.373290] SELinux:  Class bluetooth_socket not defined in policy.
[    2.373291] SELinux:  Class iucv_socket not defined in policy.
[    2.373291] SELinux:  Class rxrpc_socket not defined in policy.
[    2.373292] SELinux:  Class isdn_socket not defined in policy.
[    2.373293] SELinux:  Class phonet_socket not defined in policy.
[    2.373294] SELinux:  Class ieee802154_socket not defined in policy.
[    2.373294] SELinux:  Class caif_socket not defined in policy.
[    2.373295] SELinux:  Class alg_socket not defined in policy.
[    2.373296] SELinux:  Class nfc_socket not defined in policy.
[    2.373297] SELinux:  Class vsock_socket not defined in policy.
[    2.373297] SELinux:  Class kcm_socket not defined in policy.
[    2.373298] SELinux:  Class qipcrtr_socket not defined in policy.
[    2.373299] SELinux:  Class smc_socket not defined in policy.
[    2.373301] SELinux:  Class bpf not defined in policy.
[    2.373302] SELinux:  Class xdp_socket not defined in policy.
[    2.373303] SELinux: the above unknown classes and permissions will be allowed
[    2.373311] SELinux:  policy capability network_peer_controls=1
[    2.373311] SELinux:  policy capability open_perms=1
[    2.373312] SELinux:  policy capability extended_socket_class=0
[    2.373313] SELinux:  policy capability always_check_network=0
[    2.373313] SELinux:  policy capability cgroup_seclabel=1
[    2.373314] SELinux:  policy capability nnp_nosuid_transition=1
[    2.389109] audit: type=1403 audit(1536537780.063:3): auid=4294967295 ses=4294967295 lsm=selinux res=1
[    2.394156] systemd[1]: Successfully loaded SELinux policy in 107.013ms.
[    2.449504] systemd[1]: Inserted module 'ip_tables'
[    2.461009] systemd[1]: Relabelled /dev and /run in 10.131ms.
[    2.851871] vmw_vmci 0000:00:07.7: Found VMCI PCI device at 0x11080, irq 16
[    2.851936] vmw_vmci 0000:00:07.7: Using capabilities 0xc
[    2.862413] Guest personality initialized and is active
[    2.864000] VMCI host device registered (name=vmci, major=10, minor=58)
[    2.864000] Initialized host personality
[    2.875596] piix4_smbus 0000:00:07.3: SMBus Host Controller not enabled!
[    2.939630] sd 2:0:0:0: Attached scsi generic sg0 type 0
[    2.940593] sr 1:0:0:0: Attached scsi generic sg1 type 5
[    2.958471] input: PC Speaker as /devices/platform/pcspkr/input/input6
[    3.000387] cryptd: max_cpu_qlen set to 1000
[    3.008387] AVX version of gcm_enc/dec engaged.
[    3.008389] AES CTR mode by8 optimization enabled
[    3.042719] Adding 1952764k swap on /dev/sda2.  Priority:-2 extents:1 across:1952764k FS
[    3.047672] XFS (sda5): Mounting V5 Filesystem
[    3.049826] XFS (sda3): Mounting V5 Filesystem
[    3.091323] XFS (sda5): Ending clean mount
[    3.109522] alg: No test for pcbc(aes) (pcbc-aes-aesni)
[    5.177221] XFS (sda3): Ending clean mount
[    5.196897] systemd-journald[443]: Received request to flush runtime journal from PID 1
[    5.506989] NET: Registered protocol family 40
[    6.313741] IPv6: ADDRCONF(NETDEV_UP): ens33: link is not ready
[    6.319140] e1000: ens33 NIC Link is Up 1000 Mbps Full Duplex, Flow Control: None
[    6.321382] IPv6: ADDRCONF(NETDEV_UP): ens33: link is not ready
[    6.321554] IPv6: ADDRCONF(NETDEV_CHANGE): ens33: link becomes ready
[    6.335736] bridge: filtering via arp/ip/ip6tables is no longer available by default. Update your scripts to load br_netfilter if you need this.
[   69.811840] a.out[1303]: segfault at 54adf070 ip 00007f013d35aaf1 sp 00007ffd54adf038 error 4 in libc-2.17.so[7f013d2ce000+1c3000]
[   69.811848] Code: b8 00 00 00 04 00 00 00 74 07 48 8d 05 a8 f2 0d 00 c3 0f 1f 80 00 00 00 00 48 31 c0 89 f9 83 e1 3f 66 0f ef c0 83 f9 30 77 19 <f3> 0f 6f 0f 66 0f 74 c1 66 0f d7 d0 85 d2 75 7a 48 89 f8 48 83 e0
[55590.011262] a.out[2584]: segfault at 0 ip 00007fde4e757773 sp 00007ffc7008ba58 error 6 in libc-2.17.so[7fde4e6bd000+1c3000]
[55590.011271] Code: 1f 84 00 00 00 00 00 88 37 c3 0f 1f 00 66 2e 0f 1f 84 00 00 00 00 00 66 8b 16 66 89 17 c3 66 0f 1f 84 00 00 00 00 00 66 8b 0e <66> 89 0f 88 77 02 c3 66 0f 1f 44 00 00 8b 16 89 17 c3 90 66 2e 0f
[55760.830296] a.out[2605]: segfault at 0 ip 00007fdf659cd773 sp 00007ffc0f4d6bd8 error 6 in libc-2.17.so[7fdf65933000+1c3000]
[55760.830313] Code: 1f 84 00 00 00 00 00 88 37 c3 0f 1f 00 66 2e 0f 1f 84 00 00 00 00 00 66 8b 16 66 89 17 c3 66 0f 1f 84 00 00 00 00 00 66 8b 0e <66> 89 0f 88 77 02 c3 66 0f 1f 44 00 00 8b 16 89 17 c3 90 66 2e 0f
[56042.293856] a.out[2628]: segfault at 0 ip 00007f04c6ac6773 sp 00007ffc1a39c2e8 error 6 in libc-2.17.so[7f04c6a2c000+1c3000]
[56042.293865] Code: 1f 84 00 00 00 00 00 88 37 c3 0f 1f 00 66 2e 0f 1f 84 00 00 00 00 00 66 8b 16 66 89 17 c3 66 0f 1f 84 00 00 00 00 00 66 8b 0e <66> 89 0f 88 77 02 c3 66 0f 1f 44 00 00 8b 16 89 17 c3 90 66 2e 0f
[56131.259374] a.out[2649]: segfault at 0 ip 00007fb08eb9d773 sp 00007fff47b10758 error 6 in libc-2.17.so[7fb08eb03000+1c3000]
[56131.259383] Code: 1f 84 00 00 00 00 00 88 37 c3 0f 1f 00 66 2e 0f 1f 84 00 00 00 00 00 66 8b 16 66 89 17 c3 66 0f 1f 84 00 00 00 00 00 66 8b 0e <66> 89 0f 88 77 02 c3 66 0f 1f 44 00 00 8b 16 89 17 c3 90 66 2e 0f
[56180.530226] a.out[2655]: segfault at 0 ip 00007fd459886773 sp 00007ffd1713e878 error 6 in libc-2.17.so[7fd4597ec000+1c3000]
[56180.530235] Code: 1f 84 00 00 00 00 00 88 37 c3 0f 1f 00 66 2e 0f 1f 84 00 00 00 00 00 66 8b 16 66 89 17 c3 66 0f 1f 84 00 00 00 00 00 66 8b 0e <66> 89 0f 88 77 02 c3 66 0f 1f 44 00 00 8b 16 89 17 c3 90 66 2e 0f
[56317.101972] a.out[2699]: segfault at 0 ip 00007f980f3d7773 sp 00007fff1ad61e48 error 6 in libc-2.17.so[7f980f33d000+1c3000]
[56317.101981] Code: 1f 84 00 00 00 00 00 88 37 c3 0f 1f 00 66 2e 0f 1f 84 00 00 00 00 00 66 8b 16 66 89 17 c3 66 0f 1f 84 00 00 00 00 00 66 8b 0e <66> 89 0f 88 77 02 c3 66 0f 1f 44 00 00 8b 16 89 17 c3 90 66 2e 0f
[56438.530619] a.out[2720]: segfault at 0 ip 00007f6601274773 sp 00007fff37acbe08 error 6 in libc-2.17.so[7f66011da000+1c3000]
[56438.530628] Code: 1f 84 00 00 00 00 00 88 37 c3 0f 1f 00 66 2e 0f 1f 84 00 00 00 00 00 66 8b 16 66 89 17 c3 66 0f 1f 84 00 00 00 00 00 66 8b 0e <66> 89 0f 88 77 02 c3 66 0f 1f 44 00 00 8b 16 89 17 c3 90 66 2e 0f
[56570.078981] a.out[2741]: segfault at 0 ip 00007fcd97fef773 sp 00007ffd745bd318 error 6 in libc-2.17.so[7fcd97f55000+1c3000]
[56570.078990] Code: 1f 84 00 00 00 00 00 88 37 c3 0f 1f 00 66 2e 0f 1f 84 00 00 00 00 00 66 8b 16 66 89 17 c3 66 0f 1f 84 00 00 00 00 00 66 8b 0e <66> 89 0f 88 77 02 c3 66 0f 1f 44 00 00 8b 16 89 17 c3 90 66 2e 0f
[56701.819292] a.out[2768]: segfault at 0 ip 00007f09c3d8e773 sp 00007ffed40336b8 error 6 in libc-2.17.so[7f09c3cf4000+1c3000]
[56701.819301] Code: 1f 84 00 00 00 00 00 88 37 c3 0f 1f 00 66 2e 0f 1f 84 00 00 00 00 00 66 8b 16 66 89 17 c3 66 0f 1f 84 00 00 00 00 00 66 8b 0e <66> 89 0f 88 77 02 c3 66 0f 1f 44 00 00 8b 16 89 17 c3 90 66 2e 0f
[62347.664310] a.out[3362]: segfault at 0 ip 00007f961f50c773 sp 00007fff1d7dcbc8 error 6 in libc-2.17.so[7f961f472000+1c3000]
[62347.664341] Code: 1f 84 00 00 00 00 00 88 37 c3 0f 1f 00 66 2e 0f 1f 84 00 00 00 00 00 66 8b 16 66 89 17 c3 66 0f 1f 84 00 00 00 00 00 66 8b 0e <66> 89 0f 88 77 02 c3 66 0f 1f 44 00 00 8b 16 89 17 c3 90 66 2e 0f
[62433.725869] a.out[3384]: segfault at 0 ip 00007f69838c6773 sp 00007ffcf66d8738 error 6 in libc-2.17.so[7f698382c000+1c3000]
[62433.725877] Code: 1f 84 00 00 00 00 00 88 37 c3 0f 1f 00 66 2e 0f 1f 84 00 00 00 00 00 66 8b 16 66 89 17 c3 66 0f 1f 84 00 00 00 00 00 66 8b 0e <66> 89 0f 88 77 02 c3 66 0f 1f 44 00 00 8b 16 89 17 c3 90 66 2e 0f
[65331.169955] a.out[3496]: segfault at 0 ip 00007f37e358c773 sp 00007ffc42047348 error 6 in libc-2.17.so[7f37e34f2000+1c3000]
[65331.169964] Code: 1f 84 00 00 00 00 00 88 37 c3 0f 1f 00 66 2e 0f 1f 84 00 00 00 00 00 66 8b 16 66 89 17 c3 66 0f 1f 84 00 00 00 00 00 66 8b 0e <66> 89 0f 88 77 02 c3 66 0f 1f 44 00 00 8b 16 89 17 c3 90 66 2e 0f
[69588.119511] a.out[3657]: segfault at 0 ip 00007fc4d8865767 sp 00007ffebe9d9b38 error 4 in libc-2.17.so[7fc4d8727000+1c3000]
[69588.119521] Code: 00 00 00 48 83 e6 f0 48 83 e7 f0 ba ff ff 00 00 45 31 c0 83 e1 0f 83 e0 0f 66 0f ef c0 39 c1 74 32 77 07 41 89 d0 91 48 87 f7 <66> 0f 6f 17 66 0f 6f 0e 4c 8d 48 0f 49 29 c9 4c 8d 15 63 e1 04 00
[84364.467494] a.out[3877]: segfault at 0 ip 00007f019493f767 sp 00007ffc52be6198 error 4 in libc-2.17.so[7f0194801000+1c3000]
[84364.467501] Code: 00 00 00 48 83 e6 f0 48 83 e7 f0 ba ff ff 00 00 45 31 c0 83 e1 0f 83 e0 0f 66 0f ef c0 39 c1 74 32 77 07 41 89 d0 91 48 87 f7 <66> 0f 6f 17 66 0f 6f 0e 4c 8d 48 0f 49 29 c9 4c 8d 15 63 e1 04 00
[84364.467676] a.out[3879]: segfault at 0 ip 00007f019493f767 sp 00007ffc52be6198 error 4 in libc-2.17.so[7f0194801000+1c3000]
[84364.467682] Code: 00 00 00 48 83 e6 f0 48 83 e7 f0 ba ff ff 00 00 45 31 c0 83 e1 0f 83 e0 0f 66 0f ef c0 39 c1 74 32 77 07 41 89 d0 91 48 87 f7 <66> 0f 6f 17 66 0f 6f 0e 4c 8d 48 0f 49 29 c9 4c 8d 15 63 e1 04 00
[84364.468144] a.out[3882]: segfault at 0 ip 00007f019493f767 sp 00007ffc52be6198 error 4 in libc-2.17.so[7f0194801000+1c3000]
[84364.468149] Code: 00 00 00 48 83 e6 f0 48 83 e7 f0 ba ff ff 00 00 45 31 c0 83 e1 0f 83 e0 0f 66 0f ef c0 39 c1 74 32 77 07 41 89 d0 91 48 87 f7 <66> 0f 6f 17 66 0f 6f 0e 4c 8d 48 0f 49 29 c9 4c 8d 15 63 e1 04 00
[84364.468571] a.out[3884]: segfault at 0 ip 00007f019493f767 sp 00007ffc52be6198 error 4 in libc-2.17.so[7f0194801000+1c3000]
[84364.468575] Code: 00 00 00 48 83 e6 f0 48 83 e7 f0 ba ff ff 00 00 45 31 c0 83 e1 0f 83 e0 0f 66 0f ef c0 39 c1 74 32 77 07 41 89 d0 91 48 87 f7 <66> 0f 6f 17 66 0f 6f 0e 4c 8d 48 0f 49 29 c9 4c 8d 15 63 e1 04 00
[84364.468708] a.out[3891]: segfault at 0 ip 00007f019493f767 sp 00007ffc52be6198 error 4 in libc-2.17.so[7f0194801000+1c3000]
[84364.468713] Code: 00 00 00 48 83 e6 f0 48 83 e7 f0 ba ff ff 00 00 45 31 c0 83 e1 0f 83 e0 0f 66 0f ef c0 39 c1 74 32 77 07 41 89 d0 91 48 87 f7 <66> 0f 6f 17 66 0f 6f 0e 4c 8d 48 0f 49 29 c9 4c 8d 15 63 e1 04 00
[84364.469066] a.out[3890]: segfault at 0 ip 00007f019493f767 sp 00007ffc52be6198 error 4 in libc-2.17.so[7f0194801000+1c3000]
[84364.469070] Code: 00 00 00 48 83 e6 f0 48 83 e7 f0 ba ff ff 00 00 45 31 c0 83 e1 0f 83 e0 0f 66 0f ef c0 39 c1 74 32 77 07 41 89 d0 91 48 87 f7 <66> 0f 6f 17 66 0f 6f 0e 4c 8d 48 0f 49 29 c9 4c 8d 15 63 e1 04 00
[84364.469652] a.out[3886]: segfault at 0 ip 00007f019493f767 sp 00007ffc52be6198 error 4 in libc-2.17.so[7f0194801000+1c3000]
[84364.469656] Code: 00 00 00 48 83 e6 f0 48 83 e7 f0 ba ff ff 00 00 45 31 c0 83 e1 0f 83 e0 0f 66 0f ef c0 39 c1 74 32 77 07 41 89 d0 91 48 87 f7 <66> 0f 6f 17 66 0f 6f 0e 4c 8d 48 0f 49 29 c9 4c 8d 15 63 e1 04 00
[84364.469791] a.out[3901]: segfault at 0 ip 00007f019493f767 sp 00007ffc52be6198 error 4 in libc-2.17.so[7f0194801000+1c3000]
[84364.469794] Code: 00 00 00 48 83 e6 f0 48 83 e7 f0 ba ff ff 00 00 45 31 c0 83 e1 0f 83 e0 0f 66 0f ef c0 39 c1 74 32 77 07 41 89 d0 91 48 87 f7 <66> 0f 6f 17 66 0f 6f 0e 4c 8d 48 0f 49 29 c9 4c 8d 15 63 e1 04 00
[84364.470241] a.out[3880]: segfault at 0 ip 00007f019493f767 sp 00007ffc52be6198 error 4 in libc-2.17.so[7f0194801000+1c3000]
[84364.470245] Code: 00 00 00 48 83 e6 f0 48 83 e7 f0 ba ff ff 00 00 45 31 c0 83 e1 0f 83 e0 0f 66 0f ef c0 39 c1 74 32 77 07 41 89 d0 91 48 87 f7 <66> 0f 6f 17 66 0f 6f 0e 4c 8d 48 0f 49 29 c9 4c 8d 15 63 e1 04 00
[84364.470517] a.out[3899]: segfault at 0 ip 00007f019493f767 sp 00007ffc52be6198 error 4 in libc-2.17.so[7f0194801000+1c3000]
[84364.470521] Code: 00 00 00 48 83 e6 f0 48 83 e7 f0 ba ff ff 00 00 45 31 c0 83 e1 0f 83 e0 0f 66 0f ef c0 39 c1 74 32 77 07 41 89 d0 91 48 87 f7 <66> 0f 6f 17 66 0f 6f 0e 4c 8d 48 0f 49 29 c9 4c 8d 15 63 e1 04 00
[166039.728034] show_signal_msg: 118 callbacks suppressed
[166039.728037] a.out[5036]: segfault at 0 ip 00007f475070b767 sp 00007ffdcaefa7e8 error 4 in libc-2.17.so[7f47505cd000+1c3000]
[166039.728044] Code: 00 00 00 48 83 e6 f0 48 83 e7 f0 ba ff ff 00 00 45 31 c0 83 e1 0f 83 e0 0f 66 0f ef c0 39 c1 74 32 77 07 41 89 d0 91 48 87 f7 <66> 0f 6f 17 66 0f 6f 0e 4c 8d 48 0f 49 29 c9 4c 8d 15 63 e1 04 00
[166039.728164] a.out[5037]: segfault at 0 ip 00007f475070b767 sp 00007ffdcaefa7e8 error 4 in libc-2.17.so[7f47505cd000+1c3000]
[166039.728170] Code: 00 00 00 48 83 e6 f0 48 83 e7 f0 ba ff ff 00 00 45 31 c0 83 e1 0f 83 e0 0f 66 0f ef c0 39 c1 74 32 77 07 41 89 d0 91 48 87 f7 <66> 0f 6f 17 66 0f 6f 0e 4c 8d 48 0f 49 29 c9 4c 8d 15 63 e1 04 00
[166039.728809] a.out[5040]: segfault at 0 ip 00007f475070b767 sp 00007ffdcaefa7e8 error 4 in libc-2.17.so[7f47505cd000+1c3000]
[166039.728816] Code: 00 00 00 48 83 e6 f0 48 83 e7 f0 ba ff ff 00 00 45 31 c0 83 e1 0f 83 e0 0f 66 0f ef c0 39 c1 74 32 77 07 41 89 d0 91 48 87 f7 <66> 0f 6f 17 66 0f 6f 0e 4c 8d 48 0f 49 29 c9 4c 8d 15 63 e1 04 00
[166039.729529] a.out[5042]: segfault at 0 ip 00007f475070b767 sp 00007ffdcaefa7e8 error 4 in libc-2.17.so[7f47505cd000+1c3000]
[166039.729535] Code: 00 00 00 48 83 e6 f0 48 83 e7 f0 ba ff ff 00 00 45 31 c0 83 e1 0f 83 e0 0f 66 0f ef c0 39 c1 74 32 77 07 41 89 d0 91 48 87 f7 <66> 0f 6f 17 66 0f 6f 0e 4c 8d 48 0f 49 29 c9 4c 8d 15 63 e1 04 00
[166039.729544] a.out[5053]: segfault at 0 ip 00007f475070b767 sp 00007ffdcaefa7e8 error 4 in libc-2.17.so[7f47505cd000+1c3000]
[166039.729549] Code: 00 00 00 48 83 e6 f0 48 83 e7 f0 ba ff ff 00 00 45 31 c0 83 e1 0f 83 e0 0f 66 0f ef c0 39 c1 74 32 77 07 41 89 d0 91 48 87 f7 <66> 0f 6f 17 66 0f 6f 0e 4c 8d 48 0f 49 29 c9 4c 8d 15 63 e1 04 00
[166039.730573] a.out[5044]: segfault at 0 ip 00007f475070b767 sp 00007ffdcaefa7e8 error 4 in libc-2.17.so[7f47505cd000+1c3000]
[166039.730580] Code: 00 00 00 48 83 e6 f0 48 83 e7 f0 ba ff ff 00 00 45 31 c0 83 e1 0f 83 e0 0f 66 0f ef c0 39 c1 74 32 77 07 41 89 d0 91 48 87 f7 <66> 0f 6f 17 66 0f 6f 0e 4c 8d 48 0f 49 29 c9 4c 8d 15 63 e1 04 00
